[{"stream_name":"stdout","time":2.521474637,"data":"[env] python 3.12.13 (main, Mar  4 2026, 09:23:07) [GCC 11.4.0] Linux-6.12.90+-x86_64-with-glibc2.35\n"}
,{"stream_name":"stdout","time":15.114458951,"data":"[pop] N=5 R=9 K=10 configs [['pythia-14m', '14m'], ['pythia-160m', '160m'], ['pythia-31m', '31m'], ['pythia-410m', '410m'], ['pythia-70m', '70m']] margin Lambda 1.26199\n"}
,{"stream_name":"stdout","time":15.415900548,"data":"[margin 14m single_run] {\"independence\": {\"defined\": 36, \"calls\": 0, \"false_positive_rate\": 0.0}, \"corrected\": {\"defined\": 36, \"calls\": 4, \"false_positive_rate\": 0.1111111111111111}}\n"}
,{"stream_name":"stdout","time":15.417468169,"data":"[margin 14m three_run] {\"independence\": {\"defined\": 840, \"calls\": 32, \"false_positive_rate\": 0.0380952380952381}, \"corrected\": {\"defined\": 770, \"calls\": 149, \"false_positive_rate\": 0.19350649350649352}}\n"}
,{"stream_name":"stdout","time":15.417505997,"data":"[margin 14m in_sample_reference] {\"independence\": {\"defined\": 36, \"calls\": 0, \"false_positive_rate\": 0.0}, \"corrected\": {\"defined\": 36, \"calls\": 4, \"false_positive_rate\": 0.1111111111111111}}\n"}
,{"stream_name":"stdout","time":15.801785411000001,"data":"[margin 160m single_run] {\"independence\": {\"defined\": 36, \"calls\": 0, \"false_positive_rate\": 0.0}, \"corrected\": {\"defined\": 36, \"calls\": 3, \"false_positive_rate\": 0.08333333333333333}}\n"}
,{"stream_name":"stdout","time":15.803447771,"data":"[margin 160m three_run] {\"independence\": {\"defined\": 830, \"calls\": 67, \"false_positive_rate\": 0.08072289156626505}, \"corrected\": {\"defined\": 790, \"calls\": 119, \"false_positive_rate\": 0.15063291139240506}}\n"}
,{"stream_name":"stdout","time":15.803626919,"data":"[margin 160m in_sample_reference] {\"independence\": {\"defined\": 36, \"calls\": 1, \"false_positive_rate\": 0.027777777777777776}, \"corrected\": {\"defined\": 36, \"calls\": 1, \"false_positive_rate\": 0.027777777777777776}}\n"}
,{"stream_name":"stdout","time":16.189810572,"data":"[margin 31m single_run] {\"independence\": {\"defined\": 36, \"calls\": 4, \"false_positive_rate\": 0.1111111111111111}, \"corrected\": {\"defined\": 36, \"calls\": 3, \"false_positive_rate\": 0.08333333333333333}}\n"}
,{"stream_name":"stdout","time":16.191512255,"data":"[margin 31m three_run] {\"independence\": {\"defined\": 840, \"calls\": 186, \"false_positive_rate\": 0.22142857142857142}, \"corrected\": {\"defined\": 830, \"calls\": 140, \"false_positive_rate\": 0.1686746987951807}}\n"}
,{"stream_name":"stdout","time":16.191546482,"data":"[margin 31m in_sample_reference] {\"independence\": {\"defined\": 36, \"calls\": 3, \"false_positive_rate\": 0.08333333333333333}, \"corrected\": {\"defined\": 36, \"calls\": 1, \"false_positive_rate\": 0.027777777777777776}}\n"}
,{"stream_name":"stdout","time":16.577410591,"data":"[margin 410m single_run] {\"independence\": {\"defined\": 36, \"calls\": 12, \"false_positive_rate\": 0.3333333333333333}, \"corrected\": {\"defined\": 36, \"calls\": 6, \"false_positive_rate\": 0.16666666666666666}}\n"}
,{"stream_name":"stdout","time":16.579047904,"data":"[margin 410m three_run] {\"independence\": {\"defined\": 840, \"calls\": 310, \"false_positive_rate\": 0.36904761904761907}, \"corrected\": {\"defined\": 820, \"calls\": 195, \"false_positive_rate\": 0.23780487804878048}}\n"}
,{"stream_name":"stdout","time":16.579070951,"data":"[margin 410m in_sample_reference] {\"independence\": {\"defined\": 36, \"calls\": 12, \"false_positive_rate\": 0.3333333333333333}, \"corrected\": {\"defined\": 36, \"calls\": 1, \"false_positive_rate\": 0.027777777777777776}}\n"}
,{"stream_name":"stdout","time":16.960989182,"data":"[margin 70m single_run] {\"independence\": {\"defined\": 36, \"calls\": 8, \"false_positive_rate\": 0.2222222222222222}, \"corrected\": {\"defined\": 36, \"calls\": 8, \"false_positive_rate\": 0.2222222222222222}}\n"}
,{"stream_name":"stdout","time":16.962623103,"data":"[margin 70m three_run] {\"independence\": {\"defined\": 840, \"calls\": 213, \"false_positive_rate\": 0.25357142857142856}, \"corrected\": {\"defined\": 740, \"calls\": 258, \"false_positive_rate\": 0.34864864864864864}}\n"}
,{"stream_name":"stdout","time":16.962646657,"data":"[margin 70m in_sample_reference] {\"independence\": {\"defined\": 36, \"calls\": 6, \"false_positive_rate\": 0.16666666666666666}, \"corrected\": {\"defined\": 36, \"calls\": 2, \"false_positive_rate\": 0.05555555555555555}}\n"}
,{"stream_name":"stdout","time":17.052085376,"data":"[margin pooled single_run] {\"pairs\": 180, \"nominal_rate\": 0.04550026389635839, \"independence\": {\"defined\": 180, \"calls\": 24, \"false_positive_rate\": 0.13333333333333333}, \"corrected\": {\"defined\": 180, \"calls\": 24, \"false_positive_rate\": 0.13333333333333333}, \"both_defined\": 180, \"independence_calls_dropped_by_correction\": 7, \"corrected_calls_not_made_by_independence\": 7, \"rate_independence_minus_corrected_on_both_defined\": 0.0}\n"}
,{"stream_name":"stdout","time":17.056072947,"data":"[margin pooled three_run] {\"pairs\": 4200, \"nominal_rate\": 0.04550026389635839, \"independence\": {\"defined\": 4190, \"calls\": 808, \"false_positive_rate\": 0.1928400954653938}, \"corrected\": {\"defined\": 3950, \"calls\": 861, \"false_positive_rate\": 0.2179746835443038}, \"both_defined\": 3950, \"independence_calls_dropped_by_correction\": 192, \"corrected_calls_not_made_by_independence\": 347, \"rate_independence_minus_corrected_on_both_defined\": -0.039240506329113925}\n"}
,{"stream_name":"stdout","time":17.056334784,"data":"[margin pooled in_sample_reference] {\"pairs\": 180, \"nominal_rate\": 0.04550026389635839, \"independence\": {\"defined\": 180, \"calls\": 22, \"false_positive_rate\": 0.12222222222222222}, \"corrected\": {\"defined\": 180, \"calls\": 9, \"false_positive_rate\": 0.05}, \"both_defined\": 180, \"independence_calls_dropped_by_correction\": 17, \"corrected_calls_not_made_by_independence\": 4, \"rate_independence_minus_corrected_on_both_defined\": 0.07222222222222222}\n"}
,{"stream_name":"stdout","time":17.358452913,"data":"[accuracy 14m single_run] {\"independence\": {\"defined\": 36, \"calls\": 3, \"false_positive_rate\": 0.08333333333333333}, \"corrected\": {\"defined\": 36, \"calls\": 5, \"false_positive_rate\": 0.1388888888888889}}\n"}
,{"stream_name":"stdout","time":17.35992884,"data":"[accuracy 14m three_run] {\"independence\": {\"defined\": 800, \"calls\": 148, \"false_positive_rate\": 0.185}, \"corrected\": {\"defined\": 670, \"calls\": 120, \"false_positive_rate\": 0.1791044776119403}}\n"}
,{"stream_name":"stdout","time":17.360114646,"data":"[accuracy 14m in_sample_reference] {\"independence\": {\"defined\": 36, \"calls\": 4, \"false_positive_rate\": 0.1111111111111111}, \"corrected\": {\"defined\": 36, \"calls\": 4, \"false_positive_rate\": 0.1111111111111111}}\n"}
,{"stream_name":"stdout","time":17.743416931,"data":"[accuracy 160m single_run] {\"independence\": {\"defined\": 36, \"calls\": 7, \"false_positive_rate\": 0.19444444444444445}, \"corrected\": {\"defined\": 36, \"calls\": 8, \"false_positive_rate\": 0.2222222222222222}}\n"}
,{"stream_name":"stdout","time":17.74501158,"data":"[accuracy 160m three_run] {\"independence\": {\"defined\": 840, \"calls\": 243, \"false_positive_rate\": 0.2892857142857143}, \"corrected\": {\"defined\": 710, \"calls\": 136, \"false_positive_rate\": 0.19154929577464788}}\n"}
,{"stream_name":"stdout","time":17.745039715,"data":"[accuracy 160m in_sample_reference] {\"independence\": {\"defined\": 36, \"calls\": 6, \"false_positive_rate\": 0.16666666666666666}, \"corrected\": {\"defined\": 36, \"calls\": 4, \"false_positive_rate\": 0.1111111111111111}}\n"}
,{"stream_name":"stdout","time":18.134016349,"data":"[accuracy 31m single_run] {\"independence\": {\"defined\": 35, \"calls\": 8, \"false_positive_rate\": 0.22857142857142856}, \"corrected\": {\"defined\": 36, \"calls\": 6, \"false_positive_rate\": 0.16666666666666666}}\n"}
,{"stream_name":"stdout","time":18.135651544,"data":"[accuracy 31m three_run] {\"independence\": {\"defined\": 630, \"calls\": 143, \"false_positive_rate\": 0.22698412698412698}, \"corrected\": {\"defined\": 740, \"calls\": 142, \"false_positive_rate\": 0.1918918918918919}}\n"}
,{"stream_name":"stdout","time":18.135703165,"data":"[accuracy 31m in_sample_reference] {\"independence\": {\"defined\": 36, \"calls\": 8, \"false_positive_rate\": 0.2222222222222222}, \"corrected\": {\"defined\": 36, \"calls\": 2, \"false_positive_rate\": 0.05555555555555555}}\n"}
,{"stream_name":"stdout","time":18.522806562,"data":"[accuracy 410m single_run] {\"independence\": {\"defined\": 35, \"calls\": 11, \"false_positive_rate\": 0.3142857142857143}, \"corrected\": {\"defined\": 36, \"calls\": 8, \"false_positive_rate\": 0.2222222222222222}}\n"}
,{"stream_name":"stdout","time":18.525136072,"data":"[accuracy 410m three_run] {\"independence\": {\"defined\": 560, \"calls\": 270, \"false_positive_rate\": 0.48214285714285715}, \"corrected\": {\"defined\": 780, \"calls\": 266, \"false_positive_rate\": 0.34102564102564104}}\n"}
,{"stream_name":"stdout","time":18.52519939,"data":"[accuracy 410m in_sample_reference] {\"independence\": {\"defined\": 36, \"calls\": 13, \"false_positive_rate\": 0.3611111111111111}, \"corrected\": {\"defined\": 36, \"calls\": 5, \"false_positive_rate\": 0.1388888888888889}}\n"}
,{"stream_name":"stdout","time":18.905834543,"data":"[accuracy 70m single_run] {\"independence\": {\"defined\": 0, \"calls\": 0, \"false_positive_rate\": NaN}, \"corrected\": {\"defined\": 8, \"calls\": 1, \"false_positive_rate\": 0.125}}\n"}
,{"stream_name":"stdout","time":18.907236264,"data":"[accuracy 70m three_run] {\"independence\": {\"defined\": 70, \"calls\": 53, \"false_positive_rate\": 0.7571428571428571}, \"corrected\": {\"defined\": 410, \"calls\": 54, \"false_positive_rate\": 0.13170731707317074}}\n"}
,{"stream_name":"stdout","time":18.907254536,"data":"[accuracy 70m in_sample_reference] {\"independence\": {\"defined\": 0, \"calls\": 0, \"false_positive_rate\": NaN}, \"corrected\": {\"defined\": 0, \"calls\": 0, \"false_positive_rate\": NaN}}\n"}
,{"stream_name":"stdout","time":18.993797858,"data":"[accuracy pooled single_run] {\"pairs\": 180, \"nominal_rate\": 0.04550026389635839, \"independence\": {\"defined\": 142, \"calls\": 29, \"false_positive_rate\": 0.20422535211267606}, \"corrected\": {\"defined\": 152, \"calls\": 28, \"false_positive_rate\": 0.18421052631578946}, \"both_defined\": 142, \"independence_calls_dropped_by_correction\": 7, \"corrected_calls_not_made_by_independence\": 4, \"rate_independence_minus_corrected_on_both_defined\": 0.02112676056338028}\n"}
,{"stream_name":"stdout","time":18.997692253,"data":"[accuracy pooled three_run] {\"pairs\": 4200, \"nominal_rate\": 0.04550026389635839, \"independence\": {\"defined\": 2900, \"calls\": 857, \"false_positive_rate\": 0.29551724137931035}, \"corrected\": {\"defined\": 3310, \"calls\": 718, \"false_positive_rate\": 0.21691842900302113}, \"both_defined\": 2520, \"independence_calls_dropped_by_correction\": 380, \"corrected_calls_not_made_by_independence\": 97, \"rate_independence_minus_corrected_on_both_defined\": 0.1123015873015873}\n"}
,{"stream_name":"stdout","time":18.997924467,"data":"[accuracy pooled in_sample_reference] {\"pairs\": 180, \"nominal_rate\": 0.04550026389635839, \"independence\": {\"defined\": 144, \"calls\": 31, \"false_positive_rate\": 0.2152777777777778}, \"corrected\": {\"defined\": 144, \"calls\": 15, \"false_positive_rate\": 0.10416666666666667}, \"both_defined\": 144, \"independence_calls_dropped_by_correction\": 16, \"corrected_calls_not_made_by_independence\": 0, \"rate_independence_minus_corrected_on_both_defined\": 0.1111111111111111}\n"}
,{"stream_name":"stdout","time":19.060892609,"data":"[done] 17s\n"}
,{"stream_name":"stderr","time":21.865257302,"data":"/usr/local/lib/python3.12/dist-packages/mistune.py:435: SyntaxWarning: invalid escape sequence '\\|'\n"}
,{"stream_name":"stderr","time":21.865318048,"data":"  cells[i][c] = re.sub('\\\\\\\\\\|', '|', cell)\n"}
,{"stream_name":"stderr","time":22.16505383,"data":"/usr/local/lib/python3.12/dist-packages/nbconvert/filters/filter_links.py:36: SyntaxWarning: invalid escape sequence '\\_'\n"}
,{"stream_name":"stderr","time":22.16508482,"data":"  text = re.sub(r'_', '\\_', text) # Escape underscores in display text\n"}
,{"stream_name":"stderr","time":22.994823041,"data":"[NbConvertApp] Converting notebook __script__.ipynb to html\n"}
,{"stream_name":"stderr","time":24.553956501000002,"data":"[NbConvertApp] Writing 321877 bytes to __results__.html\n"}
]