[{"stream_name":"stdout","time":0.966807211,"data":"[env] python 3.12.13 (main, Mar  4 2026, 09:23:07) [GCC 11.4.0]\n"}
,{"stream_name":"stdout","time":0.98620401,"data":"[input] /kaggle/input/datasets/garyzhang11111/snap-paper-src -\u003e ['before_format_pass', 'citation_keys.json', 'src', 'template']\n"}
,{"stream_name":"stdout","time":1.078389052,"data":"[stage] ['appendices_bcd.tex', 'appendix_a.tex', 'fancyhdr.sty', 'figures', 'iclr2027_conference.sty', 'main.tex', 'natbib.sty', 'references.tex']\n"}
,{"stream_name":"stdout","time":1.097906735,"data":"[tex] installing\n"}
,{"stream_name":"stdout","time":51.095221734,"data":"[tex] install rc 0 tail /sbin/ldconfig.real: /usr/local/lib/libtbbmalloc.so.2 is not a symbolic link\n"}
,{"stream_name":"stdout","time":51.095265131,"data":"\n"}
,{"stream_name":"stdout","time":51.095272864,"data":"/sbin/ldconfig.real: /usr/local/lib/libhwloc.so.15 is not a symbolic link\n"}
,{"stream_name":"stdout","time":51.095279146,"data":"\n"}
,{"stream_name":"stdout","time":51.095285035,"data":"Processing triggers for man-db (2.10.2-1) ...\n"}
,{"stream_name":"stdout","time":51.0952911,"data":"Processing triggers for tex-common (6.17) ...\n"}
,{"stream_name":"stdout","time":51.095294964,"data":"Running updmap-sys. This may take some time... done.\n"}
,{"stream_name":"stdout","time":51.095298658,"data":"Running mktexlsr /var/lib/texmf ... done.\n"}
,{"stream_name":"stdout","time":51.095302611,"data":"Building format(s) --all.\n"}
,{"stream_name":"stdout","time":51.09530624,"data":"\tThis may take some time... done.\n"}
,{"stream_name":"stdout","time":51.095310235,"data":"\n"}
,{"stream_name":"stdout","time":51.099455342,"data":"[tex] pdfTeX 3.141592653-2.6-1.40.22 (TeX Live 2022/dev/Debian)\n"}
,{"stream_name":"stdout","time":51.914723931,"data":"[pass 1] rc 0 main 9 total 53 rerun True\n"}
,{"stream_name":"stdout","time":52.711114262,"data":"[pass 2] rc 0 main 9 total 53 rerun True\n"}
,{"stream_name":"stdout","time":53.509403089,"data":"[pass 3] rc 0 main 9 total 53 rerun False\n"}
,{"stream_name":"stdout","time":54.359919652,"data":"[pages] main_text 9 total 53\n"}
,{"stream_name":"stdout","time":54.359952826,"data":"[style] unchanged True\n"}
,{"stream_name":"stdout","time":54.359959961,"data":"[refs] unresolved []\n"}
,{"stream_name":"stdout","time":54.359965296,"data":"[short] []\n"}
,{"stream_name":"stdout","time":54.359971057,"data":"[summary] {\"main_text_pages\": 9, \"total_pages\": 53, \"official_style_unchanged\": true, \"table_numeric_tokens_preserved\": false}\n"}
,{"stream_name":"stdout","time":54.359978388,"data":"[done] 53s\n"}
,{"stream_name":"stderr","time":57.381817986,"data":"/usr/local/lib/python3.12/dist-packages/mistune.py:435: SyntaxWarning: invalid escape sequence '\\|'\n"}
,{"stream_name":"stderr","time":57.381878836,"data":"  cells[i][c] = re.sub('\\\\\\\\\\|', '|', cell)\n"}
,{"stream_name":"stderr","time":57.798955631,"data":"/usr/local/lib/python3.12/dist-packages/nbconvert/filters/filter_links.py:36: SyntaxWarning: invalid escape sequence '\\_'\n"}
,{"stream_name":"stderr","time":57.798987827,"data":"  text = re.sub(r'_', '\\_', text) # Escape underscores in display text\n"}
,{"stream_name":"stderr","time":59.891142052,"data":"[NbConvertApp] Converting notebook __script__.ipynb to html\n"}
,{"stream_name":"stderr","time":61.662868831,"data":"[NbConvertApp] Writing 353535 bytes to __results__.html\n"}
]