[{"stream_name":"stdout","time":1.282656962,"data":"[env] python 3.12.13 (main, Mar  4 2026, 09:23:07) [GCC 11.4.0] Linux-6.12.90+-x86_64-with-glibc2.35\n"}
,{"stream_name":"stdout","time":15.919545679,"data":"[margin_like/runs1/gap0.0] {\"independence\": 0.1133, \"plug_in\": 0.0508, \"oracle\": 0.0503}\n"}
,{"stream_name":"stdout","time":15.919767429,"data":"[margin_like/runs1/gap0.5] {\"independence\": 0.1415, \"plug_in\": 0.0737, \"oracle\": 0.07}\n"}
,{"stream_name":"stdout","time":15.919934309,"data":"[margin_like/runs1/gap1.0] {\"independence\": 0.2122, \"plug_in\": 0.1163, \"oracle\": 0.1135}\n"}
,{"stream_name":"stdout","time":15.920206889,"data":"[margin_like/runs3/gap0.0] {\"independence\": 0.1145, \"plug_in\": 0.0527, \"oracle\": 0.0512}\n"}
,{"stream_name":"stdout","time":15.920672019,"data":"[margin_like/runs3/gap0.5] {\"independence\": 0.1837, \"plug_in\": 0.1022, \"oracle\": 0.1015}\n"}
,{"stream_name":"stdout","time":15.920728899,"data":"[margin_like/runs3/gap1.0] {\"independence\": 0.363, \"plug_in\": 0.2313, \"oracle\": 0.23}\n"}
,{"stream_name":"stdout","time":18.442980888,"data":"[accuracy_like/runs1/gap0.0] {\"independence\": 0.0673, \"plug_in\": 0.052, \"oracle\": 0.047}\n"}
,{"stream_name":"stdout","time":18.443026008,"data":"[accuracy_like/runs1/gap0.5] {\"independence\": 0.0798, \"plug_in\": 0.064, \"oracle\": 0.0625}\n"}
,{"stream_name":"stdout","time":18.443309078,"data":"[accuracy_like/runs1/gap1.0] {\"independence\": 0.1373, \"plug_in\": 0.115, \"oracle\": 0.1065}\n"}
,{"stream_name":"stdout","time":18.443556628,"data":"[accuracy_like/runs3/gap0.0] {\"independence\": 0.0643, \"plug_in\": 0.0532, \"oracle\": 0.05}\n"}
,{"stream_name":"stdout","time":18.446211099,"data":"[accuracy_like/runs3/gap0.5] {\"independence\": 0.1168, \"plug_in\": 0.0955, \"oracle\": 0.0895}\n"}
,{"stream_name":"stdout","time":18.446256789,"data":"[accuracy_like/runs3/gap1.0] {\"independence\": 0.2795, \"plug_in\": 0.2415, \"oracle\": 0.2325}\n"}
,{"stream_name":"stdout","time":18.44872271,"data":"[done] 17s\n"}
,{"stream_name":"stderr","time":20.720726598,"data":"/usr/local/lib/python3.12/dist-packages/mistune.py:435: SyntaxWarning: invalid escape sequence '\\|'\n"}
,{"stream_name":"stderr","time":20.720787788,"data":"  cells[i][c] = re.sub('\\\\\\\\\\|', '|', cell)\n"}
,{"stream_name":"stderr","time":21.088681197,"data":"/usr/local/lib/python3.12/dist-packages/nbconvert/filters/filter_links.py:36: SyntaxWarning: invalid escape sequence '\\_'\n"}
,{"stream_name":"stderr","time":21.088707057,"data":"  text = re.sub(r'_', '\\_', text) # Escape underscores in display text\n"}
,{"stream_name":"stderr","time":21.96857089,"data":"[NbConvertApp] Converting notebook __script__.ipynb to html\n"}
,{"stream_name":"stderr","time":23.485545737,"data":"[NbConvertApp] Writing 302487 bytes to __results__.html\n"}
]