[{"stream_name":"stdout","time":5.000009442,"data":"[env] python 3.12.13 (main, Mar  4 2026, 09:23:07) [GCC 11.4.0] Linux-6.12.90+-x86_64-with-glibc2.35\n"}
,{"stream_name":"stdout","time":22.292563914,"data":"[index] 225 recipe-size cells from 5 parts\n"}
,{"stream_name":"stdout","time":22.538670168,"data":"[margin] checks {\"mismatched\": 92, \"matched\": 33, \"severe_over_1p5\": 26, \"severe_sizes\": [\"530M\", \"750M\"], \"mean_severity_530M\": 0.867135925692197, \"mean_severity_750M\": 0.4146769290040865, \"matched_by_size\": {\"150M\": 4, \"300M\": 5, \"530M\": 0, \"750M\": 0, \"1B\": 24}}\n"}
,{"stream_name":"stdout","time":22.597946484,"data":"[margin/all] n=125 G=25 lambda=1.2439 wild=(1.1429001912272698, 1.3376841038790925) ct_log=(1.1544378007415168, 1.3404025594727231)\n"}
,{"stream_name":"stdout","time":22.615597871,"data":"[margin/matched] n=33 G=24 lambda=1.0821 wild=(0.12085772824970406, 1.5299891376484172) ct_log=(0.783991130571715, 1.4936102425821898)\n"}
,{"stream_name":"stdout","time":22.654860636,"data":"[margin/not_severe] n=99 G=25 lambda=1.2758 wild=(1.1143645216901747, 1.4198723846895946) ct_log=(1.1477033518042286, 1.4182327085059558)\n"}
,{"stream_name":"stdout","time":22.664297449,"data":"[margin/severe_only] n=26 G=25 lambda=1.1069 wild=(0.6921387068843753, 1.3967465330969588) ct_log=(0.8757331452466047, 1.3991640510013252)\n"}
,{"stream_name":"stdout","time":22.699502673,"data":"[margin/mismatched] n=92 G=25 lambda=1.3302 wild=(1.0235826851004537, 1.582515949410011) ct_log=(1.137826506591581, 1.5550302992452816)\n"}
,{"stream_name":"stdout","time":26.560749056,"data":"[margin/severity] {\"spearman\": -0.03556211587850594, \"spearman_p_naive\": 0.6937827904373961, \"pearson\": 0.027761200940195487, \"pearson_p_naive\": 0.7585992549735638, \"spearman_p_within_size_permutation\": 0.3144, \"bands\": {\"530M\": {\"spearman\": -0.011440107883060735, \"n\": 25, \"severity_range\": [0.38943505954029356, 0.8870465245084465]}, \"750M\": {\"spearman\": 0.15463855592966494, \"n\": 25, \"severity_range\": [0.1769173913727217, 0.44]}}, \"severity_by_size_mean\": {\"150M\": 0.9875818384465539, \"300M\": 0.9882944978855118, \"530M\": 0.867135925692197, \"750M\": 0.4146769290040865, \"1B\": 0.9931560207008894}, \"influence_sum_by_size\": {\"150M\": -0.04111056775701074, \"300M\": 0.04737133160968528, \"530M\": 0.13123823198332724, \"750M\": -0.06196817399263649, \"1B\": -0.07553082184336507}}\n"}
,{"stream_name":"stdout","time":26.832051271,"data":"[accuracy] checks {\"mismatched\": 92, \"matched\": 33, \"severe_over_1p5\": 26, \"severe_sizes\": [\"530M\", \"750M\"], \"mean_severity_530M\": 0.867135925692197, \"mean_severity_750M\": 0.4146769290040865, \"matched_by_size\": {\"150M\": 4, \"300M\": 5, \"530M\": 0, \"750M\": 0, \"1B\": 24}}\n"}
,{"stream_name":"stdout","time":26.877170011,"data":"[accuracy/all] n=125 G=25 lambda=1.0784 wild=(0.992604456794931, 1.1566521851337639) ct_log=(1.0033013699705144, 1.1590626672997804)\n"}
,{"stream_name":"stdout","time":26.894843643,"data":"[accuracy/matched] n=33 G=24 lambda=1.1294 wild=(0.7692646704087044, 1.3967711959042666) ct_log=(0.9011117226361994, 1.4154794993627497)\n"}
,{"stream_name":"stdout","time":26.934366146,"data":"[accuracy/not_severe] n=99 G=25 lambda=1.1202 wild=(1.019756475647137, 1.2082419714159303) ct_log=(1.0304354314706814, 1.2177726859543914)\n"}
,{"stream_name":"stdout","time":26.945357507,"data":"[accuracy/severe_only] n=26 G=25 lambda=0.9771 wild=(0.35740415635259015, 1.305816358551702) ct_log=(0.7418904129560449, 1.2869237061419392)\n"}
,{"stream_name":"stdout","time":26.981688964,"data":"[accuracy/mismatched] n=92 G=25 lambda=1.0696 wild=(0.9563409671051476, 1.1705686045437376) ct_log=(0.9768886073685581, 1.1712106142068734)\n"}
,{"stream_name":"stdout","time":30.705374449,"data":"[accuracy/severity] {\"spearman\": 0.0007015335937283427, \"spearman_p_naive\": 0.9938048178960049, \"pearson\": 0.11019320995289572, \"pearson_p_naive\": 0.2211975909177628, \"spearman_p_within_size_permutation\": 0.9904, \"bands\": {\"530M\": {\"spearman\": 0.27456258919345766, \"n\": 25, \"severity_range\": [0.38943505954029356, 0.8870465245084465]}, \"750M\": {\"spearman\": 0.232232991467326, \"n\": 25, \"severity_range\": [0.1769173913727217, 0.44]}}, \"severity_by_size_mean\": {\"150M\": 0.9875818384465539, \"300M\": 0.9882944978855118, \"530M\": 0.867135925692197, \"750M\": 0.4146769290040865, \"1B\": 0.9931560207008894}, \"influence_sum_by_size\": {\"150M\": -0.023894170957122794, \"300M\": 0.0009521303223175011, \"530M\": 0.0558814730643411, \"750M\": -0.05669790279214958, \"1B\": 0.023758470362613898}}\n"}
,{"stream_name":"stdout","time":30.71467032,"data":"[done] 26s\n"}
,{"stream_name":"stderr","time":34.402361538,"data":"/usr/local/lib/python3.12/dist-packages/mistune.py:435: SyntaxWarning: invalid escape sequence '\\|'\n"}
,{"stream_name":"stderr","time":34.402572202,"data":"  cells[i][c] = re.sub('\\\\\\\\\\|', '|', cell)\n"}
,{"stream_name":"stderr","time":34.949457857,"data":"/usr/local/lib/python3.12/dist-packages/nbconvert/filters/filter_links.py:36: SyntaxWarning: invalid escape sequence '\\_'\n"}
,{"stream_name":"stderr","time":34.949496747,"data":"  text = re.sub(r'_', '\\_', text) # Escape underscores in display text\n"}
,{"stream_name":"stderr","time":36.418364104,"data":"[NbConvertApp] Converting notebook __script__.ipynb to html\n"}
,{"stream_name":"stderr","time":38.611517808,"data":"[NbConvertApp] Writing 330391 bytes to __results__.html\n"}
]