[{"stream_name":"stdout","time":16.980297911,"data":"[noise datadecide_rel_original] {\"rel\": [0.927, 0.584, 0.993, 0.93, 0.757, 0.86, 0.392, 0.273, 0.888, 0.5], \"set_to_half\": [\"winogrande (r1_18 rule)\"], \"noise_over_v_mean\": 0.6697340439289061}\n"}
,{"stream_name":"stdout","time":16.980397021,"data":"[noise pp_pooled_4755] {\"rel\": [0.3693829856267662, 0.7424703327106283, 0.9524303059328101, 0.8384135095454436, 0.9075927790336032, 0.2334146699252863, 0.35154674491176585, 0.3304715432267131, 0.4179120223255748, 0.17011680674824206], \"set_to_half\": [], \"noise_over_v_mean\": 1.582449666056252}\n"}
,{"stream_name":"stdout","time":16.980468919,"data":"[noise pp_per_size_4755] {\"rel_by_size\": {\"14m\": [0.5602308424889265, 0.6538343206140428, 0.9160355233447871, 0.6005127735388691, 0.5742056164482248, 0.24081728645754594, 0.5087847624461305, 0.5, 0.8330013025734446, 0.3733200165117783], \"31m\": [0.2368386296474107, 0.4321079805624508, 0.9781621373180863, 0.7296673704311274, 0.545822455394144, 0.3077399771430146, 0.5, 0.5, 0.20528301178344108, 0.04962747968463869], \"70m\": [0.3663495453596507, 0.7897421115412571, 0.9545869446490307, 0.9043275636583357, 0.3856059800399138, 0.5, 0.5, 0.5, 0.3428804664022769, 0.5], \"160m\": [0.33787519516265896, 0.26111193490990414, 0.9160012841806573, 0.8142544413856033, 0.47488497507978833, 0.5, 0.5, 0.1641740854507454, 0.38465950380515934, 0.023110385058075448], \"410m\": [0.1953878411791851, 0.9557311174433065, 0.9760110759009889, 0.9002846573048657, 0.9678009044866158, 0.46843031317463846, 0.7635519247021393, 0.8944020838630468, 0.5127139467105394, 0.5724969868183517]}, \"set_to_half_by_size\": {\"14m\": [\"piqa\"], \"31m\": [\"openbookqa\", \"piqa\"], \"70m\": [\"mmlu\", \"openbookqa\", \"piqa\", \"winogrande\"], \"160m\": [\"mmlu\", \"openbookqa\"], \"410m\": []}, \"noise_over_v_mean\": 2.3454089008881693}\n"}
,{"stream_name":"stdout","time":16.980486211,"data":"[noise pp_pooled_bank1] {\"rel\": [0.6965998700116909, 0.9319739136189316, 0.99242094037917, 0.9268505861873672, 0.9949560755457071, 0.9036265887347151, 0.35154674491176585, 0.6446884322561347, 0.7372405143753586, 0.3418635548293803], \"set_to_half\": [], \"noise_over_v_mean\": 0.5384078419580148}\n"}
,{"stream_name":"stdout","time":16.980750714,"data":"[noise pp_per_size_bank1] {\"rel_by_size\": {\"14m\": [0.833150538564418, 0.8997547070442836, 0.986178315660353, 0.7859055753372899, 0.9643929253118897, 0.9071322093134471, 0.5087847624461305, 0.5, 0.9512037548922149, 0.6015191834457819], \"31m\": [0.5488271236685879, 0.7833522662337634, 0.9965979435074189, 0.8682705300189466, 0.9602173599804884, 0.9319228787008377, 0.5, 0.5, 0.5023572937636321, 0.1168596754287145], \"70m\": [0.6938358156305734, 0.9469462717418863, 0.9927782947889072, 0.9584762322088958, 0.9264982608350724, 0.5, 0.5, 0.5, 0.6709625360018281, 0.5], \"160m\": [0.6666886070362841, 0.6267661471399831, 0.9861722476650925, 0.9145665480266275, 0.9478157183386359, 0.5, 0.5, 0.4192950886129526, 0.7095518512223259, 0.0565567052762936], \"410m\": [0.4876648879037795, 0.9903467471764775, 0.996255885032983, 0.9566117447711289, 0.9983461786432756, 0.9644585882764116, 0.7635519247021393, 0.9688815658330524, 0.8043791650125774, 0.7723881103845809]}, \"set_to_half_by_size\": {\"14m\": [\"piqa\"], \"31m\": [\"openbookqa\", \"piqa\"], \"70m\": [\"mmlu\", \"openbookqa\", \"piqa\", \"winogrande\"], \"160m\": [\"mmlu\", \"openbookqa\"], \"410m\": []}, \"noise_over_v_mean\": 0.8842320136908189}\n"}
,{"stream_name":"stdout","time":29.069514073,"data":"[datadecide_rel_original/run_cov_1244_share0] R1 pass 0.2570 within med 1.244 5-95 1.028-1.459 R2 {'not supported': 0.22575, 'supported': 0.013, 'undecided': 0.76125} check 25 mismatches 0 26s\n"}
,{"stream_name":"stdout","time":40.104535254,"data":"[datadecide_rel_original/independence_share0] R1 pass 0.0138 within med 0.997 5-95 0.848-1.139 R2 {'not supported': 0.01075, 'supported': 0.015, 'undecided': 0.97425} check 25 mismatches 0 37s\n"}
,{"stream_name":"stdout","time":51.148445257,"data":"[pp_pooled_4755/run_cov_1244_share0] R1 pass 0.2097 within med 1.242 5-95 1.003-1.477 R2 {'not supported': 0.16325, 'supported': 0.012, 'undecided': 0.82475} check 25 mismatches 0 49s\n"}
,{"stream_name":"stdout","time":62.258157274,"data":"[pp_pooled_4755/independence_share0] R1 pass 0.0125 within med 0.997 5-95 0.811-1.167 R2 {'not supported': 0.0085, 'supported': 0.0045, 'undecided': 0.987} check 25 mismatches 0 60s\n"}
,{"stream_name":"stdout","time":73.29532265899999,"data":"[pp_per_size_4755/run_cov_1244_share0] R1 pass 0.2045 within med 1.243 5-95 0.993-1.488 R2 {'not supported': 0.155, 'supported': 0.01175, 'undecided': 0.83325} check 25 mismatches 0 71s\n"}
,{"stream_name":"stdout","time":84.326742763,"data":"[pp_per_size_4755/independence_share0] R1 pass 0.0135 within med 0.998 5-95 0.797-1.178 R2 {'not supported': 0.0095, 'supported': 0.0035, 'undecided': 0.987} check 25 mismatches 0 82s\n"}
,{"stream_name":"stdout","time":95.474236126,"data":"[pp_pooled_bank1/run_cov_1244_share0] R1 pass 0.2537 within med 1.245 5-95 1.029-1.459 R2 {'not supported': 0.2305, 'supported': 0.012, 'undecided': 0.7575} check 25 mismatches 0 93s\n"}
,{"stream_name":"stdout","time":106.538582755,"data":"[pp_pooled_bank1/independence_share0] R1 pass 0.0145 within med 0.998 5-95 0.848-1.138 R2 {'not supported': 0.009, 'supported': 0.0115, 'undecided': 0.9795} check 25 mismatches 0 104s\n"}
,{"stream_name":"stdout","time":117.606161325,"data":"[pp_per_size_bank1/run_cov_1244_share0] R1 pass 0.2570 within med 1.245 5-95 1.026-1.457 R2 {'not supported': 0.22675, 'supported': 0.0135, 'undecided': 0.75975} check 25 mismatches 0 115s\n"}
,{"stream_name":"stdout","time":128.634601292,"data":"[pp_per_size_bank1/independence_share0] R1 pass 0.0132 within med 0.998 5-95 0.848-1.140 R2 {'not supported': 0.01075, 'supported': 0.01075, 'undecided': 0.9785} check 25 mismatches 0 126s\n"}
,{"stream_name":"stdout","time":128.637525239,"data":"[done] 126 s\n"}
,{"stream_name":"stderr","time":131.447312609,"data":"/usr/local/lib/python3.12/dist-packages/mistune.py:435: SyntaxWarning: invalid escape sequence '\\|'\n"}
,{"stream_name":"stderr","time":131.447374293,"data":"  cells[i][c] = re.sub('\\\\\\\\\\|', '|', cell)\n"}
,{"stream_name":"stderr","time":131.769219222,"data":"/usr/local/lib/python3.12/dist-packages/nbconvert/filters/filter_links.py:36: SyntaxWarning: invalid escape sequence '\\_'\n"}
,{"stream_name":"stderr","time":131.769251727,"data":"  text = re.sub(r'_', '\\_', text) # Escape underscores in display text\n"}
,{"stream_name":"stderr","time":132.66094257,"data":"[NbConvertApp] Converting notebook __script__.ipynb to html\n"}
,{"stream_name":"stderr","time":134.291213908,"data":"[NbConvertApp] Writing 370061 bytes to __results__.html\n"}
]