[{"stream_name":"stdout","time":0.645977451,"data":"[env] python 3.12.13 (main, Mar  4 2026, 09:23:07) [GCC 11.4.0] Linux-6.12.90+-x86_64-with-glibc2.35\n"}
,{"stream_name":"stdout","time":10.955895268999999,"data":"name, memory.total [MiB], driver_version\n"}
,{"stream_name":"stdout","time":10.955940094,"data":"Tesla T4, 15360 MiB, 580.159.04\n"}
,{"stream_name":"stdout","time":10.955944664,"data":"Tesla T4, 15360 MiB, 580.159.04\n"}
,{"stream_name":"stdout","time":10.955947856,"data":"\n"}
,{"stream_name":"stdout","time":1311.283863665,"data":"[worker 0] exit 0\n"}
,{"stream_name":"stdout","time":1311.295512672,"data":"tch 27/48\n"}
,{"stream_name":"stdout","time":1311.295536441,"data":"  batch 28/48\n"}
,{"stream_name":"stdout","time":1311.295542306,"data":"  batch 29/48\n"}
,{"stream_name":"stdout","time":1311.295546815,"data":"  batch 30/48\n"}
,{"stream_name":"stdout","time":1311.295551096,"data":"  batch 31/48\n"}
,{"stream_name":"stdout","time":1311.295555858,"data":"  batch 32/48\n"}
,{"stream_name":"stdout","time":1311.295560091,"data":"  batch 33/48\n"}
,{"stream_name":"stdout","time":1311.295564351,"data":"  batch 34/48\n"}
,{"stream_name":"stdout","time":1311.295568976,"data":"  batch 35/48\n"}
,{"stream_name":"stdout","time":1311.295573205,"data":"  batch 36/48\n"}
,{"stream_name":"stdout","time":1311.295577473,"data":"  batch 37/48\n"}
,{"stream_name":"stdout","time":1311.295581672,"data":"  batch 38/48\n"}
,{"stream_name":"stdout","time":1311.295585837,"data":"  batch 39/48\n"}
,{"stream_name":"stdout","time":1311.295590476,"data":"  batch 40/48\n"}
,{"stream_name":"stdout","time":1311.295595012,"data":"  batch 41/48\n"}
,{"stream_name":"stdout","time":1311.295623565,"data":"  batch 42/48\n"}
,{"stream_name":"stdout","time":1311.295628818,"data":"  batch 43/48\n"}
,{"stream_name":"stdout","time":1311.295632994,"data":"  batch 44/48\n"}
,{"stream_name":"stdout","time":1311.295637114,"data":"  batch 45/48\n"}
,{"stream_name":"stdout","time":1311.295641226,"data":"  batch 46/48\n"}
,{"stream_name":"stdout","time":1311.295645434,"data":"  batch 47/48\n"}
,{"stream_name":"stdout","time":1311.295649733,"data":"  batch 48/48\n"}
,{"stream_name":"stdout","time":1311.295653913,"data":"  EleutherAI/pythia-160m-seed4: 1800 items, acc=0.3989\n"}
,{"stream_name":"stdout","time":1311.29565841,"data":"  batch 1/48\n"}
,{"stream_name":"stdout","time":1311.295662629,"data":"  batch 2/48\n"}
,{"stream_name":"stdout","time":1311.295672529,"data":"  batch 3/48\n"}
,{"stream_name":"stdout","time":1311.295691086,"data":"  batch 4/48\n"}
,{"stream_name":"stdout","time":1311.295696454,"data":"  batch 5/48\n"}
,{"stream_name":"stdout","time":1311.295701483,"data":"  batch 6/48\n"}
,{"stream_name":"stdout","time":1311.295706491,"data":"  batch 7/48\n"}
,{"stream_name":"stdout","time":1311.295711393,"data":"  batch 8/48\n"}
,{"stream_name":"stdout","time":1311.295715665,"data":"  batch 9/48\n"}
,{"stream_name":"stdout","time":1311.295719919,"data":"  batch 10/48\n"}
,{"stream_name":"stdout","time":1311.295724148,"data":"  batch 11/48\n"}
,{"stream_name":"stdout","time":1311.295728724,"data":"  batch 12/48\n"}
,{"stream_name":"stdout","time":1311.295732933,"data":"  batch 13/48\n"}
,{"stream_name":"stdout","time":1311.29573743,"data":"  batch 14/48\n"}
,{"stream_name":"stdout","time":1311.295741628,"data":"  batch 15/48\n"}
,{"stream_name":"stdout","time":1311.29574579,"data":"  batch 16/48\n"}
,{"stream_name":"stdout","time":1311.29574994,"data":"  batch 17/48\n"}
,{"stream_name":"stdout","time":1311.295757361,"data":"  batch 18/48\n"}
,{"stream_name":"stdout","time":1311.295793441,"data":"  batch 19/48\n"}
,{"stream_name":"stdout","time":1311.295798181,"data":"  batch 20/48\n"}
,{"stream_name":"stdout","time":1311.295802364,"data":"  batch 21/48\n"}
,{"stream_name":"stdout","time":1311.295805829,"data":"  batch 22/48\n"}
,{"stream_name":"stdout","time":1311.295809039,"data":"  batch 23/48\n"}
,{"stream_name":"stdout","time":1311.295812226,"data":"  batch 24/48\n"}
,{"stream_name":"stdout","time":1311.295815406,"data":"  batch 25/48\n"}
,{"stream_name":"stdout","time":1311.295818585,"data":"  batch 26/48\n"}
,{"stream_name":"stdout","time":1311.295821828,"data":"  batch 27/48\n"}
,{"stream_name":"stdout","time":1311.295825241,"data":"  batch 28/48\n"}
,{"stream_name":"stdout","time":1311.295828448,"data":"  batch 29/48\n"}
,{"stream_name":"stdout","time":1311.29583159,"data":"  batch 30/48\n"}
,{"stream_name":"stdout","time":1311.295834731,"data":"  batch 31/48\n"}
,{"stream_name":"stdout","time":1311.295837863,"data":"  batch 32/48\n"}
,{"stream_name":"stdout","time":1311.295841022,"data":"  batch 33/48\n"}
,{"stream_name":"stdout","time":1311.29584414,"data":"  batch 34/48\n"}
,{"stream_name":"stdout","time":1311.295847285,"data":"  batch 35/48\n"}
,{"stream_name":"stdout","time":1311.295850396,"data":"  batch 36/48\n"}
,{"stream_name":"stdout","time":1311.295853524,"data":"  batch 37/48\n"}
,{"stream_name":"stdout","time":1311.295856731,"data":"  batch 38/48\n"}
,{"stream_name":"stdout","time":1311.295865448,"data":"  batch 39/48\n"}
,{"stream_name":"stdout","time":1311.295868056,"data":"  batch 40/48\n"}
,{"stream_name":"stdout","time":1311.295882226,"data":"  batch 41/48\n"}
,{"stream_name":"stdout","time":1311.295885997,"data":"  batch 42/48\n"}
,{"stream_name":"stdout","time":1311.295890393,"data":"  batch 43/48\n"}
,{"stream_name":"stdout","time":1311.295894168,"data":"  batch 44/48\n"}
,{"stream_name":"stdout","time":1311.295898258,"data":"  batch 45/48\n"}
,{"stream_name":"stdout","time":1311.29590165,"data":"  batch 46/48\n"}
,{"stream_name":"stdout","time":1311.295904785,"data":"  batch 47/48\n"}
,{"stream_name":"stdout","time":1311.295907996,"data":"  batch 48/48\n"}
,{"stream_name":"stdout","time":1311.295911209,"data":"  EleutherAI/pythia-160m-seed5: 1800 items, acc=0.4078\n"}
,{"stream_name":"stdout","time":1311.295914546,"data":"  batch 1/48\n"}
,{"stream_name":"stdout","time":1311.295917975,"data":"  batch 2/48\n"}
,{"stream_name":"stdout","time":1311.295921162,"data":"  batch 3/48\n"}
,{"stream_name":"stdout","time":1311.295924306,"data":"  batch 4/48\n"}
,{"stream_name":"stdout","time":1311.295927438,"data":"  batch 5/48\n"}
,{"stream_name":"stdout","time":1311.295930593,"data":"  batch 6/48\n"}
,{"stream_name":"stdout","time":1311.295933688,"data":"  batch 7/48\n"}
,{"stream_name":"stdout","time":1311.295936836,"data":"  batch 8/48\n"}
,{"stream_name":"stdout","time":1311.295940019,"data":"  batch 9/48\n"}
,{"stream_name":"stdout","time":1311.295943174,"data":"  batch 10/48\n"}
,{"stream_name":"stdout","time":1311.295946401,"data":"  batch 11/48\n"}
,{"stream_name":"stdout","time":1311.295949551,"data":"  batch 12/48\n"}
,{"stream_name":"stdout","time":1311.295952793,"data":"  batch 13/48\n"}
,{"stream_name":"stdout","time":1311.295961171,"data":"  batch 14/48\n"}
,{"stream_name":"stdout","time":1311.295963888,"data":"  batch 15/48\n"}
,{"stream_name":"stdout","time":1311.295977706,"data":"  batch 16/48\n"}
,{"stream_name":"stdout","time":1311.295981466,"data":"  batch 17/48\n"}
,{"stream_name":"stdout","time":1311.295985215,"data":"  batch 18/48\n"}
,{"stream_name":"stdout","time":1311.295993598,"data":"  batch 19/48\n"}
,{"stream_name":"stdout","time":1311.295997075,"data":"  batch 20/48\n"}
,{"stream_name":"stdout","time":1311.296000212,"data":"  batch 21/48\n"}
,{"stream_name":"stdout","time":1311.296003321,"data":"  batch 22/48\n"}
,{"stream_name":"stdout","time":1311.296006487,"data":"  batch 23/48\n"}
,{"stream_name":"stdout","time":1311.296009586,"data":"  batch 24/48\n"}
,{"stream_name":"stdout","time":1311.296012713,"data":"  batch 25/48\n"}
,{"stream_name":"stdout","time":1311.296015878,"data":"  batch 26/48\n"}
,{"stream_name":"stdout","time":1311.296019041,"data":"  batch 27/48\n"}
,{"stream_name":"stdout","time":1311.296022179,"data":"  batch 28/48\n"}
,{"stream_name":"stdout","time":1311.296025325,"data":"  batch 29/48\n"}
,{"stream_name":"stdout","time":1311.296028422,"data":"  batch 30/48\n"}
,{"stream_name":"stdout","time":1311.296031528,"data":"  batch 31/48\n"}
,{"stream_name":"stdout","time":1311.296034675,"data":"  batch 32/48\n"}
,{"stream_name":"stdout","time":1311.296037795,"data":"  batch 33/48\n"}
,{"stream_name":"stdout","time":1311.296040887,"data":"  batch 34/48\n"}
,{"stream_name":"stdout","time":1311.296044033,"data":"  batch 35/48\n"}
,{"stream_name":"stdout","time":1311.296047245,"data":"  batch 36/48\n"}
,{"stream_name":"stdout","time":1311.296055071,"data":"  batch 37/48\n"}
,{"stream_name":"stdout","time":1311.296057836,"data":"  batch 38/48\n"}
,{"stream_name":"stdout","time":1311.296060828,"data":"  batch 39/48\n"}
,{"stream_name":"stdout","time":1311.296074524,"data":"  batch 40/48\n"}
,{"stream_name":"stdout","time":1311.296078342,"data":"  batch 41/48\n"}
,{"stream_name":"stdout","time":1311.296082279,"data":"  batch 42/48\n"}
,{"stream_name":"stdout","time":1311.296086136,"data":"  batch 43/48\n"}
,{"stream_name":"stdout","time":1311.296089821,"data":"  batch 44/48\n"}
,{"stream_name":"stdout","time":1311.296093034,"data":"  batch 45/48\n"}
,{"stream_name":"stdout","time":1311.296096143,"data":"  batch 46/48\n"}
,{"stream_name":"stdout","time":1311.296099281,"data":"  batch 47/48\n"}
,{"stream_name":"stdout","time":1311.296102438,"data":"  batch 48/48\n"}
,{"stream_name":"stdout","time":1311.296105591,"data":"  EleutherAI/pythia-160m-seed6: 1800 items, acc=0.4044\n"}
,{"stream_name":"stdout","time":1311.296108932,"data":"  batch 1/48\n"}
,{"stream_name":"stdout","time":1311.296113445,"data":"  batch 2/48\n"}
,{"stream_name":"stdout","time":1311.296116564,"data":"  batch 3/48\n"}
,{"stream_name":"stdout","time":1311.296119741,"data":"  batch 4/48\n"}
,{"stream_name":"stdout","time":1311.296122927,"data":"  batch 5/48\n"}
,{"stream_name":"stdout","time":1311.296126141,"data":"  batch 6/48\n"}
,{"stream_name":"stdout","time":1311.296129382,"data":"  batch 7/48\n"}
,{"stream_name":"stdout","time":1311.296132506,"data":"  batch 8/48\n"}
,{"stream_name":"stdout","time":1311.296135701,"data":"  batch 9/48\n"}
,{"stream_name":"stdout","time":1311.29613885,"data":"  batch 10/48\n"}
,{"stream_name":"stdout","time":1311.296142046,"data":"  batch 11/48\n"}
,{"stream_name":"stdout","time":1311.296151028,"data":"  batch 12/48\n"}
,{"stream_name":"stdout","time":1311.296153668,"data":"  batch 13/48\n"}
,{"stream_name":"stdout","time":1311.296167665,"data":"  batch 14/48\n"}
,{"stream_name":"stdout","time":1311.296171288,"data":"  batch 15/48\n"}
,{"stream_name":"stdout","time":1311.296175016,"data":"  batch 16/48\n"}
,{"stream_name":"stdout","time":1311.296178564,"data":"  batch 17/48\n"}
,{"stream_name":"stdout","time":1311.296186032,"data":"  batch 18/48\n"}
,{"stream_name":"stdout","time":1311.296191201,"data":"  batch 19/48\n"}
,{"stream_name":"stdout","time":1311.296194434,"data":"  batch 20/48\n"}
,{"stream_name":"stdout","time":1311.296197625,"data":"  batch 21/48\n"}
,{"stream_name":"stdout","time":1311.296200774,"data":"  batch 22/48\n"}
,{"stream_name":"stdout","time":1311.296203871,"data":"  batch 23/48\n"}
,{"stream_name":"stdout","time":1311.296206994,"data":"  batch 24/48\n"}
,{"stream_name":"stdout","time":1311.296210216,"data":"  batch 25/48\n"}
,{"stream_name":"stdout","time":1311.29621342,"data":"  batch 26/48\n"}
,{"stream_name":"stdout","time":1311.296216728,"data":"  batch 27/48\n"}
,{"stream_name":"stdout","time":1311.296219872,"data":"  batch 28/48\n"}
,{"stream_name":"stdout","time":1311.296223025,"data":"  batch 29/48\n"}
,{"stream_name":"stdout","time":1311.296226163,"data":"  batch 30/48\n"}
,{"stream_name":"stdout","time":1311.296229308,"data":"  batch 31/48\n"}
,{"stream_name":"stdout","time":1311.29623245,"data":"  batch 32/48\n"}
,{"stream_name":"stdout","time":1311.296235551,"data":"  batch 33/48\n"}
,{"stream_name":"stdout","time":1311.296240515,"data":"  batch 34/48\n"}
,{"stream_name":"stdout","time":1311.296246955,"data":"  batch 35/48\n"}
,{"stream_name":"stdout","time":1311.296249583,"data":"  batch 36/48\n"}
,{"stream_name":"stdout","time":1311.296264064,"data":"  batch 37/48\n"}
,{"stream_name":"stdout","time":1311.296267948,"data":"  batch 38/48\n"}
,{"stream_name":"stdout","time":1311.29627176,"data":"  batch 39/48\n"}
,{"stream_name":"stdout","time":1311.296275176,"data":"  batch 40/48\n"}
,{"stream_name":"stdout","time":1311.296279301,"data":"  batch 41/48\n"}
,{"stream_name":"stdout","time":1311.296282639,"data":"  batch 42/48\n"}
,{"stream_name":"stdout","time":1311.296285788,"data":"  batch 43/48\n"}
,{"stream_name":"stdout","time":1311.29628893,"data":"  batch 44/48\n"}
,{"stream_name":"stdout","time":1311.296292019,"data":"  batch 45/48\n"}
,{"stream_name":"stdout","time":1311.296295144,"data":"  batch 46/48\n"}
,{"stream_name":"stdout","time":1311.29629824,"data":"  batch 47/48\n"}
,{"stream_name":"stdout","time":1311.296301321,"data":"  batch 48/48\n"}
,{"stream_name":"stdout","time":1311.296304481,"data":"  EleutherAI/pythia-160m-seed7: 1800 items, acc=0.4039\n"}
,{"stream_name":"stdout","time":1311.29630774,"data":"  batch 1/48\n"}
,{"stream_name":"stdout","time":1311.296310904,"data":"  batch 2/48\n"}
,{"stream_name":"stdout","time":1311.296314008,"data":"  batch 3/48\n"}
,{"stream_name":"stdout","time":1311.296317133,"data":"  batch 4/48\n"}
,{"stream_name":"stdout","time":1311.29632027,"data":"  batch 5/48\n"}
,{"stream_name":"stdout","time":1311.296323375,"data":"  batch 6/48\n"}
,{"stream_name":"stdout","time":1311.296326468,"data":"  batch 7/48\n"}
,{"stream_name":"stdout","time":1311.296329636,"data":"  batch 8/48\n"}
,{"stream_name":"stdout","time":1311.29633294,"data":"  batch 9/48\n"}
,{"stream_name":"stdout","time":1311.296347907,"data":"  batch 10/48\n"}
,{"stream_name":"stdout","time":1311.296350848,"data":"  batch 11/48\n"}
,{"stream_name":"stdout","time":1311.296364531,"data":"  batch 12/48\n"}
,{"stream_name":"stdout","time":1311.296367991,"data":"  batch 13/48\n"}
,{"stream_name":"stdout","time":1311.296371842,"data":"  batch 14/48\n"}
,{"stream_name":"stdout","time":1311.296376885,"data":"  batch 15/48\n"}
,{"stream_name":"stdout","time":1311.29639328,"data":"  batch 16/48\n"}
,{"stream_name":"stdout","time":1311.296399514,"data":"  batch 17/48\n"}
,{"stream_name":"stdout","time":1311.296406446,"data":"  batch 18/48\n"}
,{"stream_name":"stdout","time":1311.296409675,"data":"  batch 19/48\n"}
,{"stream_name":"stdout","time":1311.296412866,"data":"  batch 20/48\n"}
,{"stream_name":"stdout","time":1311.296416088,"data":"  batch 21/48\n"}
,{"stream_name":"stdout","time":1311.296419334,"data":"  batch 22/48\n"}
,{"stream_name":"stdout","time":1311.296422582,"data":"  batch 23/48\n"}
,{"stream_name":"stdout","time":1311.296425778,"data":"  batch 24/48\n"}
,{"stream_name":"stdout","time":1311.296429029,"data":"  batch 25/48\n"}
,{"stream_name":"stdout","time":1311.296432203,"data":"  batch 26/48\n"}
,{"stream_name":"stdout","time":1311.296435395,"data":"  batch 27/48\n"}
,{"stream_name":"stdout","time":1311.29643957,"data":"  batch 28/48\n"}
,{"stream_name":"stdout","time":1311.296442906,"data":"  batch 29/48\n"}
,{"stream_name":"stdout","time":1311.296461025,"data":"  batch 30/48\n"}
,{"stream_name":"stdout","time":1311.29646491,"data":"  batch 31/48\n"}
,{"stream_name":"stdout","time":1311.296469979,"data":"  batch 32/48\n"}
,{"stream_name":"stdout","time":1311.296474053,"data":"  batch 33/48\n"}
,{"stream_name":"stdout","time":1311.296477843,"data":"  batch 34/48\n"}
,{"stream_name":"stdout","time":1311.296481066,"data":"  batch 35/48\n"}
,{"stream_name":"stdout","time":1311.296484206,"data":"  batch 36/48\n"}
,{"stream_name":"stdout","time":1311.296487413,"data":"  batch 37/48\n"}
,{"stream_name":"stdout","time":1311.29649061,"data":"  batch 38/48\n"}
,{"stream_name":"stdout","time":1311.296493718,"data":"  batch 39/48\n"}
,{"stream_name":"stdout","time":1311.296497545,"data":"  batch 40/48\n"}
,{"stream_name":"stdout","time":1311.296500771,"data":"  batch 41/48\n"}
,{"stream_name":"stdout","time":1311.296503946,"data":"  batch 42/48\n"}
,{"stream_name":"stdout","time":1311.296507246,"data":"  batch 43/48\n"}
,{"stream_name":"stdout","time":1311.29651045,"data":"  batch 44/48\n"}
,{"stream_name":"stdout","time":1311.296513695,"data":"  batch 45/48\n"}
,{"stream_name":"stdout","time":1311.296516902,"data":"  batch 46/48\n"}
,{"stream_name":"stdout","time":1311.296520151,"data":"  batch 47/48\n"}
,{"stream_name":"stdout","time":1311.296523406,"data":"  batch 48/48\n"}
,{"stream_name":"stdout","time":1311.296526675,"data":"  EleutherAI/pythia-160m-seed8: 1800 items, acc=0.4044\n"}
,{"stream_name":"stdout","time":1311.296530003,"data":"  batch 1/48\n"}
,{"stream_name":"stdout","time":1311.296534975,"data":"  batch 2/48\n"}
,{"stream_name":"stdout","time":1311.29654101,"data":"  batch 3/48\n"}
,{"stream_name":"stdout","time":1311.296543924,"data":"  batch 4/48\n"}
,{"stream_name":"stdout","time":1311.296557387,"data":"  batch 5/48\n"}
,{"stream_name":"stdout","time":1311.2965613,"data":"  batch 6/48\n"}
,{"stream_name":"stdout","time":1311.296565164,"data":"  batch 7/48\n"}
,{"stream_name":"stdout","time":1311.296569121,"data":"  batch 8/48\n"}
,{"stream_name":"stdout","time":1311.296572904,"data":"  batch 9/48\n"}
,{"stream_name":"stdout","time":1311.296576043,"data":"  batch 10/48\n"}
,{"stream_name":"stdout","time":1311.296580194,"data":"  batch 11/48\n"}
,{"stream_name":"stdout","time":1311.296583323,"data":"  batch 12/48\n"}
,{"stream_name":"stdout","time":1311.296586494,"data":"  batch 13/48\n"}
,{"stream_name":"stdout","time":1311.296589691,"data":"  batch 14/48\n"}
,{"stream_name":"stdout","time":1311.296592823,"data":"  batch 15/48\n"}
,{"stream_name":"stdout","time":1311.296596097,"data":"  batch 16/48\n"}
,{"stream_name":"stdout","time":1311.296602658,"data":"  batch 17/48\n"}
,{"stream_name":"stdout","time":1311.296605887,"data":"  batch 18/48\n"}
,{"stream_name":"stdout","time":1311.296609019,"data":"  batch 19/48\n"}
,{"stream_name":"stdout","time":1311.296612196,"data":"  batch 20/48\n"}
,{"stream_name":"stdout","time":1311.296619993,"data":"  batch 21/48\n"}
,{"stream_name":"stdout","time":1311.296623286,"data":"  batch 22/48\n"}
,{"stream_name":"stdout","time":1311.296628251,"data":"  batch 23/48\n"}
,{"stream_name":"stdout","time":1311.296634401,"data":"  batch 24/48\n"}
,{"stream_name":"stdout","time":1311.296636771,"data":"  batch 25/48\n"}
,{"stream_name":"stdout","time":1311.296651479,"data":"  batch 26/48\n"}
,{"stream_name":"stdout","time":1311.296655329,"data":"  batch 27/48\n"}
,{"stream_name":"stdout","time":1311.296659225,"data":"  batch 28/48\n"}
,{"stream_name":"stdout","time":1311.296662738,"data":"  batch 29/48\n"}
,{"stream_name":"stdout","time":1311.296666442,"data":"  batch 30/48\n"}
,{"stream_name":"stdout","time":1311.296670073,"data":"  batch 31/48\n"}
,{"stream_name":"stdout","time":1311.296673309,"data":"  batch 32/48\n"}
,{"stream_name":"stdout","time":1311.296676465,"data":"  batch 33/48\n"}
,{"stream_name":"stdout","time":1311.2966796,"data":"  batch 34/48\n"}
,{"stream_name":"stdout","time":1311.296682768,"data":"  batch 35/48\n"}
,{"stream_name":"stdout","time":1311.296685911,"data":"  batch 36/48\n"}
,{"stream_name":"stdout","time":1311.296689042,"data":"  batch 37/48\n"}
,{"stream_name":"stdout","time":1311.296692189,"data":"  batch 38/48\n"}
,{"stream_name":"stdout","time":1311.296695357,"data":"  batch 39/48\n"}
,{"stream_name":"stdout","time":1311.29669858,"data":"  batch 40/48\n"}
,{"stream_name":"stdout","time":1311.296701721,"data":"  batch 41/48\n"}
,{"stream_name":"stdout","time":1311.296704928,"data":"  batch 42/48\n"}
,{"stream_name":"stdout","time":1311.29670809,"data":"  batch 43/48\n"}
,{"stream_name":"stdout","time":1311.296711253,"data":"  batch 44/48\n"}
,{"stream_name":"stdout","time":1311.296714399,"data":"  batch 45/48\n"}
,{"stream_name":"stdout","time":1311.296717538,"data":"  batch 46/48\n"}
,{"stream_name":"stdout","time":1311.296720655,"data":"  batch 47/48\n"}
,{"stream_name":"stdout","time":1311.29672594,"data":"  batch 48/48\n"}
,{"stream_name":"stdout","time":1311.296732268,"data":"  EleutherAI/pythia-160m-seed9: 1800 items, acc=0.3994\n"}
,{"stream_name":"stdout","time":1311.296735162,"data":"[job] ['160m'] step142000 n=200 items=1800 in 331s\n"}
,{"stream_name":"stdout","time":1311.296748613,"data":"\n"}
,{"stream_name":"stdout","time":1439.197410464,"data":"[worker 1] exit 0\n"}
,{"stream_name":"stdout","time":1439.24305613,"data":"10/131\n"}
,{"stream_name":"stdout","time":1439.243084127,"data":"  batch 11/131\n"}
,{"stream_name":"stdout","time":1439.243089763,"data":"  batch 12/131\n"}
,{"stream_name":"stdout","time":1439.243094722,"data":"  batch 13/131\n"}
,{"stream_name":"stdout","time":1439.243099991,"data":"  batch 14/131\n"}
,{"stream_name":"stdout","time":1439.243105714,"data":"  batch 15/131\n"}
,{"stream_name":"stdout","time":1439.243110699,"data":"  batch 16/131\n"}
,{"stream_name":"stdout","time":1439.243114984,"data":"  batch 17/131\n"}
,{"stream_name":"stdout","time":1439.243119179,"data":"  batch 18/131\n"}
,{"stream_name":"stdout","time":1439.243123576,"data":"  batch 19/131\n"}
,{"stream_name":"stdout","time":1439.243127786,"data":"  batch 20/131\n"}
,{"stream_name":"stdout","time":1439.243131962,"data":"  batch 21/131\n"}
,{"stream_name":"stdout","time":1439.243153618,"data":"  batch 22/131\n"}
,{"stream_name":"stdout","time":1439.243156419,"data":"  batch 23/131\n"}
,{"stream_name":"stdout","time":1439.243158601,"data":"  batch 24/131\n"}
,{"stream_name":"stdout","time":1439.243161049,"data":"  batch 25/131\n"}
,{"stream_name":"stdout","time":1439.243163179,"data":"  batch 26/131\n"}
,{"stream_name":"stdout","time":1439.243165349,"data":"  batch 27/131\n"}
,{"stream_name":"stdout","time":1439.243167486,"data":"  batch 28/131\n"}
,{"stream_name":"stdout","time":1439.243169721,"data":"  batch 29/131\n"}
,{"stream_name":"stdout","time":1439.243171859,"data":"  batch 30/131\n"}
,{"stream_name":"stdout","time":1439.243174052,"data":"  batch 31/131\n"}
,{"stream_name":"stdout","time":1439.243177146,"data":"  batch 32/131\n"}
,{"stream_name":"stdout","time":1439.243193474,"data":"  batch 33/131\n"}
,{"stream_name":"stdout","time":1439.243197227,"data":"  batch 34/131\n"}
,{"stream_name":"stdout","time":1439.243200931,"data":"  batch 35/131\n"}
,{"stream_name":"stdout","time":1439.243204943,"data":"  batch 36/131\n"}
,{"stream_name":"stdout","time":1439.24320881,"data":"  batch 37/131\n"}
,{"stream_name":"stdout","time":1439.243212025,"data":"  batch 38/131\n"}
,{"stream_name":"stdout","time":1439.243215217,"data":"  batch 39/131\n"}
,{"stream_name":"stdout","time":1439.243218356,"data":"  batch 40/131\n"}
,{"stream_name":"stdout","time":1439.243221599,"data":"  batch 41/131\n"}
,{"stream_name":"stdout","time":1439.243224771,"data":"  batch 42/131\n"}
,{"stream_name":"stdout","time":1439.243228071,"data":"  batch 43/131\n"}
,{"stream_name":"stdout","time":1439.243231196,"data":"  batch 44/131\n"}
,{"stream_name":"stdout","time":1439.243234338,"data":"  batch 45/131\n"}
,{"stream_name":"stdout","time":1439.243237512,"data":"  batch 46/131\n"}
,{"stream_name":"stdout","time":1439.24324072,"data":"  batch 47/131\n"}
,{"stream_name":"stdout","time":1439.243243871,"data":"  batch 48/131\n"}
,{"stream_name":"stdout","time":1439.243247002,"data":"  batch 49/131\n"}
,{"stream_name":"stdout","time":1439.243250113,"data":"  batch 50/131\n"}
,{"stream_name":"stdout","time":1439.24325504,"data":"  batch 51/131\n"}
,{"stream_name":"stdout","time":1439.243262182,"data":"  batch 52/131\n"}
,{"stream_name":"stdout","time":1439.24327012,"data":"  batch 53/131\n"}
,{"stream_name":"stdout","time":1439.243272651,"data":"  batch 54/131\n"}
,{"stream_name":"stdout","time":1439.243275682,"data":"  batch 55/131\n"}
,{"stream_name":"stdout","time":1439.243289997,"data":"  batch 56/131\n"}
,{"stream_name":"stdout","time":1439.243293854,"data":"  batch 57/131\n"}
,{"stream_name":"stdout","time":1439.243297679,"data":"  batch 58/131\n"}
,{"stream_name":"stdout","time":1439.243301633,"data":"  batch 59/131\n"}
,{"stream_name":"stdout","time":1439.243305489,"data":"  batch 60/131\n"}
,{"stream_name":"stdout","time":1439.243308767,"data":"  batch 61/131\n"}
,{"stream_name":"stdout","time":1439.243311891,"data":"  batch 62/131\n"}
,{"stream_name":"stdout","time":1439.243315035,"data":"  batch 63/131\n"}
,{"stream_name":"stdout","time":1439.243318164,"data":"  batch 64/131\n"}
,{"stream_name":"stdout","time":1439.243321256,"data":"  batch 65/131\n"}
,{"stream_name":"stdout","time":1439.243324378,"data":"  batch 66/131\n"}
,{"stream_name":"stdout","time":1439.243327639,"data":"  batch 67/131\n"}
,{"stream_name":"stdout","time":1439.243339956,"data":"  batch 68/131\n"}
,{"stream_name":"stdout","time":1439.243343289,"data":"  batch 69/131\n"}
,{"stream_name":"stdout","time":1439.243350869,"data":"  batch 70/131\n"}
,{"stream_name":"stdout","time":1439.243354191,"data":"  batch 71/131\n"}
,{"stream_name":"stdout","time":1439.243357342,"data":"  batch 72/131\n"}
,{"stream_name":"stdout","time":1439.243363019,"data":"  batch 73/131\n"}
,{"stream_name":"stdout","time":1439.243371522,"data":"  batch 74/131\n"}
,{"stream_name":"stdout","time":1439.243404943,"data":"  batch 75/131\n"}
,{"stream_name":"stdout","time":1439.243409189,"data":"  batch 76/131\n"}
,{"stream_name":"stdout","time":1439.243412586,"data":"  batch 77/131\n"}
,{"stream_name":"stdout","time":1439.243416348,"data":"  batch 78/131\n"}
,{"stream_name":"stdout","time":1439.243420081,"data":"  batch 79/131\n"}
,{"stream_name":"stdout","time":1439.243423561,"data":"  batch 80/131\n"}
,{"stream_name":"stdout","time":1439.243427197,"data":"  batch 81/131\n"}
,{"stream_name":"stdout","time":1439.243430911,"data":"  batch 82/131\n"}
,{"stream_name":"stdout","time":1439.243434516,"data":"  batch 83/131\n"}
,{"stream_name":"stdout","time":1439.243437986,"data":"  batch 84/131\n"}
,{"stream_name":"stdout","time":1439.243441439,"data":"  batch 85/131\n"}
,{"stream_name":"stdout","time":1439.243444709,"data":"  batch 86/131\n"}
,{"stream_name":"stdout","time":1439.243448048,"data":"  batch 87/131\n"}
,{"stream_name":"stdout","time":1439.243451511,"data":"  batch 88/131\n"}
,{"stream_name":"stdout","time":1439.243455163,"data":"  batch 89/131\n"}
,{"stream_name":"stdout","time":1439.243458735,"data":"  batch 90/131\n"}
,{"stream_name":"stdout","time":1439.243462032,"data":"  batch 91/131\n"}
,{"stream_name":"stdout","time":1439.243465187,"data":"  batch 92/131\n"}
,{"stream_name":"stdout","time":1439.243468384,"data":"  batch 93/131\n"}
,{"stream_name":"stdout","time":1439.243471469,"data":"  batch 94/131\n"}
,{"stream_name":"stdout","time":1439.243474646,"data":"  batch 95/131\n"}
,{"stream_name":"stdout","time":1439.243479222,"data":"  batch 96/131\n"}
,{"stream_name":"stdout","time":1439.243483301,"data":"  batch 97/131\n"}
,{"stream_name":"stdout","time":1439.243487156,"data":"  batch 98/131\n"}
,{"stream_name":"stdout","time":1439.24349117,"data":"  batch 99/131\n"}
,{"stream_name":"stdout","time":1439.243494706,"data":"  batch 100/131\n"}
,{"stream_name":"stdout","time":1439.243497939,"data":"  batch 101/131\n"}
,{"stream_name":"stdout","time":1439.243501102,"data":"  batch 102/131\n"}
,{"stream_name":"stdout","time":1439.243504321,"data":"  batch 103/131\n"}
,{"stream_name":"stdout","time":1439.243507429,"data":"  batch 104/131\n"}
,{"stream_name":"stdout","time":1439.243510582,"data":"  batch 105/131\n"}
,{"stream_name":"stdout","time":1439.243513748,"data":"  batch 106/131\n"}
,{"stream_name":"stdout","time":1439.243516897,"data":"  batch 107/131\n"}
,{"stream_name":"stdout","time":1439.243520006,"data":"  batch 108/131\n"}
,{"stream_name":"stdout","time":1439.243523141,"data":"  batch 109/131\n"}
,{"stream_name":"stdout","time":1439.243526281,"data":"  batch 110/131\n"}
,{"stream_name":"stdout","time":1439.243529641,"data":"  batch 111/131\n"}
,{"stream_name":"stdout","time":1439.243532922,"data":"  batch 112/131\n"}
,{"stream_name":"stdout","time":1439.243536014,"data":"  batch 113/131\n"}
,{"stream_name":"stdout","time":1439.243539163,"data":"  batch 114/131\n"}
,{"stream_name":"stdout","time":1439.243542342,"data":"  batch 115/131\n"}
,{"stream_name":"stdout","time":1439.243545565,"data":"  batch 116/131\n"}
,{"stream_name":"stdout","time":1439.243550414,"data":"  batch 117/131\n"}
,{"stream_name":"stdout","time":1439.243557623,"data":"  batch 118/131\n"}
,{"stream_name":"stdout","time":1439.243577547,"data":"  batch 119/131\n"}
,{"stream_name":"stdout","time":1439.243581944,"data":"  batch 120/131\n"}
,{"stream_name":"stdout","time":1439.243585481,"data":"  batch 121/131\n"}
,{"stream_name":"stdout","time":1439.243589247,"data":"  batch 122/131\n"}
,{"stream_name":"stdout","time":1439.243593162,"data":"  batch 123/131\n"}
,{"stream_name":"stdout","time":1439.243596753,"data":"  batch 124/131\n"}
,{"stream_name":"stdout","time":1439.243599866,"data":"  batch 125/131\n"}
,{"stream_name":"stdout","time":1439.243603082,"data":"  batch 126/131\n"}
,{"stream_name":"stdout","time":1439.243606207,"data":"  batch 127/131\n"}
,{"stream_name":"stdout","time":1439.243609415,"data":"  batch 128/131\n"}
,{"stream_name":"stdout","time":1439.243612511,"data":"  batch 129/131\n"}
,{"stream_name":"stdout","time":1439.243615724,"data":"  batch 130/131\n"}
,{"stream_name":"stdout","time":1439.243618942,"data":"  batch 131/131\n"}
,{"stream_name":"stdout","time":1439.243622241,"data":"  EleutherAI/pythia-31m-seed8: 4755 items, acc=0.3729\n"}
,{"stream_name":"stdout","time":1439.243625572,"data":"  batch 1/131\n"}
,{"stream_name":"stdout","time":1439.243628697,"data":"  batch 2/131\n"}
,{"stream_name":"stdout","time":1439.243631837,"data":"  batch 3/131\n"}
,{"stream_name":"stdout","time":1439.243635004,"data":"  batch 4/131\n"}
,{"stream_name":"stdout","time":1439.243638113,"data":"  batch 5/131\n"}
,{"stream_name":"stdout","time":1439.243641256,"data":"  batch 6/131\n"}
,{"stream_name":"stdout","time":1439.243644436,"data":"  batch 7/131\n"}
,{"stream_name":"stdout","time":1439.243647594,"data":"  batch 8/131\n"}
,{"stream_name":"stdout","time":1439.243652579,"data":"  batch 9/131\n"}
,{"stream_name":"stdout","time":1439.243660879,"data":"  batch 10/131\n"}
,{"stream_name":"stdout","time":1439.243676486,"data":"  batch 11/131\n"}
,{"stream_name":"stdout","time":1439.243680666,"data":"  batch 12/131\n"}
,{"stream_name":"stdout","time":1439.243684336,"data":"  batch 13/131\n"}
,{"stream_name":"stdout","time":1439.243688369,"data":"  batch 14/131\n"}
,{"stream_name":"stdout","time":1439.243692221,"data":"  batch 15/131\n"}
,{"stream_name":"stdout","time":1439.243695427,"data":"  batch 16/131\n"}
,{"stream_name":"stdout","time":1439.243698532,"data":"  batch 17/131\n"}
,{"stream_name":"stdout","time":1439.243701634,"data":"  batch 18/131\n"}
,{"stream_name":"stdout","time":1439.243704942,"data":"  batch 19/131\n"}
,{"stream_name":"stdout","time":1439.24370805,"data":"  batch 20/131\n"}
,{"stream_name":"stdout","time":1439.24371121,"data":"  batch 21/131\n"}
,{"stream_name":"stdout","time":1439.243714296,"data":"  batch 22/131\n"}
,{"stream_name":"stdout","time":1439.243717784,"data":"  batch 23/131\n"}
,{"stream_name":"stdout","time":1439.243720925,"data":"  batch 24/131\n"}
,{"stream_name":"stdout","time":1439.243724096,"data":"  batch 25/131\n"}
,{"stream_name":"stdout","time":1439.243727179,"data":"  batch 26/131\n"}
,{"stream_name":"stdout","time":1439.243730371,"data":"  batch 27/131\n"}
,{"stream_name":"stdout","time":1439.243733478,"data":"  batch 28/131\n"}
,{"stream_name":"stdout","time":1439.243736701,"data":"  batch 29/131\n"}
,{"stream_name":"stdout","time":1439.243739871,"data":"  batch 30/131\n"}
,{"stream_name":"stdout","time":1439.243743064,"data":"  batch 31/131\n"}
,{"stream_name":"stdout","time":1439.243748279,"data":"  batch 32/131\n"}
,{"stream_name":"stdout","time":1439.243754969,"data":"  batch 33/131\n"}
,{"stream_name":"stdout","time":1439.243773312,"data":"  batch 34/131\n"}
,{"stream_name":"stdout","time":1439.243777569,"data":"  batch 35/131\n"}
,{"stream_name":"stdout","time":1439.243781473,"data":"  batch 36/131\n"}
,{"stream_name":"stdout","time":1439.243785322,"data":"  batch 37/131\n"}
,{"stream_name":"stdout","time":1439.243788973,"data":"  batch 38/131\n"}
,{"stream_name":"stdout","time":1439.243792226,"data":"  batch 39/131\n"}
,{"stream_name":"stdout","time":1439.243795402,"data":"  batch 40/131\n"}
,{"stream_name":"stdout","time":1439.243798524,"data":"  batch 41/131\n"}
,{"stream_name":"stdout","time":1439.243801705,"data":"  batch 42/131\n"}
,{"stream_name":"stdout","time":1439.243804806,"data":"  batch 43/131\n"}
,{"stream_name":"stdout","time":1439.243807936,"data":"  batch 44/131\n"}
,{"stream_name":"stdout","time":1439.243811111,"data":"  batch 45/131\n"}
,{"stream_name":"stdout","time":1439.243814269,"data":"  batch 46/131\n"}
,{"stream_name":"stdout","time":1439.243817431,"data":"  batch 47/131\n"}
,{"stream_name":"stdout","time":1439.243820591,"data":"  batch 48/131\n"}
,{"stream_name":"stdout","time":1439.243823752,"data":"  batch 49/131\n"}
,{"stream_name":"stdout","time":1439.243826919,"data":"  batch 50/131\n"}
,{"stream_name":"stdout","time":1439.243830072,"data":"  batch 51/131\n"}
,{"stream_name":"stdout","time":1439.243833166,"data":"  batch 52/131\n"}
,{"stream_name":"stdout","time":1439.243836313,"data":"  batch 53/131\n"}
,{"stream_name":"stdout","time":1439.243839434,"data":"  batch 54/131\n"}
,{"stream_name":"stdout","time":1439.243842717,"data":"  batch 55/131\n"}
,{"stream_name":"stdout","time":1439.243850917,"data":"  batch 56/131\n"}
,{"stream_name":"stdout","time":1439.243853904,"data":"  batch 57/131\n"}
,{"stream_name":"stdout","time":1439.243870253,"data":"  batch 58/131\n"}
,{"stream_name":"stdout","time":1439.243874187,"data":"  batch 59/131\n"}
,{"stream_name":"stdout","time":1439.243878052,"data":"  batch 60/131\n"}
,{"stream_name":"stdout","time":1439.243881917,"data":"  batch 61/131\n"}
,{"stream_name":"stdout","time":1439.243885646,"data":"  batch 62/131\n"}
,{"stream_name":"stdout","time":1439.243888893,"data":"  batch 63/131\n"}
,{"stream_name":"stdout","time":1439.243892036,"data":"  batch 64/131\n"}
,{"stream_name":"stdout","time":1439.243895219,"data":"  batch 65/131\n"}
,{"stream_name":"stdout","time":1439.243898419,"data":"  batch 66/131\n"}
,{"stream_name":"stdout","time":1439.243901512,"data":"  batch 67/131\n"}
,{"stream_name":"stdout","time":1439.243904599,"data":"  batch 68/131\n"}
,{"stream_name":"stdout","time":1439.243907747,"data":"  batch 69/131\n"}
,{"stream_name":"stdout","time":1439.243910885,"data":"  batch 70/131\n"}
,{"stream_name":"stdout","time":1439.243914044,"data":"  batch 71/131\n"}
,{"stream_name":"stdout","time":1439.243917211,"data":"  batch 72/131\n"}
,{"stream_name":"stdout","time":1439.243920368,"data":"  batch 73/131\n"}
,{"stream_name":"stdout","time":1439.243923524,"data":"  batch 74/131\n"}
,{"stream_name":"stdout","time":1439.243926647,"data":"  batch 75/131\n"}
,{"stream_name":"stdout","time":1439.243929834,"data":"  batch 76/131\n"}
,{"stream_name":"stdout","time":1439.243932934,"data":"  batch 77/131\n"}
,{"stream_name":"stdout","time":1439.243936055,"data":"  batch 78/131\n"}
,{"stream_name":"stdout","time":1439.243940899,"data":"  batch 79/131\n"}
,{"stream_name":"stdout","time":1439.243946903,"data":"  batch 80/131\n"}
,{"stream_name":"stdout","time":1439.243949146,"data":"  batch 81/131\n"}
,{"stream_name":"stdout","time":1439.243963211,"data":"  batch 82/131\n"}
,{"stream_name":"stdout","time":1439.243976132,"data":"  batch 83/131\n"}
,{"stream_name":"stdout","time":1439.243979756,"data":"  batch 84/131\n"}
,{"stream_name":"stdout","time":1439.243983664,"data":"  batch 85/131\n"}
,{"stream_name":"stdout","time":1439.243987176,"data":"  batch 86/131\n"}
,{"stream_name":"stdout","time":1439.24399309,"data":"  batch 87/131\n"}
,{"stream_name":"stdout","time":1439.243996222,"data":"  batch 88/131\n"}
,{"stream_name":"stdout","time":1439.243999388,"data":"  batch 89/131\n"}
,{"stream_name":"stdout","time":1439.244002528,"data":"  batch 90/131\n"}
,{"stream_name":"stdout","time":1439.244005598,"data":"  batch 91/131\n"}
,{"stream_name":"stdout","time":1439.244008706,"data":"  batch 92/131\n"}
,{"stream_name":"stdout","time":1439.244011871,"data":"  batch 93/131\n"}
,{"stream_name":"stdout","time":1439.244014992,"data":"  batch 94/131\n"}
,{"stream_name":"stdout","time":1439.244018149,"data":"  batch 95/131\n"}
,{"stream_name":"stdout","time":1439.244021322,"data":"  batch 96/131\n"}
,{"stream_name":"stdout","time":1439.244024427,"data":"  batch 97/131\n"}
,{"stream_name":"stdout","time":1439.244027594,"data":"  batch 98/131\n"}
,{"stream_name":"stdout","time":1439.244030716,"data":"  batch 99/131\n"}
,{"stream_name":"stdout","time":1439.244033846,"data":"  batch 100/131\n"}
,{"stream_name":"stdout","time":1439.24403703,"data":"  batch 101/131\n"}
,{"stream_name":"stdout","time":1439.244041892,"data":"  batch 102/131\n"}
,{"stream_name":"stdout","time":1439.24404904,"data":"  batch 103/131\n"}
,{"stream_name":"stdout","time":1439.244051951,"data":"  batch 104/131\n"}
,{"stream_name":"stdout","time":1439.244066496,"data":"  batch 105/131\n"}
,{"stream_name":"stdout","time":1439.244070679,"data":"  batch 106/131\n"}
,{"stream_name":"stdout","time":1439.244074676,"data":"  batch 107/131\n"}
,{"stream_name":"stdout","time":1439.244078551,"data":"  batch 108/131\n"}
,{"stream_name":"stdout","time":1439.244082322,"data":"  batch 109/131\n"}
,{"stream_name":"stdout","time":1439.244085451,"data":"  batch 110/131\n"}
,{"stream_name":"stdout","time":1439.244088629,"data":"  batch 111/131\n"}
,{"stream_name":"stdout","time":1439.244091872,"data":"  batch 112/131\n"}
,{"stream_name":"stdout","time":1439.244095037,"data":"  batch 113/131\n"}
,{"stream_name":"stdout","time":1439.244098157,"data":"  batch 114/131\n"}
,{"stream_name":"stdout","time":1439.244101337,"data":"  batch 115/131\n"}
,{"stream_name":"stdout","time":1439.244104469,"data":"  batch 116/131\n"}
,{"stream_name":"stdout","time":1439.24410763,"data":"  batch 117/131\n"}
,{"stream_name":"stdout","time":1439.244110816,"data":"  batch 118/131\n"}
,{"stream_name":"stdout","time":1439.244114041,"data":"  batch 119/131\n"}
,{"stream_name":"stdout","time":1439.244117227,"data":"  batch 120/131\n"}
,{"stream_name":"stdout","time":1439.244120364,"data":"  batch 121/131\n"}
,{"stream_name":"stdout","time":1439.244123536,"data":"  batch 122/131\n"}
,{"stream_name":"stdout","time":1439.244126724,"data":"  batch 123/131\n"}
,{"stream_name":"stdout","time":1439.2441298,"data":"  batch 124/131\n"}
,{"stream_name":"stdout","time":1439.244132941,"data":"  batch 125/131\n"}
,{"stream_name":"stdout","time":1439.244137894,"data":"  batch 126/131\n"}
,{"stream_name":"stdout","time":1439.244144214,"data":"  batch 127/131\n"}
,{"stream_name":"stdout","time":1439.244146887,"data":"  batch 128/131\n"}
,{"stream_name":"stdout","time":1439.24416103,"data":"  batch 129/131\n"}
,{"stream_name":"stdout","time":1439.244168179,"data":"  batch 130/131\n"}
,{"stream_name":"stdout","time":1439.244175411,"data":"  batch 131/131\n"}
,{"stream_name":"stdout","time":1439.244178849,"data":"  EleutherAI/pythia-31m-seed9: 4755 items, acc=0.3563\n"}
,{"stream_name":"stdout","time":1439.244182197,"data":"[job] ['31m'] step143000 n=500 items=4755 in 282s\n"}
,{"stream_name":"stdout","time":1439.244185536,"data":"\n"}
,{"stream_name":"stdout","time":1439.255029593,"data":"[runs] 63 saved\n"}
,{"stream_name":"stdout","time":1439.258031088,"data":"[done] 1439s\n"}
,{"stream_name":"stderr","time":1441.30096667,"data":"/usr/local/lib/python3.12/dist-packages/mistune.py:435: SyntaxWarning: invalid escape sequence '\\|'\n"}
,{"stream_name":"stderr","time":1441.30102361,"data":"  cells[i][c] = re.sub('\\\\\\\\\\|', '|', cell)\n"}
,{"stream_name":"stderr","time":1441.513647916,"data":"/usr/local/lib/python3.12/dist-packages/nbconvert/filters/filter_links.py:36: SyntaxWarning: invalid escape sequence '\\_'\n"}
,{"stream_name":"stderr","time":1441.513673176,"data":"  text = re.sub(r'_', '\\_', text) # Escape underscores in display text\n"}
,{"stream_name":"stderr","time":1442.129876236,"data":"[NbConvertApp] Converting notebook __script__.ipynb to html\n"}
,{"stream_name":"stderr","time":1443.287855753,"data":"[NbConvertApp] Writing 294660 bytes to __results__.html\n"}
]