[{"stream_name":"stdout","time":1.341809571,"data":"[env] python 3.12.13 (main, Mar  4 2026, 09:23:07) [GCC 11.4.0] Linux-6.12.90+-x86_64-with-glibc2.35\n"}
,{"stream_name":"stdout","time":43.670847198,"data":"{\n"}
,{"stream_name":"stdout","time":43.670890635,"data":" \"configs\": 125,\n"}
,{"stream_name":"stdout","time":43.670897982,"data":" \"runs\": 375,\n"}
,{"stream_name":"stdout","time":43.67093826,"data":" \"items\": 37682,\n"}
,{"stream_name":"stdout","time":43.670946547,"data":" \"half_A\": 18840,\n"}
,{"stream_name":"stdout","time":43.670953541,"data":" \"half_B\": 18842,\n"}
,{"stream_name":"stdout","time":43.670959616,"data":" \"items_per_trait\": {\n"}
,{"stream_name":"stdout","time":43.67096577,"data":"  \"arc_challenge\": 1172,\n"}
,{"stream_name":"stdout","time":43.670972694,"data":"  \"arc_easy\": 2376,\n"}
,{"stream_name":"stdout","time":43.67097878,"data":"  \"boolq\": 3270,\n"}
,{"stream_name":"stdout","time":43.670984995,"data":"  \"csqa\": 1221,\n"}
,{"stream_name":"stdout","time":43.670991147,"data":"  \"hellaswag\": 10042,\n"}
,{"stream_name":"stdout","time":43.670997253,"data":"  \"mmlu\": 14042,\n"}
,{"stream_name":"stdout","time":43.671003389,"data":"  \"openbookqa\": 500,\n"}
,{"stream_name":"stdout","time":43.671009517,"data":"  \"piqa\": 1838,\n"}
,{"stream_name":"stdout","time":43.671015789,"data":"  \"socialiqa\": 1954,\n"}
,{"stream_name":"stdout","time":43.671022041,"data":"  \"winogrande\": 1267\n"}
,{"stream_name":"stdout","time":43.671027993,"data":" },\n"}
,{"stream_name":"stdout","time":43.671034414,"data":" \"written\": {\n"}
,{"stream_name":"stdout","time":43.671040816,"data":"  \"margin\": \"/kaggle/working/datasets/base/margin/scores.json\",\n"}
,{"stream_name":"stdout","time":43.671047401,"data":"  \"accuracy\": \"/kaggle/working/datasets/base/accuracy/scores.json\"\n"}
,{"stream_name":"stdout","time":43.671054127,"data":" }\n"}
,{"stream_name":"stdout","time":43.671060633,"data":"}\n"}
,{"stream_name":"stdout","time":44.605501945,"data":"[scale] {\"arc_challenge\": 0.2680275062435816, \"arc_easy\": 0.2695061066317795, \"boolq\": 0.2991698194108569, \"csqa\": 0.46785070035037984, \"hellaswag\": 0.1519481125925599, \"mmlu\": 0.32674714746177813, \"openbookqa\": 0.40071322988986435, \"piqa\": 0.1725049273674711, \"socialiqa\": 0.3789136596852603, \"winogrande\": 0.08656868303713568}\n"}
,{"stream_name":"stdout","time":61.88932663,"data":"C01: FINISHED_UNCHECKED; inspect /kaggle/working/SNAP/C01_margin_identity/result.json\n"}
,{"stream_name":"stdout","time":62.969349105,"data":"{\"lambda\": 1.2439499117191135, \"wild\": {\"lo\": 1.1429001912272698, \"hi\": 1.3376841038790925, \"se\": 0.04500996929632814, \"method\": \"wild cluster bootstrap-t (G=25)\"}, \"cluster_t\": {\"lo\": 1.1472991823302265, \"hi\": 1.3336143940271394, \"se\": 0.04500996929632814, \"method\": \"cluster-robust t(24)\"}, \"config\": {\"lo\": 1.0693822391016938, \"hi\": 1.4255381896468478, \"se\": 0.0928081557738457, \"method\": \"configuration percentile bootstrap\"}, \"aggregate_sd\": 0.005715856790482671}\n"}
,{"stream_name":"stdout","time":63.083681864,"data":"[identity] lambda 1.24395 wild {'lo': 1.1429001912272698, 'hi': 1.3376841038790925, 'se': 0.04500996929632814, 'method': 'wild cluster bootstrap-t (G=25)'} trace_shares {\"arc_challenge\": 0.007299667301324872, \"arc_easy\": 0.03892398801427321, \"boolq\": 0.6790457309159338, \"csqa\": 0.2055639810535303, \"hellaswag\": 0.00031853813606944845, \"mmlu\": 0.00672856977729291, \"openbookqa\": 0.01541749402518035, \"piqa\": 0.00034369469315826887, \"socialiqa\": 0.046507554171983885, \"winogrande\": -0.00014921808874717078}\n"}
,{"stream_name":"stdout","time":78.9298973,"data":"C01: FINISHED_UNCHECKED; inspect /kaggle/working/SNAP/C01_margin_global_x10/result.json\n"}
,{"stream_name":"stdout","time":80.003444657,"data":"{\"lambda\": 1.2439499117191135, \"wild\": {\"lo\": 1.1429001912272696, \"hi\": 1.3376841038790928, \"se\": 0.04500996929632816, \"method\": \"wild cluster bootstrap-t (G=25)\"}, \"cluster_t\": {\"lo\": 1.1472991823302265, \"hi\": 1.3336143940271394, \"se\": 0.04500996929632816, \"method\": \"cluster-robust t(24)\"}, \"config\": {\"lo\": 1.0693822391016936, \"hi\": 1.4255381896468478, \"se\": 0.09280815577384575, \"method\": \"configuration percentile bootstrap\"}, \"aggregate_sd\": 0.05715856790482671}\n"}
,{"stream_name":"stdout","time":80.107626385,"data":"[global_x10] lambda 1.24395 wild {'lo': 1.1429001912272696, 'hi': 1.3376841038790928, 'se': 0.04500996929632816, 'method': 'wild cluster bootstrap-t (G=25)'} trace_shares {\"arc_challenge\": 0.007299667301324884, \"arc_easy\": 0.038923988014273235, \"boolq\": 0.6790457309159338, \"csqa\": 0.20556398105353038, \"hellaswag\": 0.0003185381360694487, \"mmlu\": 0.006728569777292917, \"openbookqa\": 0.015417494025180351, \"piqa\": 0.00034369469315826876, \"socialiqa\": 0.046507554171983885, \"winogrande\": -0.00014921808874717091}\n"}
,{"stream_name":"stdout","time":87.138988746,"data":"C01: FINISHED_UNCHECKED; inspect /kaggle/working/SNAP/C01_margin_standardised/result.json\n"}
,{"stream_name":"stdout","time":88.214106947,"data":"{\"lambda\": 1.18233304030201, \"wild\": {\"lo\": 1.0940316263402274, \"hi\": 1.2654471931509628, \"se\": 0.038702967567308524, \"method\": \"wild cluster bootstrap-t (G=25)\"}, \"cluster_t\": {\"lo\": 1.0995563916790285, \"hi\": 1.2596819352111803, \"se\": 0.038702967567308524, \"method\": \"cluster-robust t(24)\"}, \"config\": {\"lo\": 1.0224149996472587, \"hi\": 1.3657540007874058, \"se\": 0.08998991232982155, \"method\": \"configuration percentile bootstrap\"}, \"aggregate_sd\": 0.016878173995074925}\n"}
,{"stream_name":"stdout","time":88.324348433,"data":"[standardised] lambda 1.18233 wild {'lo': 1.0940316263402274, 'hi': 1.2654471931509628, 'se': 0.038702967567308524, 'method': 'wild cluster bootstrap-t (G=25)'} trace_shares {\"arc_challenge\": 0.010527614151421321, \"arc_easy\": 0.05552208079458942, \"boolq\": 0.7860480388818908, \"csqa\": 0.09730117300042664, \"hellaswag\": 0.0014294087574142143, \"mmlu\": 0.006529572896903309, \"openbookqa\": 0.00994791464146972, \"piqa\": 0.0011966177512057568, \"socialiqa\": 0.03356051379861637, \"winogrande\": -0.002062934673937507}\n"}
,{"stream_name":"stdout","time":95.779625586,"data":"C01: FINISHED_UNCHECKED; inspect /kaggle/working/SNAP/C01_margin_winsorised/result.json\n"}
,{"stream_name":"stdout","time":96.865005842,"data":"{\"lambda\": 1.1343354279318327, \"wild\": {\"lo\": 1.0484389570430537, \"hi\": 1.2134772585857696, \"se\": 0.039153153195046184, \"method\": \"wild cluster bootstrap-t (G=25)\"}, \"cluster_t\": {\"lo\": 1.050423628221203, \"hi\": 1.2124536805161639, \"se\": 0.039153153195046184, \"method\": \"cluster-robust t(24)\"}, \"config\": {\"lo\": 1.0338103922959783, \"hi\": 1.2347283968452407, \"se\": 0.05154787583169138, \"method\": \"configuration percentile bootstrap\"}, \"aggregate_sd\": 0.008830459413893666}\n"}
,{"stream_name":"stdout","time":96.972833168,"data":"[winsorised] lambda 1.13434 wild {'lo': 1.0484389570430537, 'hi': 1.2134772585857696, 'se': 0.039153153195046184, 'method': 'wild cluster bootstrap-t (G=25)'} trace_shares {\"arc_challenge\": 0.004587481045975856, \"arc_easy\": 0.043753119006589715, \"boolq\": 0.8273842166114147, \"csqa\": 0.09145893439798077, \"hellaswag\": 0.0020381945108789937, \"mmlu\": 0.0018596444314162893, \"openbookqa\": 0.008365683964275943, \"piqa\": 0.0012192674935249102, \"socialiqa\": 0.02266564679307424, \"winogrande\": -0.0033321882551315594}\n"}
,{"stream_name":"stdout","time":106.896543768,"data":"C01: FINISHED_UNCHECKED; inspect /kaggle/working/SNAP/C01_margin_tanh/result.json\n"}
,{"stream_name":"stdout","time":107.997934368,"data":"{\"lambda\": 1.1407453832709724, \"wild\": {\"lo\": 1.0534006656841506, \"hi\": 1.222205133919692, \"se\": 0.04006322922879265, \"method\": \"wild cluster bootstrap-t (G=25)\"}, \"cluster_t\": {\"lo\": 1.0548230550119972, \"hi\": 1.2206344176383166, \"se\": 0.04006322922879265, \"method\": \"cluster-robust t(24)\"}, \"config\": {\"lo\": 1.0367005345777425, \"hi\": 1.2440568789620645, \"se\": 0.05302421239555945, \"method\": \"configuration percentile bootstrap\"}, \"aggregate_sd\": 0.007901145944143437}\n"}
,{"stream_name":"stdout","time":108.106417434,"data":"[tanh] lambda 1.14075 wild {'lo': 1.0534006656841506, 'hi': 1.222205133919692, 'se': 0.04006322922879265, 'method': 'wild cluster bootstrap-t (G=25)'} trace_shares {\"arc_challenge\": 0.004801838084863814, \"arc_easy\": 0.04627456642234751, \"boolq\": 0.8217568429682233, \"csqa\": 0.09380151270343035, \"hellaswag\": 0.002055891283507643, \"mmlu\": 0.0020403185292414447, \"openbookqa\": 0.007881584044903302, \"piqa\": 0.0012505162444496163, \"socialiqa\": 0.023579891850107074, \"winogrande\": -0.0034429621310739455}\n"}
,{"stream_name":"stdout","time":118.538465756,"data":"C01: FINISHED_UNCHECKED; inspect /kaggle/working/SNAP/C01_margin_tanh_half/result.json\n"}
,{"stream_name":"stdout","time":119.603658643,"data":"{\"lambda\": 1.1198193000140415, \"wild\": {\"lo\": 1.032048772289114, \"hi\": 1.2003226361262662, \"se\": 0.039139898168477044, \"method\": \"wild cluster bootstrap-t (G=25)\"}, \"cluster_t\": {\"lo\": 1.0358935817463557, \"hi\": 1.197879383187048, \"se\": 0.039139898168477044, \"method\": \"cluster-robust t(24)\"}, \"config\": {\"lo\": 1.01991341896314, \"hi\": 1.2212149313786653, \"se\": 0.05164968608197599, \"method\": \"configuration percentile bootstrap\"}, \"aggregate_sd\": 0.009442009498444717}\n"}
,{"stream_name":"stdout","time":119.713756795,"data":"[tanh_half] lambda 1.11982 wild {'lo': 1.032048772289114, 'hi': 1.2003226361262662, 'se': 0.039139898168477044, 'method': 'wild cluster bootstrap-t (G=25)'} trace_shares {\"arc_challenge\": 0.004972166935883804, \"arc_easy\": 0.04220357226153181, \"boolq\": 0.8310602241423125, \"csqa\": 0.08934961413069446, \"hellaswag\": 0.002121176043999769, \"mmlu\": 0.0014970004935446625, \"openbookqa\": 0.008418984945294649, \"piqa\": 0.0010545183843613242, \"socialiqa\": 0.023376310853578795, \"winogrande\": -0.00405356819120174}\n"}
,{"stream_name":"stdout","time":125.404782597,"data":"C01: FINISHED_UNCHECKED; inspect /kaggle/working/SNAP/C01_margin_sign/result.json\n"}
,{"stream_name":"stdout","time":126.475577249,"data":"{\"lambda\": 1.0790369437462395, \"wild\": {\"lo\": 0.9924452422391878, \"hi\": 1.1579261727981371, \"se\": 0.03783756718398463, \"method\": \"wild cluster bootstrap-t (G=25)\"}, \"cluster_t\": {\"lo\": 0.997893018630102, \"hi\": 1.1544916523335078, \"se\": 0.03783756718398463, \"method\": \"cluster-robust t(24)\"}, \"config\": {\"lo\": 0.9762007072298516, \"hi\": 1.1834123453905496, \"se\": 0.05189591326300448, \"method\": \"configuration percentile bootstrap\"}, \"aggregate_sd\": 0.010290950641826852}\n"}
,{"stream_name":"stdout","time":126.572353247,"data":"[sign] lambda 1.07904 wild {'lo': 0.9924452422391878, 'hi': 1.1579261727981371, 'se': 0.03783756718398463, 'method': 'wild cluster bootstrap-t (G=25)'} trace_shares {\"arc_challenge\": 0.011129598308208252, \"arc_easy\": 0.0401469860533673, \"boolq\": 0.8438185535325075, \"csqa\": 0.08081785889507859, \"hellaswag\": 0.0027664825767888595, \"mmlu\": 0.0001446937826367307, \"openbookqa\": 0.01017911654274401, \"piqa\": -0.0006567808471179767, \"socialiqa\": 0.021724562590893906, \"winogrande\": -0.01007107143510722}\n"}
,{"stream_name":"stdout","time":126.651831352,"data":"[done] 125s\n"}
,{"stream_name":"stderr","time":129.606376332,"data":"/usr/local/lib/python3.12/dist-packages/mistune.py:435: SyntaxWarning: invalid escape sequence '\\|'\n"}
,{"stream_name":"stderr","time":129.606435255,"data":"  cells[i][c] = re.sub('\\\\\\\\\\|', '|', cell)\n"}
,{"stream_name":"stderr","time":129.998739925,"data":"/usr/local/lib/python3.12/dist-packages/nbconvert/filters/filter_links.py:36: SyntaxWarning: invalid escape sequence '\\_'\n"}
,{"stream_name":"stderr","time":129.998770325,"data":"  text = re.sub(r'_', '\\_', text) # Escape underscores in display text\n"}
,{"stream_name":"stderr","time":130.996510768,"data":"[NbConvertApp] Converting notebook __script__.ipynb to html\n"}
,{"stream_name":"stderr","time":132.789033024,"data":"[NbConvertApp] Writing 303261 bytes to __results__.html\n"}
]