[{"stream_name":"stdout","time":1.186185209,"data":"[env] python 3.12.13 (main, Mar  4 2026, 09:23:07) [GCC 11.4.0] Linux-6.12.90+-x86_64-with-glibc2.35\n"}
,{"stream_name":"stdout","time":24.232893828999998,"data":"[base] {\"n_config\": 125, \"n_runs_read\": 375, \"dropped_cells\": [], \"recipes\": [\"Falcon-with-cc-top-orig-10p\", \"Falcon-with-cc-top-tulu-10p\", \"c4\", \"dclm-baseline\", \"dclm-baseline-25p-dolma1.7-75p\", \"dclm-baseline-50p-dolma1.7-50p\", \"dclm-baseline-75p-dolma1.7-25p\", \"dclm-baseline-top-10p\", \"dclm-baseline-top-20p\", \"dclm-baseline-top-fw-10p\", \"dclm-baseline-top-fw-3p\", \"dclm-baseline-top-fw2-7p\", \"dclm-baseline-top-fw3-7p\", \"dolma1.6++\", \"dolma1.7\", \"dolma1.7-no-code\", \"dolma1.7-no-flan\", \"dolma1.7-no-math-no-code\", \"dolma1.7-no-reddit\", \"falcon\", \"falcon-with-cc\", \"falcon-with-cc-top-10p\", \"falcon-with-cc-top-20p\", \"fineweb-edu\", \"fineweb-pro\"], \"sizes\": [\"150M\", \"300M\", \"530M\", \"750M\", \"1B\"], \"half_A_items\": 18840, \"half_B_items\": 18842, \"split_seed\": 20260101}\n"}
,{"stream_name":"stdout","time":24.23621729,"data":"[frobenius/margin] {\"distance\": 5.5889241525709785, \"undefined_offdiagonal_ordered\": 18, \"undefined_diagonal\": 1, \"diagonal_squared_contribution\": 1.0, \"negative_seed_variances\": 1, \"record_distance\": 5.59}\n"}
,{"stream_name":"stdout","time":24.237151981,"data":"[frobenius/accuracy] {\"distance\": 6.494887080783919, \"undefined_offdiagonal_ordered\": 34, \"undefined_diagonal\": 2, \"diagonal_squared_contribution\": 1.9999999999999993, \"negative_seed_variances\": 2, \"record_distance\": 6.49}\n"}
,{"stream_name":"stdout","time":24.265483192,"data":"[halfwidth/margin] {\"wild_half_width\": 0.09739195632591147, \"wild\": [1.1429001912272696, 1.3376841038790925], \"cluster_t_half_width\": 0.09315760584845645, \"record\": 0.0974}\n"}
,{"stream_name":"stdout","time":24.28951342,"data":"[halfwidth/accuracy] {\"wild_half_width\": 0.08202386416941643, \"wild\": [0.992604456794931, 1.1566521851337639], \"cluster_t_half_width\": 0.07801755117423925, \"record\": 0.082}\n"}
,{"stream_name":"stdout","time":46.805770336,"data":"[perm/margin] {\"cluster_t_coverage\": 0.9005, \"above_one\": 0.0335, \"below_one\": 0.066, \"undefined\": 0.0, \"share_reaching_observed\": 0.0, \"observed\": 1.2439499117191137, \"record_coverage\": 0.881, \"record_above\": 0.044, \"seconds\": 22.516092538833618}\n"}
,{"stream_name":"stdout","time":69.303475639,"data":"[perm/accuracy] {\"cluster_t_coverage\": 0.9375, \"above_one\": 0.0225, \"below_one\": 0.04, \"undefined\": 0.0, \"share_reaching_observed\": 0.0195, \"observed\": 1.0783733870898096, \"record_coverage\": 0.941, \"record_above\": 0.023, \"seconds\": 22.497660398483276}\n"}
,{"stream_name":"stdout","time":69.3262377,"data":"[jackknife/margin] {\"jackknife_se\": 0.04886932494082015, \"full\": 1.2439499117191137, \"mean_leave_one_out\": 1.243674711722195, \"record\": 0.049}\n"}
,{"stream_name":"stdout","time":69.34872743,"data":"[jackknife/accuracy] {\"jackknife_se\": 0.0391012245833648, \"full\": 1.0783733870898096, \"mean_leave_one_out\": 1.0783745847870088, \"record\": 0.039}\n"}
,{"stream_name":"stdout","time":69.350043855,"data":"[battery/margin] {\"lambda_hat\": 1.2439499117191137, \"rbar_e\": 0.06082348698511009, \"n_reliability_negative\": 1, \"n_reliability_below_0.10\": 0, \"reliability\": [0.5840616394414372, 0.9266190876695725, 0.9932446343227505, 0.9296600641664801, 0.7568898281508208, 0.8599186108723474, 0.39158648053523043, 0.2733613420997581, 0.8878533565109717, -0.08556993181838715]}\n"}
,{"stream_name":"stdout","time":69.351390828,"data":"[battery/accuracy] {\"lambda_hat\": 1.0783733870898096, \"rbar_e\": 0.0180987957759498, \"n_reliability_negative\": 2, \"n_reliability_below_0.10\": 2, \"reliability\": [0.2028507406946345, 0.601797302178434, 0.9701240022988321, 0.6145114799844066, 0.4496825978955789, 0.021639566748051255, 0.09087863305134439, -0.028416942024631395, 0.41574745923642337, -0.10183447644466996]}\n"}
,{"stream_name":"stdout","time":69.370683178,"data":"[done] 68s\n"}
,{"stream_name":"stderr","time":72.143931243,"data":"/usr/local/lib/python3.12/dist-packages/mistune.py:435: SyntaxWarning: invalid escape sequence '\\|'\n"}
,{"stream_name":"stderr","time":72.14398981,"data":"  cells[i][c] = re.sub('\\\\\\\\\\|', '|', cell)\n"}
,{"stream_name":"stderr","time":72.463232151,"data":"/usr/local/lib/python3.12/dist-packages/nbconvert/filters/filter_links.py:36: SyntaxWarning: invalid escape sequence '\\_'\n"}
,{"stream_name":"stderr","time":72.463263829,"data":"  text = re.sub(r'_', '\\_', text) # Escape underscores in display text\n"}
,{"stream_name":"stderr","time":73.334734483,"data":"[NbConvertApp] Converting notebook __script__.ipynb to html\n"}
,{"stream_name":"stderr","time":74.882513937,"data":"[NbConvertApp] Writing 315835 bytes to __results__.html\n"}
]