[{"stream_name":"stdout","time":0.870547752,"data":"[env] python 3.12.13 (main, Mar  4 2026, 09:23:07) [GCC 11.4.0]\n"}
,{"stream_name":"stdout","time":0.892032528,"data":"[input] /kaggle/input/datasets/garyzhang11111/snap-paper-src -\u003e ['before_format_pass', 'citation_keys.json', 'src', 'template']\n"}
,{"stream_name":"stdout","time":0.973970891,"data":"[stage] ['appendices_bcd.tex', 'appendix_a.tex', 'fancyhdr.sty', 'figures', 'iclr2027_conference.sty', 'main.tex', 'natbib.sty', 'references.tex']\n"}
,{"stream_name":"stdout","time":0.987721483,"data":"[tex] installing\n"}
,{"stream_name":"stdout","time":53.275686314,"data":"[tex] install rc 0 tail /sbin/ldconfig.real: /usr/local/lib/libtbbmalloc.so.2 is not a symbolic link\n"}
,{"stream_name":"stdout","time":53.275729351,"data":"\n"}
,{"stream_name":"stdout","time":53.275736014,"data":"/sbin/ldconfig.real: /usr/local/lib/libhwloc.so.15 is not a symbolic link\n"}
,{"stream_name":"stdout","time":53.275742536,"data":"\n"}
,{"stream_name":"stdout","time":53.275747868,"data":"Processing triggers for man-db (2.10.2-1) ...\n"}
,{"stream_name":"stdout","time":53.275753348,"data":"Processing triggers for tex-common (6.17) ...\n"}
,{"stream_name":"stdout","time":53.275758727,"data":"Running updmap-sys. This may take some time... done.\n"}
,{"stream_name":"stdout","time":53.275763984,"data":"Running mktexlsr /var/lib/texmf ... done.\n"}
,{"stream_name":"stdout","time":53.275769714,"data":"Building format(s) --all.\n"}
,{"stream_name":"stdout","time":53.275775239,"data":"\tThis may take some time... done.\n"}
,{"stream_name":"stdout","time":53.275781669,"data":"\n"}
,{"stream_name":"stdout","time":53.280199954,"data":"[tex] pdfTeX 3.141592653-2.6-1.40.22 (TeX Live 2022/dev/Debian)\n"}
,{"stream_name":"stdout","time":54.07969587,"data":"[pass 1] rc 0 main 9 total 53 rerun True\n"}
,{"stream_name":"stdout","time":54.897234276,"data":"[pass 2] rc 0 main 9 total 53 rerun True\n"}
,{"stream_name":"stdout","time":55.6934608,"data":"[pass 3] rc 0 main 9 total 53 rerun False\n"}
,{"stream_name":"stdout","time":56.572088546,"data":"[pages] main_text 9 total 53\n"}
,{"stream_name":"stdout","time":56.572148406,"data":"[style] unchanged True\n"}
,{"stream_name":"stdout","time":56.572156683,"data":"[refs] unresolved []\n"}
,{"stream_name":"stdout","time":56.572162345,"data":"[short] []\n"}
,{"stream_name":"stdout","time":56.572168108,"data":"[summary] {\"main_text_pages\": 9, \"total_pages\": 53, \"official_style_unchanged\": true, \"table_numeric_tokens_preserved\": false}\n"}
,{"stream_name":"stdout","time":56.572175309,"data":"[done] 56s\n"}
,{"stream_name":"stderr","time":59.595718244,"data":"/usr/local/lib/python3.12/dist-packages/mistune.py:435: SyntaxWarning: invalid escape sequence '\\|'\n"}
,{"stream_name":"stderr","time":59.59578169,"data":"  cells[i][c] = re.sub('\\\\\\\\\\|', '|', cell)\n"}
,{"stream_name":"stderr","time":60.01087265,"data":"/usr/local/lib/python3.12/dist-packages/nbconvert/filters/filter_links.py:36: SyntaxWarning: invalid escape sequence '\\_'\n"}
,{"stream_name":"stderr","time":60.010905071,"data":"  text = re.sub(r'_', '\\_', text) # Escape underscores in display text\n"}
,{"stream_name":"stderr","time":61.720155107,"data":"[NbConvertApp] Converting notebook __script__.ipynb to html\n"}
,{"stream_name":"stderr","time":63.549894636,"data":"[NbConvertApp] Writing 352668 bytes to __results__.html\n"}
]