[{"stream_name":"stdout","time":0.941039609,"data":"[env] python 3.12.13 (main, Mar  4 2026, 09:23:07) [GCC 11.4.0] Linux-6.12.90+-x86_64-with-glibc2.35\n"}
,{"stream_name":"stdout","time":2.880742534,"data":"[namespace] listing_ok True count 350\n"}
,{"stream_name":"stdout","time":5.277008028,"data":"[recipes] 25 ['Falcon-with-cc-top-orig-10p', 'Falcon-with-cc-top-tulu-10p', 'c4', 'dclm-baseline', 'dclm-baseline-25p-dolma1.7-75p', 'dclm-baseline-50p-dolma1.7-50p', 'dclm-baseline-75p-dolma1.7-25p', 'dclm-baseline-top-10p', 'dclm-baseline-top-20p', 'dclm-baseline-top-fw-10p', 'dclm-baseline-top-fw-3p', 'dclm-baseline-top-fw2-7p', 'dclm-baseline-top-fw3-7p', 'dolma1.6++', 'dolma1.7', 'dolma1.7-no-code', 'dolma1.7-no-flan', 'dolma1.7-no-math-no-code', 'dolma1.7-no-reddit', 'falcon', 'falcon-with-cc', 'falcon-with-cc-top-10p', 'falcon-with-cc-top-20p', 'fineweb-edu', 'fineweb-pro']\n"}
,{"stream_name":"stdout","time":5.364696528,"data":"[allenai/DataDecide-Falcon-with-cc-top-orig-10p-150M] refuses_unauthenticated status 401 branches None\n"}
,{"stream_name":"stdout","time":5.410211659,"data":"[allenai/DataDecide-Falcon-with-cc-top-orig-10p-300M] refuses_unauthenticated status 401 branches None\n"}
,{"stream_name":"stdout","time":5.449476712,"data":"[allenai/DataDecide-Falcon-with-cc-top-orig-10p-530M] refuses_unauthenticated status 401 branches None\n"}
,{"stream_name":"stdout","time":5.489232316,"data":"[allenai/DataDecide-Falcon-with-cc-top-orig-10p-750M] refuses_unauthenticated status 401 branches None\n"}
,{"stream_name":"stdout","time":5.528465322,"data":"[allenai/DataDecide-Falcon-with-cc-top-orig-10p-1B] refuses_unauthenticated status 401 branches None\n"}
,{"stream_name":"stdout","time":5.572125314,"data":"[allenai/DataDecide-Falcon-with-cc-top-tulu-10p-150M] refuses_unauthenticated status 401 branches None\n"}
,{"stream_name":"stdout","time":5.610274056,"data":"[allenai/DataDecide-Falcon-with-cc-top-tulu-10p-300M] refuses_unauthenticated status 401 branches None\n"}
,{"stream_name":"stdout","time":5.650838087,"data":"[allenai/DataDecide-Falcon-with-cc-top-tulu-10p-530M] refuses_unauthenticated status 401 branches None\n"}
,{"stream_name":"stdout","time":5.691176924,"data":"[allenai/DataDecide-Falcon-with-cc-top-tulu-10p-750M] refuses_unauthenticated status 401 branches None\n"}
,{"stream_name":"stdout","time":5.731565993,"data":"[allenai/DataDecide-Falcon-with-cc-top-tulu-10p-1B] refuses_unauthenticated status 401 branches None\n"}
,{"stream_name":"stdout","time":5.827035265,"data":"[allenai/DataDecide-c4-150M] resolves_anonymously status 200 branches 366\n"}
,{"stream_name":"stdout","time":5.922934356,"data":"[allenai/DataDecide-c4-300M] resolves_anonymously status 200 branches 140\n"}
,{"stream_name":"stdout","time":6.008586425,"data":"[allenai/DataDecide-c4-530M] resolves_anonymously status 200 branches 135\n"}
,{"stream_name":"stdout","time":6.10227075,"data":"[allenai/DataDecide-c4-750M] resolves_anonymously status 200 branches 101\n"}
,{"stream_name":"stdout","time":6.186330258,"data":"[allenai/DataDecide-c4-1B] resolves_anonymously status 200 branches 104\n"}
,{"stream_name":"stdout","time":6.269433586,"data":"[allenai/DataDecide-dclm-baseline-150M] resolves_anonymously status 200 branches 407\n"}
,{"stream_name":"stdout","time":6.353508669,"data":"[allenai/DataDecide-dclm-baseline-300M] resolves_anonymously status 200 branches 247\n"}
,{"stream_name":"stdout","time":6.444027665,"data":"[allenai/DataDecide-dclm-baseline-530M] resolves_anonymously status 200 branches 135\n"}
,{"stream_name":"stdout","time":6.5389963810000005,"data":"[allenai/DataDecide-dclm-baseline-750M] resolves_anonymously status 200 branches 101\n"}
,{"stream_name":"stdout","time":6.641108763,"data":"[allenai/DataDecide-dclm-baseline-1B] resolves_anonymously status 200 branches 104\n"}
,{"stream_name":"stdout","time":6.725946577,"data":"[allenai/DataDecide-dclm-baseline-25p-dolma1.7-75p-150M] resolves_anonymously status 200 branches 717\n"}
,{"stream_name":"stdout","time":6.821390395,"data":"[allenai/DataDecide-dclm-baseline-25p-dolma1.7-75p-300M] resolves_anonymously status 200 branches 181\n"}
,{"stream_name":"stdout","time":6.9225440339999995,"data":"[allenai/DataDecide-dclm-baseline-25p-dolma1.7-75p-530M] resolves_anonymously status 200 branches 135\n"}
,{"stream_name":"stdout","time":7.096344434,"data":"[allenai/DataDecide-dclm-baseline-25p-dolma1.7-75p-750M] resolves_anonymously status 200 branches 101\n"}
,{"stream_name":"stdout","time":7.198919181,"data":"[allenai/DataDecide-dclm-baseline-25p-dolma1.7-75p-1B] resolves_anonymously status 200 branches 104\n"}
,{"stream_name":"stdout","time":7.29231482,"data":"[allenai/DataDecide-dclm-baseline-50p-dolma1.7-50p-150M] resolves_anonymously status 200 branches 272\n"}
,{"stream_name":"stdout","time":7.444174526,"data":"[allenai/DataDecide-dclm-baseline-50p-dolma1.7-50p-300M] resolves_anonymously status 200 branches 183\n"}
,{"stream_name":"stdout","time":7.536614717,"data":"[allenai/DataDecide-dclm-baseline-50p-dolma1.7-50p-530M] resolves_anonymously status 200 branches 135\n"}
,{"stream_name":"stdout","time":7.620788762,"data":"[allenai/DataDecide-dclm-baseline-50p-dolma1.7-50p-750M] resolves_anonymously status 200 branches 101\n"}
,{"stream_name":"stdout","time":7.714361976,"data":"[allenai/DataDecide-dclm-baseline-50p-dolma1.7-50p-1B] resolves_anonymously status 200 branches 104\n"}
,{"stream_name":"stdout","time":7.806058426,"data":"[allenai/DataDecide-dclm-baseline-75p-dolma1.7-25p-150M] resolves_anonymously status 200 branches 341\n"}
,{"stream_name":"stdout","time":7.890880957,"data":"[allenai/DataDecide-dclm-baseline-75p-dolma1.7-25p-300M] resolves_anonymously status 200 branches 207\n"}
,{"stream_name":"stdout","time":7.973994615,"data":"[allenai/DataDecide-dclm-baseline-75p-dolma1.7-25p-530M] resolves_anonymously status 200 branches 135\n"}
,{"stream_name":"stdout","time":8.055972965,"data":"[allenai/DataDecide-dclm-baseline-75p-dolma1.7-25p-750M] resolves_anonymously status 200 branches 101\n"}
,{"stream_name":"stdout","time":8.14587628,"data":"[allenai/DataDecide-dclm-baseline-75p-dolma1.7-25p-1B] resolves_anonymously status 200 branches 104\n"}
,{"stream_name":"stdout","time":8.184124571,"data":"[allenai/DataDecide-dclm-baseline-top-10p-150M] refuses_unauthenticated status 401 branches None\n"}
,{"stream_name":"stdout","time":8.222834326,"data":"[allenai/DataDecide-dclm-baseline-top-10p-300M] refuses_unauthenticated status 401 branches None\n"}
,{"stream_name":"stdout","time":8.313099337,"data":"[allenai/DataDecide-dclm-baseline-top-10p-530M] refuses_unauthenticated status 401 branches None\n"}
,{"stream_name":"stdout","time":8.352741005,"data":"[allenai/DataDecide-dclm-baseline-top-10p-750M] refuses_unauthenticated status 401 branches None\n"}
,{"stream_name":"stdout","time":8.393542928,"data":"[allenai/DataDecide-dclm-baseline-top-10p-1B] refuses_unauthenticated status 401 branches None\n"}
,{"stream_name":"stdout","time":8.43358382,"data":"[allenai/DataDecide-dclm-baseline-top-20p-150M] refuses_unauthenticated status 401 branches None\n"}
,{"stream_name":"stdout","time":8.471497152,"data":"[allenai/DataDecide-dclm-baseline-top-20p-300M] refuses_unauthenticated status 401 branches None\n"}
,{"stream_name":"stdout","time":8.510017483,"data":"[allenai/DataDecide-dclm-baseline-top-20p-530M] refuses_unauthenticated status 401 branches None\n"}
,{"stream_name":"stdout","time":8.549584924,"data":"[allenai/DataDecide-dclm-baseline-top-20p-750M] refuses_unauthenticated status 401 branches None\n"}
,{"stream_name":"stdout","time":8.589858577,"data":"[allenai/DataDecide-dclm-baseline-top-20p-1B] refuses_unauthenticated status 401 branches None\n"}
,{"stream_name":"stdout","time":8.633490271,"data":"[allenai/DataDecide-dclm-baseline-top-fw-10p-150M] refuses_unauthenticated status 401 branches None\n"}
,{"stream_name":"stdout","time":8.674173195,"data":"[allenai/DataDecide-dclm-baseline-top-fw-10p-300M] refuses_unauthenticated status 401 branches None\n"}
,{"stream_name":"stdout","time":8.715189515,"data":"[allenai/DataDecide-dclm-baseline-top-fw-10p-530M] refuses_unauthenticated status 401 branches None\n"}
,{"stream_name":"stdout","time":8.756704466,"data":"[allenai/DataDecide-dclm-baseline-top-fw-10p-750M] refuses_unauthenticated status 401 branches None\n"}
,{"stream_name":"stdout","time":8.801694375,"data":"[allenai/DataDecide-dclm-baseline-top-fw-10p-1B] refuses_unauthenticated status 401 branches None\n"}
,{"stream_name":"stdout","time":8.845213803,"data":"[allenai/DataDecide-dclm-baseline-top-fw-3p-150M] refuses_unauthenticated status 401 branches None\n"}
,{"stream_name":"stdout","time":8.88351008,"data":"[allenai/DataDecide-dclm-baseline-top-fw-3p-300M] refuses_unauthenticated status 401 branches None\n"}
,{"stream_name":"stdout","time":8.923434653,"data":"[allenai/DataDecide-dclm-baseline-top-fw-3p-530M] refuses_unauthenticated status 401 branches None\n"}
,{"stream_name":"stdout","time":8.964030556,"data":"[allenai/DataDecide-dclm-baseline-top-fw-3p-750M] refuses_unauthenticated status 401 branches None\n"}
,{"stream_name":"stdout","time":9.004533428,"data":"[allenai/DataDecide-dclm-baseline-top-fw-3p-1B] refuses_unauthenticated status 401 branches None\n"}
,{"stream_name":"stdout","time":9.04581041,"data":"[allenai/DataDecide-dclm-baseline-top-fw2-7p-150M] refuses_unauthenticated status 401 branches None\n"}
,{"stream_name":"stdout","time":9.085074901,"data":"[allenai/DataDecide-dclm-baseline-top-fw2-7p-300M] refuses_unauthenticated status 401 branches None\n"}
,{"stream_name":"stdout","time":9.124377076,"data":"[allenai/DataDecide-dclm-baseline-top-fw2-7p-530M] refuses_unauthenticated status 401 branches None\n"}
,{"stream_name":"stdout","time":9.166146235,"data":"[allenai/DataDecide-dclm-baseline-top-fw2-7p-750M] refuses_unauthenticated status 401 branches None\n"}
,{"stream_name":"stdout","time":9.20481073,"data":"[allenai/DataDecide-dclm-baseline-top-fw2-7p-1B] refuses_unauthenticated status 401 branches None\n"}
,{"stream_name":"stdout","time":9.246550402,"data":"[allenai/DataDecide-dclm-baseline-top-fw3-7p-150M] refuses_unauthenticated status 401 branches None\n"}
,{"stream_name":"stdout","time":9.28543723,"data":"[allenai/DataDecide-dclm-baseline-top-fw3-7p-300M] refuses_unauthenticated status 401 branches None\n"}
,{"stream_name":"stdout","time":9.323447131,"data":"[allenai/DataDecide-dclm-baseline-top-fw3-7p-530M] refuses_unauthenticated status 401 branches None\n"}
,{"stream_name":"stdout","time":9.363249268,"data":"[allenai/DataDecide-dclm-baseline-top-fw3-7p-750M] refuses_unauthenticated status 401 branches None\n"}
,{"stream_name":"stdout","time":9.401480315,"data":"[allenai/DataDecide-dclm-baseline-top-fw3-7p-1B] refuses_unauthenticated status 401 branches None\n"}
,{"stream_name":"stdout","time":9.402628754,"data":"[allenai/DataDecide-dolma1.6++-150M] invalid_repo_id status None branches None\n"}
,{"stream_name":"stdout","time":9.403568942,"data":"[allenai/DataDecide-dolma1.6++-300M] invalid_repo_id status None branches None\n"}
,{"stream_name":"stdout","time":9.404462183,"data":"[allenai/DataDecide-dolma1.6++-530M] invalid_repo_id status None branches None\n"}
,{"stream_name":"stdout","time":9.405411528,"data":"[allenai/DataDecide-dolma1.6++-750M] invalid_repo_id status None branches None\n"}
,{"stream_name":"stdout","time":9.406360134,"data":"[allenai/DataDecide-dolma1.6++-1B] invalid_repo_id status None branches None\n"}
,{"stream_name":"stdout","time":9.454060792,"data":"[allenai/DataDecide-dolma1.7-150M] refuses_unauthenticated status 401 branches None\n"}
,{"stream_name":"stdout","time":9.530579923,"data":"[allenai/DataDecide-dolma1.7-300M] refuses_unauthenticated status 401 branches None\n"}
,{"stream_name":"stdout","time":9.569499681,"data":"[allenai/DataDecide-dolma1.7-530M] refuses_unauthenticated status 401 branches None\n"}
,{"stream_name":"stdout","time":9.609863581,"data":"[allenai/DataDecide-dolma1.7-750M] refuses_unauthenticated status 401 branches None\n"}
,{"stream_name":"stdout","time":9.651032169,"data":"[allenai/DataDecide-dolma1.7-1B] refuses_unauthenticated status 401 branches None\n"}
,{"stream_name":"stdout","time":9.689829895999999,"data":"[allenai/DataDecide-dolma1.7-no-code-150M] refuses_unauthenticated status 401 branches None\n"}
,{"stream_name":"stdout","time":9.733846542,"data":"[allenai/DataDecide-dolma1.7-no-code-300M] refuses_unauthenticated status 401 branches None\n"}
,{"stream_name":"stdout","time":9.773311392,"data":"[allenai/DataDecide-dolma1.7-no-code-530M] refuses_unauthenticated status 401 branches None\n"}
,{"stream_name":"stdout","time":9.813616237,"data":"[allenai/DataDecide-dolma1.7-no-code-750M] refuses_unauthenticated status 401 branches None\n"}
,{"stream_name":"stdout","time":9.857101574,"data":"[allenai/DataDecide-dolma1.7-no-code-1B] refuses_unauthenticated status 401 branches None\n"}
,{"stream_name":"stdout","time":9.901674948,"data":"[allenai/DataDecide-dolma1.7-no-flan-150M] refuses_unauthenticated status 401 branches None\n"}
,{"stream_name":"stdout","time":9.941075818,"data":"[allenai/DataDecide-dolma1.7-no-flan-300M] refuses_unauthenticated status 401 branches None\n"}
,{"stream_name":"stdout","time":9.980504469,"data":"[allenai/DataDecide-dolma1.7-no-flan-530M] refuses_unauthenticated status 401 branches None\n"}
,{"stream_name":"stdout","time":10.023024274,"data":"[allenai/DataDecide-dolma1.7-no-flan-750M] refuses_unauthenticated status 401 branches None\n"}
,{"stream_name":"stdout","time":10.062891913,"data":"[allenai/DataDecide-dolma1.7-no-flan-1B] refuses_unauthenticated status 401 branches None\n"}
,{"stream_name":"stdout","time":10.10244319,"data":"[allenai/DataDecide-dolma1.7-no-math-no-code-150M] refuses_unauthenticated status 401 branches None\n"}
,{"stream_name":"stdout","time":10.144365231,"data":"[allenai/DataDecide-dolma1.7-no-math-no-code-300M] refuses_unauthenticated status 401 branches None\n"}
,{"stream_name":"stdout","time":10.183562119,"data":"[allenai/DataDecide-dolma1.7-no-math-no-code-530M] refuses_unauthenticated status 401 branches None\n"}
,{"stream_name":"stdout","time":10.225040644,"data":"[allenai/DataDecide-dolma1.7-no-math-no-code-750M] refuses_unauthenticated status 401 branches None\n"}
,{"stream_name":"stdout","time":10.267171505,"data":"[allenai/DataDecide-dolma1.7-no-math-no-code-1B] refuses_unauthenticated status 401 branches None\n"}
,{"stream_name":"stdout","time":10.311243018,"data":"[allenai/DataDecide-dolma1.7-no-reddit-150M] refuses_unauthenticated status 401 branches None\n"}
,{"stream_name":"stdout","time":10.354072768,"data":"[allenai/DataDecide-dolma1.7-no-reddit-300M] refuses_unauthenticated status 401 branches None\n"}
,{"stream_name":"stdout","time":10.394049096,"data":"[allenai/DataDecide-dolma1.7-no-reddit-530M] refuses_unauthenticated status 401 branches None\n"}
,{"stream_name":"stdout","time":10.432927238,"data":"[allenai/DataDecide-dolma1.7-no-reddit-750M] refuses_unauthenticated status 401 branches None\n"}
,{"stream_name":"stdout","time":10.474393286,"data":"[allenai/DataDecide-dolma1.7-no-reddit-1B] refuses_unauthenticated status 401 branches None\n"}
,{"stream_name":"stdout","time":10.569901741,"data":"[allenai/DataDecide-falcon-150M] resolves_anonymously status 200 branches 407\n"}
,{"stream_name":"stdout","time":10.664932183,"data":"[allenai/DataDecide-falcon-300M] resolves_anonymously status 200 branches 181\n"}
,{"stream_name":"stdout","time":10.758055427,"data":"[allenai/DataDecide-falcon-530M] resolves_anonymously status 200 branches 135\n"}
,{"stream_name":"stdout","time":10.856271182,"data":"[allenai/DataDecide-falcon-750M] resolves_anonymously status 200 branches 101\n"}
,{"stream_name":"stdout","time":10.95362438,"data":"[allenai/DataDecide-falcon-1B] resolves_anonymously status 200 branches 104\n"}
,{"stream_name":"stdout","time":10.995899045,"data":"[allenai/DataDecide-falcon-with-cc-150M] refuses_unauthenticated status 401 branches None\n"}
,{"stream_name":"stdout","time":11.037464177,"data":"[allenai/DataDecide-falcon-with-cc-300M] refuses_unauthenticated status 401 branches None\n"}
,{"stream_name":"stdout","time":11.076232023,"data":"[allenai/DataDecide-falcon-with-cc-530M] refuses_unauthenticated status 401 branches None\n"}
,{"stream_name":"stdout","time":11.115722106,"data":"[allenai/DataDecide-falcon-with-cc-750M] refuses_unauthenticated status 401 branches None\n"}
,{"stream_name":"stdout","time":11.156790198,"data":"[allenai/DataDecide-falcon-with-cc-1B] refuses_unauthenticated status 401 branches None\n"}
,{"stream_name":"stdout","time":11.19766121,"data":"[allenai/DataDecide-falcon-with-cc-top-10p-150M] refuses_unauthenticated status 401 branches None\n"}
,{"stream_name":"stdout","time":11.242614461,"data":"[allenai/DataDecide-falcon-with-cc-top-10p-300M] refuses_unauthenticated status 401 branches None\n"}
,{"stream_name":"stdout","time":11.284601087,"data":"[allenai/DataDecide-falcon-with-cc-top-10p-530M] refuses_unauthenticated status 401 branches None\n"}
,{"stream_name":"stdout","time":11.329358879,"data":"[allenai/DataDecide-falcon-with-cc-top-10p-750M] refuses_unauthenticated status 401 branches None\n"}
,{"stream_name":"stdout","time":11.368572829,"data":"[allenai/DataDecide-falcon-with-cc-top-10p-1B] refuses_unauthenticated status 401 branches None\n"}
,{"stream_name":"stdout","time":11.408317135,"data":"[allenai/DataDecide-falcon-with-cc-top-20p-150M] refuses_unauthenticated status 401 branches None\n"}
,{"stream_name":"stdout","time":11.451410394,"data":"[allenai/DataDecide-falcon-with-cc-top-20p-300M] refuses_unauthenticated status 401 branches None\n"}
,{"stream_name":"stdout","time":11.491676207,"data":"[allenai/DataDecide-falcon-with-cc-top-20p-530M] refuses_unauthenticated status 401 branches None\n"}
,{"stream_name":"stdout","time":11.532453726,"data":"[allenai/DataDecide-falcon-with-cc-top-20p-750M] refuses_unauthenticated status 401 branches None\n"}
,{"stream_name":"stdout","time":11.571212567,"data":"[allenai/DataDecide-falcon-with-cc-top-20p-1B] refuses_unauthenticated status 401 branches None\n"}
,{"stream_name":"stdout","time":11.663612091,"data":"[allenai/DataDecide-fineweb-edu-150M] resolves_anonymously status 200 branches 105\n"}
,{"stream_name":"stdout","time":11.751616906,"data":"[allenai/DataDecide-fineweb-edu-300M] resolves_anonymously status 200 branches 115\n"}
,{"stream_name":"stdout","time":11.840513838,"data":"[allenai/DataDecide-fineweb-edu-530M] resolves_anonymously status 200 branches 135\n"}
,{"stream_name":"stdout","time":11.938723588,"data":"[allenai/DataDecide-fineweb-edu-750M] resolves_anonymously status 200 branches 101\n"}
,{"stream_name":"stdout","time":12.021830711,"data":"[allenai/DataDecide-fineweb-edu-1B] resolves_anonymously status 200 branches 104\n"}
,{"stream_name":"stdout","time":12.110757811,"data":"[allenai/DataDecide-fineweb-pro-150M] resolves_anonymously status 200 branches 235\n"}
,{"stream_name":"stdout","time":12.19595636,"data":"[allenai/DataDecide-fineweb-pro-300M] resolves_anonymously status 200 branches 174\n"}
,{"stream_name":"stdout","time":12.278253453,"data":"[allenai/DataDecide-fineweb-pro-530M] resolves_anonymously status 200 branches 135\n"}
,{"stream_name":"stdout","time":12.365752891,"data":"[allenai/DataDecide-fineweb-pro-750M] resolves_anonymously status 200 branches 101\n"}
,{"stream_name":"stdout","time":12.458802256,"data":"[allenai/DataDecide-fineweb-pro-1B] resolves_anonymously status 200 branches 105\n"}
,{"stream_name":"stdout","time":12.461470915,"data":"[summary] {\"refuses_unauthenticated\": 80, \"resolves_anonymously\": 40, \"invalid_repo_id\": 5}\n"}
,{"stream_name":"stdout","time":12.461507408,"data":"[done] 12s\n"}
,{"stream_name":"stderr","time":15.056847271,"data":"/usr/local/lib/python3.12/dist-packages/mistune.py:435: SyntaxWarning: invalid escape sequence '\\|'\n"}
,{"stream_name":"stderr","time":15.056903029,"data":"  cells[i][c] = re.sub('\\\\\\\\\\|', '|', cell)\n"}
,{"stream_name":"stderr","time":15.412929773,"data":"/usr/local/lib/python3.12/dist-packages/nbconvert/filters/filter_links.py:36: SyntaxWarning: invalid escape sequence '\\_'\n"}
,{"stream_name":"stderr","time":15.412960791,"data":"  text = re.sub(r'_', '\\_', text) # Escape underscores in display text\n"}
,{"stream_name":"stderr","time":17.121028201,"data":"[NbConvertApp] Converting notebook __script__.ipynb to html\n"}
,{"stream_name":"stderr","time":18.637145248,"data":"[NbConvertApp] Writing 298594 bytes to __results__.html\n"}
]