[{"stream_name":"stderr","time":6.674817435,"data":"0.00s - Debugger warning: It seems that frozen modules are being used, which may\n"}
,{"stream_name":"stderr","time":6.674913443,"data":"0.00s - make the debugger miss breakpoints. Please pass -Xfrozen_modules=off\n"}
,{"stream_name":"stderr","time":6.674918775,"data":"0.00s - to python to disable frozen modules.\n"}
,{"stream_name":"stderr","time":6.674921501,"data":"0.00s - Note: Debugging will proceed. Set PYDEVD_DISABLE_FILE_VALIDATION=1 to disable this validation.\n"}
,{"stream_name":"stderr","time":7.248289161,"data":"0.00s - Debugger warning: It seems that frozen modules are being used, which may\n"}
,{"stream_name":"stderr","time":7.248342568,"data":"0.00s - make the debugger miss breakpoints. Please pass -Xfrozen_modules=off\n"}
,{"stream_name":"stderr","time":7.24834986,"data":"0.00s - to python to disable frozen modules.\n"}
,{"stream_name":"stderr","time":7.24835382,"data":"0.00s - Note: Debugging will proceed. Set PYDEVD_DISABLE_FILE_VALIDATION=1 to disable this validation.\n"}
,{"stream_name":"stdout","time":11.77635912,"data":"\u001b[?25l     \u001b[90m━━━━━━━━━━━━━━━━━━━━━━━━━━━━━━━━━━━━━━━━\u001b[0m \u001b[32m0.0/44.0 kB\u001b[0m \u001b[31m?\u001b[0m eta \u001b[36m-:--:--\u001b[0m\r\u001b[2K     \u001b[90m━━━━━━━━━━━━━━━━━━━━━━━━━━━━━━━━━━━━━━━━\u001b[0m \u001b[32m44.0/44.0 kB\u001b[0m \u001b[31m2.3 MB/s\u001b[0m eta \u001b[36m0:00:00\u001b[0m\r\n"}
,{"stream_name":"stdout","time":12.435686705,"data":"\u001b[?25h\u001b[?25l   \u001b[90m━━━━━━━━━━━━━━━━━━━━━━━━━━━━━━━━━━━━━━━━\u001b[0m \u001b[32m0.0/12.0 MB\u001b[0m \u001b[31m?\u001b[0m eta \u001b[36m-:--:--\u001b[0m\r\u001b[2K   \u001b[91m━━━━━━━\u001b[0m\u001b[91m╸\u001b[0m\u001b[90m━━━━━━━━━━━━━━━━━━━━━━━━━━━━━━━━\u001b[0m \u001b[32m2.3/12.0 MB\u001b[0m \u001b[31m69.0 MB/s\u001b[0m eta \u001b[36m0:00:01\u001b[0m\r\u001b[2K   \u001b[91m━━━━━━━━━━━━━━━━━━━━━━━━━━━━━━━━━\u001b[0m\u001b[90m╺\u001b[0m\u001b[90m━━━━━━\u001b[0m \u001b[32m10.0/12.0 MB\u001b[0m \u001b[31m146.0 MB/s\u001b[0m eta \u001b[36m0:00:01\u001b[0m\r\u001b[2K   \u001b[91m━━━━━━━━━━━━━━━━━━━━━━━━━━━━━━━━━━━━━━━\u001b[0m\u001b[91m╸\u001b[0m \u001b[32m12.0/12.0 MB\u001b[0m \u001b[31m217.5 MB/s\u001b[0m eta \u001b[36m0:00:01\u001b[0m\r\u001b[2K   \u001b[90m━━━━━━━━━━━━━━━━━━━━━━━━━━━━━━━━━━━━━━━━\u001b[0m \u001b[32m12.0/12.0 MB\u001b[0m \u001b[31m101.7 MB/s\u001b[0m eta \u001b[36m0:00:00\u001b[0m\r\n"}
,{"stream_name":"stdout","time":12.486851588,"data":"\u001b[?25h\u001b[?25l   \u001b[90m━━━━━━━━━━━━━━━━━━━━━━━━━━━━━━━━━━━━━━━━\u001b[0m \u001b[32m0.0/566.4 kB\u001b[0m \u001b[31m?\u001b[0m eta \u001b[36m-:--:--\u001b[0m\r\u001b[2K   \u001b[90m━━━━━━━━━━━━━━━━━━━━━━━━━━━━━━━━━━━━━━━━\u001b[0m \u001b[32m566.4/566.4 kB\u001b[0m \u001b[31m36.3 MB/s\u001b[0m eta \u001b[36m0:00:00\u001b[0m\r\n"}
,{"stream_name":"stdout","time":25.212589335,"data":"\u001b[?25h/tmp/SNAP/compute2\n"}
,{"stream_name":"stdout","time":25.212631684,"data":"6cfedee\r\n"}
,{"stream_name":"stdout","time":25.372966413,"data":"[{'step': [143000], 'seed': [1, 3, 5, 7, 9], 'run_key': ['polypythias__410m__seed-9__step-143000', 'polypythias__70m__seed-5__step-143000', 'polypythias__31m__seed-1__step-143000', 'polypythias__31m__seed-3__step-143000', 'polypythias__14m__seed-1__step-143000', 'polypythias__14m__seed-3__step-143000']}]\n"}
,{"stream_name":"stdout","time":27.402767428,"data":"\rrequests/arc_challenge-requests.jsonl.gz:   0%|      | 0.00/460k [00:00\u003c?, ?B/s]\rrequests/arc_challenge-requests.jsonl.gz:   0%|      | 0.00/460k [00:00\u003c?, ?B/s]\rrequests/arc_challenge-requests.jsonl.gz:   0%|      | 0.00/460k [00:00\u003c?, ?B/s]\rrequests/arc_challenge-requests.jsonl.gz:   0%|      | 0.00/460k [00:00\u003c?, ?B/s]\rrequests/arc_challenge-requests.jsonl.gz:   0%|      | 0.00/460k [00:00\u003c?, ?B/s]\rrequests/arc_challenge-requests.jsonl.gz:   0%|      | 0.00/460k [00:01\u003c?, ?B/s]\rrequests/arc_challenge-requests.jsonl.gz: 100%|█| 460k/460k [00:01\u003c00:00, 2.29MB\rrequests/arc_challenge-requests.jsonl.gz: 100%|█| 460k/460k [00:01\u003c00:00, 372kB/\r\n"}
,{"stream_name":"stdout","time":27.554799274,"data":"[task] arc_challenge: 1172 docs\r\n"}
,{"stream_name":"stdout","time":28.112230669,"data":"\rrequests/arc_easy-requests.jsonl.gz:   0%|           | 0.00/840k [00:00\u003c?, ?B/s]\rrequests/arc_easy-requests.jsonl.gz:   0%|           | 0.00/840k [00:00\u003c?, ?B/s]\rrequests/arc_easy-requests.jsonl.gz: 100%|███| 840k/840k [00:00\u003c00:00, 4.20MB/s]\rrequests/arc_easy-requests.jsonl.gz: 100%|███| 840k/840k [00:00\u003c00:00, 2.03MB/s]\r\n"}
,{"stream_name":"stdout","time":28.314631277,"data":"[task] arc_easy: 2376 docs\r\n"}
,{"stream_name":"stdout","time":29.888553941,"data":"\rrequests/boolq-requests.jsonl.gz:   0%|             | 0.00/1.28M [00:00\u003c?, ?B/s]\rrequests/boolq-requests.jsonl.gz:   0%|             | 0.00/1.28M [00:00\u003c?, ?B/s]\rrequests/boolq-requests.jsonl.gz:   0%|             | 0.00/1.28M [00:00\u003c?, ?B/s]\rrequests/boolq-requests.jsonl.gz:   0%|             | 0.00/1.28M [00:00\u003c?, ?B/s]\rrequests/boolq-requests.jsonl.gz:   0%|             | 0.00/1.28M [00:00\u003c?, ?B/s]\rrequests/boolq-requests.jsonl.gz:   0%|             | 0.00/1.28M [00:01\u003c?, ?B/s]\rrequests/boolq-requests.jsonl.gz:   0%|             | 0.00/1.28M [00:01\u003c?, ?B/s]\rrequests/boolq-requests.jsonl.gz: 100%|████| 1.28M/1.28M [00:01\u003c00:00, 6.40MB/s]\rrequests/boolq-requests.jsonl.gz: 100%|█████| 1.28M/1.28M [00:01\u003c00:00, 908kB/s]\r\n"}
,{"stream_name":"stdout","time":30.193394012,"data":"[task] boolq: 3270 docs\r\n"}
,{"stream_name":"stdout","time":31.813944037,"data":"\rrequests/csqa-requests.jsonl.gz:   0%|               | 0.00/406k [00:00\u003c?, ?B/s]\rrequests/csqa-requests.jsonl.gz:   0%|               | 0.00/406k [00:00\u003c?, ?B/s]\rrequests/csqa-requests.jsonl.gz:   0%|               | 0.00/406k [00:00\u003c?, ?B/s]\rrequests/csqa-requests.jsonl.gz:   0%|               | 0.00/406k [00:00\u003c?, ?B/s]\rrequests/csqa-requests.jsonl.gz:   0%|               | 0.00/406k [00:00\u003c?, ?B/s]\rrequests/csqa-requests.jsonl.gz:   0%|               | 0.00/406k [00:01\u003c?, ?B/s]\rrequests/csqa-requests.jsonl.gz:   0%|               | 0.00/406k [00:01\u003c?, ?B/s]\rrequests/csqa-requests.jsonl.gz: 100%|███████| 406k/406k [00:01\u003c00:00, 2.03MB/s]\rrequests/csqa-requests.jsonl.gz: 100%|████████| 406k/406k [00:01\u003c00:00, 287kB/s]\r\n"}
,{"stream_name":"stdout","time":31.915226946,"data":"[task] csqa: 1221 docs\r\n"}
,{"stream_name":"stdout","time":33.079506917,"data":"\rrequests/hellaswag-requests.jsonl.gz:   0%|         | 0.00/8.72M [00:00\u003c?, ?B/s]\rrequests/hellaswag-requests.jsonl.gz:   0%|         | 0.00/8.72M [00:00\u003c?, ?B/s]\rrequests/hellaswag-requests.jsonl.gz:   0%|         | 0.00/8.72M [00:00\u003c?, ?B/s]\rrequests/hellaswag-requests.jsonl.gz:   0%|         | 0.00/8.72M [00:00\u003c?, ?B/s]\rrequests/hellaswag-requests.jsonl.gz:   0%|         | 0.00/8.72M [00:00\u003c?, ?B/s]\rrequests/hellaswag-requests.jsonl.gz: 100%|█| 8.72M/8.72M [00:01\u003c00:00, 43.6MB/s\rrequests/hellaswag-requests.jsonl.gz: 100%|█| 8.72M/8.72M [00:01\u003c00:00, 8.62MB/s\r\n"}
,{"stream_name":"stdout","time":34.496199336,"data":"[task] hellaswag: 10042 docs\r\n"}
,{"stream_name":"stdout","time":34.901350374,"data":"\rrequests/mmlu_abstract_algebra-requests.(…):   0%|  | 0.00/26.4k [00:00\u003c?, ?B/s]\rrequests/mmlu_abstract_algebra-requests.(…): 100%|█| 26.4k/26.4k [00:00\u003c00:00, 1\rrequests/mmlu_abstract_algebra-requests.(…): 100%|█| 26.4k/26.4k [00:00\u003c00:00, 1\r\n"}
,{"stream_name":"stdout","time":34.901389069,"data":"[task] mmlu_abstract_algebra: 100 docs\r\n"}
,{"stream_name":"stdout","time":35.30720464,"data":"\rrequests/mmlu_anatomy-requests.jsonl.gz:   0%|      | 0.00/44.6k [00:00\u003c?, ?B/s]\rrequests/mmlu_anatomy-requests.jsonl.gz: 100%|█| 44.6k/44.6k [00:00\u003c00:00, 209kB\rrequests/mmlu_anatomy-requests.jsonl.gz: 100%|█| 44.6k/44.6k [00:00\u003c00:00, 209kB\r\n"}
,{"stream_name":"stdout","time":35.307252317,"data":"[task] mmlu_anatomy: 135 docs\r\n"}
,{"stream_name":"stdout","time":36.119718355,"data":"\rrequests/mmlu_astronomy-requests.jsonl.g(…):   0%|  | 0.00/65.0k [00:00\u003c?, ?B/s]\rrequests/mmlu_astronomy-requests.jsonl.g(…):   0%|  | 0.00/65.0k [00:00\u003c?, ?B/s]\rrequests/mmlu_astronomy-requests.jsonl.g(…):   0%|  | 0.00/65.0k [00:00\u003c?, ?B/s]\rrequests/mmlu_astronomy-requests.jsonl.g(…): 100%|█| 65.0k/65.0k [00:00\u003c00:00, 3\rrequests/mmlu_astronomy-requests.jsonl.g(…): 100%|█| 65.0k/65.0k [00:00\u003c00:00, 1\r\n"}
,{"stream_name":"stdout","time":36.11977232,"data":"[task] mmlu_astronomy: 152 docs\r\n"}
,{"stream_name":"stdout","time":36.8815322,"data":"\rrequests/mmlu_business_ethics-requests.j(…):   0%|  | 0.00/45.9k [00:00\u003c?, ?B/s]\rrequests/mmlu_business_ethics-requests.j(…):   0%|  | 0.00/45.9k [00:00\u003c?, ?B/s]\rrequests/mmlu_business_ethics-requests.j(…):   0%|  | 0.00/45.9k [00:00\u003c?, ?B/s]\rrequests/mmlu_business_ethics-requests.j(…): 100%|█| 45.9k/45.9k [00:00\u003c00:00, 2\rrequests/mmlu_business_ethics-requests.j(…): 100%|█| 45.9k/45.9k [00:00\u003c00:00, 7\r\n"}
,{"stream_name":"stdout","time":36.931596452,"data":"[task] mmlu_business_ethics: 100 docs\r\n"}
,{"stream_name":"stdout","time":37.894566683,"data":"\rrequests/mmlu_clinical_knowledge-request(…):   0%|  | 0.00/94.9k [00:00\u003c?, ?B/s]\rrequests/mmlu_clinical_knowledge-request(…):   0%|  | 0.00/94.9k [00:00\u003c?, ?B/s]\rrequests/mmlu_clinical_knowledge-request(…):   0%|  | 0.00/94.9k [00:00\u003c?, ?B/s]\rrequests/mmlu_clinical_knowledge-request(…):   0%|  | 0.00/94.9k [00:00\u003c?, ?B/s]\rrequests/mmlu_clinical_knowledge-request(…): 100%|█| 94.9k/94.9k [00:00\u003c00:00, 4\rrequests/mmlu_clinical_knowledge-request(…): 100%|█| 94.9k/94.9k [00:00\u003c00:00, 1\r\n"}
,{"stream_name":"stdout","time":37.945169274,"data":"[task] mmlu_clinical_knowledge: 265 docs\r\n"}
,{"stream_name":"stdout","time":38.305108835,"data":"\rrequests/mmlu_college_biology-requests.j(…):   0%|  | 0.00/67.7k [00:00\u003c?, ?B/s]\rrequests/mmlu_college_biology-requests.j(…): 100%|█| 67.7k/67.7k [00:00\u003c00:00, 3\rrequests/mmlu_college_biology-requests.j(…): 100%|█| 67.7k/67.7k [00:00\u003c00:00, 3\r\n"}
,{"stream_name":"stdout","time":38.351685015,"data":"[task] mmlu_college_biology: 144 docs\r\n"}
,{"stream_name":"stdout","time":38.706057698,"data":"\rrequests/mmlu_college_chemistry-requests(…):   0%|  | 0.00/39.3k [00:00\u003c?, ?B/s]\rrequests/mmlu_college_chemistry-requests(…): 100%|█| 39.3k/39.3k [00:00\u003c00:00, 1\rrequests/mmlu_college_chemistry-requests(…): 100%|█| 39.3k/39.3k [00:00\u003c00:00, 1\r\n"}
,{"stream_name":"stdout","time":38.706096403,"data":"[task] mmlu_college_chemistry: 100 docs\r\n"}
,{"stream_name":"stdout","time":39.110195022,"data":"\rrequests/mmlu_college_computer_science-r(…):   0%|  | 0.00/61.3k [00:00\u003c?, ?B/s]\rrequests/mmlu_college_computer_science-r(…): 100%|█| 61.3k/61.3k [00:00\u003c00:00, 2\rrequests/mmlu_college_computer_science-r(…): 100%|█| 61.3k/61.3k [00:00\u003c00:00, 2\r\n"}
,{"stream_name":"stdout","time":39.110253467,"data":"[task] mmlu_college_computer_science: 100 docs\r\n"}
,{"stream_name":"stdout","time":39.515812557,"data":"\rrequests/mmlu_college_mathematics-reques(…):   0%|  | 0.00/39.7k [00:00\u003c?, ?B/s]\rrequests/mmlu_college_mathematics-reques(…): 100%|█| 39.7k/39.7k [00:00\u003c00:00, 1\rrequests/mmlu_college_mathematics-reques(…): 100%|█| 39.7k/39.7k [00:00\u003c00:00, 1\r\n"}
,{"stream_name":"stdout","time":39.515855435,"data":"[task] mmlu_college_mathematics: 100 docs\r\n"}
,{"stream_name":"stdout","time":40.528319503,"data":"\rrequests/mmlu_college_medicine-requests.(…):   0%|   | 0.00/109k [00:00\u003c?, ?B/s]\rrequests/mmlu_college_medicine-requests.(…):   0%|   | 0.00/109k [00:00\u003c?, ?B/s]\rrequests/mmlu_college_medicine-requests.(…):   0%|   | 0.00/109k [00:00\u003c?, ?B/s]\rrequests/mmlu_college_medicine-requests.(…):   0%|   | 0.00/109k [00:00\u003c?, ?B/s]\rrequests/mmlu_college_medicine-requests.(…): 100%|█| 109k/109k [00:00\u003c00:00, 543\rrequests/mmlu_college_medicine-requests.(…): 100%|█| 109k/109k [00:00\u003c00:00, 134\r\n"}
,{"stream_name":"stdout","time":40.528361715,"data":"[task] mmlu_college_medicine: 173 docs\r\n"}
,{"stream_name":"stdout","time":40.935018275,"data":"\rrequests/mmlu_college_physics-requests.j(…):   0%|  | 0.00/45.4k [00:00\u003c?, ?B/s]\rrequests/mmlu_college_physics-requests.j(…): 100%|█| 45.4k/45.4k [00:00\u003c00:00, 2\rrequests/mmlu_college_physics-requests.j(…): 100%|█| 45.4k/45.4k [00:00\u003c00:00, 2\r\n"}
,{"stream_name":"stdout","time":40.935094050000004,"data":"[task] mmlu_college_physics: 102 docs\r\n"}
,{"stream_name":"stdout","time":41.492174627,"data":"\rrequests/mmlu_computer_security-requests(…):   0%|  | 0.00/41.6k [00:00\u003c?, ?B/s]\rrequests/mmlu_computer_security-requests(…):   0%|  | 0.00/41.6k [00:00\u003c?, ?B/s]\rrequests/mmlu_computer_security-requests(…): 100%|█| 41.6k/41.6k [00:00\u003c00:00, 2\rrequests/mmlu_computer_security-requests(…): 100%|█| 41.6k/41.6k [00:00\u003c00:00, 1\r\n"}
,{"stream_name":"stdout","time":41.54265607,"data":"[task] mmlu_computer_security: 100 docs\r\n"}
,{"stream_name":"stdout","time":41.89685985,"data":"\rrequests/mmlu_conceptual_physics-request(…):   0%|  | 0.00/70.3k [00:00\u003c?, ?B/s]\rrequests/mmlu_conceptual_physics-request(…): 100%|█| 70.3k/70.3k [00:00\u003c00:00, 3\rrequests/mmlu_conceptual_physics-request(…): 100%|█| 70.3k/70.3k [00:00\u003c00:00, 3\r\n"}
,{"stream_name":"stdout","time":41.947435013,"data":"[task] mmlu_conceptual_physics: 235 docs\r\n"}
,{"stream_name":"stdout","time":42.301792138,"data":"\rrequests/mmlu_econometrics-requests.json(…):   0%|  | 0.00/56.2k [00:00\u003c?, ?B/s]\rrequests/mmlu_econometrics-requests.json(…): 100%|█| 56.2k/56.2k [00:00\u003c00:00, 2\rrequests/mmlu_econometrics-requests.json(…): 100%|█| 56.2k/56.2k [00:00\u003c00:00, 2\r\n"}
,{"stream_name":"stdout","time":42.352568154,"data":"[task] mmlu_econometrics: 114 docs\r\n"}
,{"stream_name":"stdout","time":43.112252215,"data":"\rrequests/mmlu_electrical_engineering-req(…):   0%|  | 0.00/44.1k [00:00\u003c?, ?B/s]\rrequests/mmlu_electrical_engineering-req(…):   0%|  | 0.00/44.1k [00:00\u003c?, ?B/s]\rrequests/mmlu_electrical_engineering-req(…):   0%|  | 0.00/44.1k [00:00\u003c?, ?B/s]\rrequests/mmlu_electrical_engineering-req(…): 100%|█| 44.1k/44.1k [00:00\u003c00:00, 2\rrequests/mmlu_electrical_engineering-req(…): 100%|█| 44.1k/44.1k [00:00\u003c00:00, 7\r\n"}
,{"stream_name":"stdout","time":43.162340743,"data":"[task] mmlu_electrical_engineering: 145 docs\r\n"}
,{"stream_name":"stdout","time":43.51694641,"data":"\rrequests/mmlu_elementary_mathematics-req(…):   0%|   | 0.00/120k [00:00\u003c?, ?B/s]\rrequests/mmlu_elementary_mathematics-req(…): 100%|█| 120k/120k [00:00\u003c00:00, 567\rrequests/mmlu_elementary_mathematics-req(…): 100%|█| 120k/120k [00:00\u003c00:00, 565\r\n"}
,{"stream_name":"stdout","time":43.567604194,"data":"[task] mmlu_elementary_mathematics: 378 docs\r\n"}
,{"stream_name":"stdout","time":44.126524227,"data":"\rrequests/mmlu_formal_logic-requests.json(…):   0%|  | 0.00/52.4k [00:00\u003c?, ?B/s]\rrequests/mmlu_formal_logic-requests.json(…):   0%|  | 0.00/52.4k [00:00\u003c?, ?B/s]\rrequests/mmlu_formal_logic-requests.json(…): 100%|█| 52.4k/52.4k [00:00\u003c00:00, 2\rrequests/mmlu_formal_logic-requests.json(…): 100%|█| 52.4k/52.4k [00:00\u003c00:00, 1\r\n"}
,{"stream_name":"stdout","time":44.1771885,"data":"[task] mmlu_formal_logic: 126 docs\r\n"}
,{"stream_name":"stdout","time":44.531135336,"data":"\rrequests/mmlu_global_facts-requests.json(…):   0%|  | 0.00/30.1k [00:00\u003c?, ?B/s]\rrequests/mmlu_global_facts-requests.json(…): 100%|█| 30.1k/30.1k [00:00\u003c00:00, 1\rrequests/mmlu_global_facts-requests.json(…): 100%|█| 30.1k/30.1k [00:00\u003c00:00, 1\r\n"}
,{"stream_name":"stdout","time":44.531166452,"data":"[task] mmlu_global_facts: 100 docs\r\n"}
,{"stream_name":"stdout","time":45.543620081,"data":"\rrequests/mmlu_high_school_biology-reques(…):   0%|   | 0.00/149k [00:00\u003c?, ?B/s]\rrequests/mmlu_high_school_biology-reques(…):   0%|   | 0.00/149k [00:00\u003c?, ?B/s]\rrequests/mmlu_high_school_biology-reques(…):   0%|   | 0.00/149k [00:00\u003c?, ?B/s]\rrequests/mmlu_high_school_biology-reques(…):   0%|   | 0.00/149k [00:00\u003c?, ?B/s]\rrequests/mmlu_high_school_biology-reques(…): 100%|█| 149k/149k [00:00\u003c00:00, 745\rrequests/mmlu_high_school_biology-reques(…): 100%|█| 149k/149k [00:00\u003c00:00, 184\r\n"}
,{"stream_name":"stdout","time":45.594484599,"data":"[task] mmlu_high_school_biology: 310 docs\r\n"}
,{"stream_name":"stdout","time":45.948385697,"data":"\rrequests/mmlu_high_school_chemistry-requ(…):   0%|  | 0.00/83.7k [00:00\u003c?, ?B/s]\rrequests/mmlu_high_school_chemistry-requ(…): 100%|█| 83.7k/83.7k [00:00\u003c00:00, 3\rrequests/mmlu_high_school_chemistry-requ(…): 100%|█| 83.7k/83.7k [00:00\u003c00:00, 3\r\n"}
,{"stream_name":"stdout","time":45.999014733,"data":"[task] mmlu_high_school_chemistry: 203 docs\r\n"}
,{"stream_name":"stdout","time":46.353692155,"data":"\rrequests/mmlu_high_school_computer_scien(…):   0%|  | 0.00/58.9k [00:00\u003c?, ?B/s]\rrequests/mmlu_high_school_computer_scien(…): 100%|█| 58.9k/58.9k [00:00\u003c00:00, 2\rrequests/mmlu_high_school_computer_scien(…): 100%|█| 58.9k/58.9k [00:00\u003c00:00, 2\r\n"}
,{"stream_name":"stdout","time":46.40399095,"data":"[task] mmlu_high_school_computer_science: 100 docs\r\n"}
,{"stream_name":"stdout","time":46.75900455,"data":"\rrequests/mmlu_high_school_european_histo(…):   0%|   | 0.00/341k [00:00\u003c?, ?B/s]\rrequests/mmlu_high_school_european_histo(…): 100%|█| 341k/341k [00:00\u003c00:00, 1.6\rrequests/mmlu_high_school_european_histo(…): 100%|█| 341k/341k [00:00\u003c00:00, 1.6\r\n"}
,{"stream_name":"stdout","time":46.860193335,"data":"[task] mmlu_high_school_european_history: 165 docs\r\n"}
,{"stream_name":"stdout","time":47.264971299,"data":"\rrequests/mmlu_high_school_geography-requ(…):   0%|  | 0.00/69.5k [00:00\u003c?, ?B/s]\rrequests/mmlu_high_school_geography-requ(…): 100%|█| 69.5k/69.5k [00:00\u003c00:00, 3\rrequests/mmlu_high_school_geography-requ(…): 100%|█| 69.5k/69.5k [00:00\u003c00:00, 3\r\n"}
,{"stream_name":"stdout","time":47.265022425,"data":"[task] mmlu_high_school_geography: 198 docs\r\n"}
,{"stream_name":"stdout","time":47.670979072,"data":"\rrequests/mmlu_high_school_government_and(…):   0%|  | 0.00/90.0k [00:00\u003c?, ?B/s]\rrequests/mmlu_high_school_government_and(…): 100%|█| 90.0k/90.0k [00:00\u003c00:00, 4\rrequests/mmlu_high_school_government_and(…): 100%|█| 90.0k/90.0k [00:00\u003c00:00, 4\r\n"}
,{"stream_name":"stdout","time":47.67104345,"data":"[task] mmlu_high_school_government_and_politics: 193 docs\r\n"}
,{"stream_name":"stdout","time":48.280230483,"data":"\rrequests/mmlu_high_school_macroeconomics(…):   0%|   | 0.00/148k [00:00\u003c?, ?B/s]\rrequests/mmlu_high_school_macroeconomics(…):   0%|   | 0.00/148k [00:00\u003c?, ?B/s]\rrequests/mmlu_high_school_macroeconomics(…): 100%|█| 148k/148k [00:00\u003c00:00, 741\rrequests/mmlu_high_school_macroeconomics(…): 100%|█| 148k/148k [00:00\u003c00:00, 359\r\n"}
,{"stream_name":"stdout","time":48.330778915,"data":"[task] mmlu_high_school_macroeconomics: 390 docs\r\n"}
,{"stream_name":"stdout","time":48.68658575,"data":"\rrequests/mmlu_high_school_mathematics-re(…):   0%|  | 0.00/96.8k [00:00\u003c?, ?B/s]\rrequests/mmlu_high_school_mathematics-re(…): 100%|█| 96.8k/96.8k [00:00\u003c00:00, 4\rrequests/mmlu_high_school_mathematics-re(…): 100%|█| 96.8k/96.8k [00:00\u003c00:00, 4\r\n"}
,{"stream_name":"stdout","time":48.736735934,"data":"[task] mmlu_high_school_mathematics: 270 docs\r\n"}
,{"stream_name":"stdout","time":49.091583653,"data":"\rrequests/mmlu_high_school_microeconomics(…):   0%|  | 0.00/92.9k [00:00\u003c?, ?B/s]\rrequests/mmlu_high_school_microeconomics(…): 100%|█| 92.9k/92.9k [00:00\u003c00:00, 4\rrequests/mmlu_high_school_microeconomics(…): 100%|█| 92.9k/92.9k [00:00\u003c00:00, 4\r\n"}
,{"stream_name":"stdout","time":49.142424409,"data":"[task] mmlu_high_school_microeconomics: 238 docs\r\n"}
,{"stream_name":"stdout","time":49.497917705,"data":"\rrequests/mmlu_high_school_physics-reques(…):   0%|  | 0.00/75.1k [00:00\u003c?, ?B/s]\rrequests/mmlu_high_school_physics-reques(…): 100%|█| 75.1k/75.1k [00:00\u003c00:00, 3\rrequests/mmlu_high_school_physics-reques(…): 100%|█| 75.1k/75.1k [00:00\u003c00:00, 3\r\n"}
,{"stream_name":"stdout","time":49.548100896,"data":"[task] mmlu_high_school_physics: 151 docs\r\n"}
,{"stream_name":"stdout","time":49.902994444,"data":"\rrequests/mmlu_high_school_psychology-req(…):   0%|   | 0.00/243k [00:00\u003c?, ?B/s]\rrequests/mmlu_high_school_psychology-req(…): 100%|█| 243k/243k [00:00\u003c00:00, 1.1\rrequests/mmlu_high_school_psychology-req(…): 100%|█| 243k/243k [00:00\u003c00:00, 1.1\r\n"}
,{"stream_name":"stdout","time":50.00555812,"data":"[task] mmlu_high_school_psychology: 545 docs\r\n"}
,{"stream_name":"stdout","time":50.360055287,"data":"\rrequests/mmlu_high_school_statistics-req(…):   0%|   | 0.00/133k [00:00\u003c?, ?B/s]\rrequests/mmlu_high_school_statistics-req(…): 100%|█| 133k/133k [00:00\u003c00:00, 627\rrequests/mmlu_high_school_statistics-req(…): 100%|█| 133k/133k [00:00\u003c00:00, 626\r\n"}
,{"stream_name":"stdout","time":50.410133411,"data":"[task] mmlu_high_school_statistics: 216 docs\r\n"}
,{"stream_name":"stdout","time":50.765471286,"data":"\rrequests/mmlu_high_school_us_history-req(…):   0%|   | 0.00/376k [00:00\u003c?, ?B/s]\rrequests/mmlu_high_school_us_history-req(…): 100%|█| 376k/376k [00:00\u003c00:00, 1.7\rrequests/mmlu_high_school_us_history-req(…): 100%|█| 376k/376k [00:00\u003c00:00, 1.7\r\n"}
,{"stream_name":"stdout","time":50.867219258,"data":"[task] mmlu_high_school_us_history: 204 docs\r\n"}
,{"stream_name":"stdout","time":51.880430172,"data":"\rrequests/mmlu_high_school_world_history-(…):   0%|   | 0.00/447k [00:00\u003c?, ?B/s]\rrequests/mmlu_high_school_world_history-(…):   0%|   | 0.00/447k [00:00\u003c?, ?B/s]\rrequests/mmlu_high_school_world_history-(…):   0%|   | 0.00/447k [00:00\u003c?, ?B/s]\rrequests/mmlu_high_school_world_history-(…):   0%|   | 0.00/447k [00:00\u003c?, ?B/s]\rrequests/mmlu_high_school_world_history-(…): 100%|█| 447k/447k [00:00\u003c00:00, 2.2\rrequests/mmlu_high_school_world_history-(…): 100%|█| 447k/447k [00:00\u003c00:00, 549\r\n"}
,{"stream_name":"stdout","time":51.983872565,"data":"[task] mmlu_high_school_world_history: 237 docs\r\n"}
,{"stream_name":"stdout","time":52.34017554,"data":"\rrequests/mmlu_human_aging-requests.jsonl(…):   0%|  | 0.00/77.3k [00:00\u003c?, ?B/s]\rrequests/mmlu_human_aging-requests.jsonl(…): 100%|█| 77.3k/77.3k [00:00\u003c00:00, 3\rrequests/mmlu_human_aging-requests.jsonl(…): 100%|█| 77.3k/77.3k [00:00\u003c00:00, 3\r\n"}
,{"stream_name":"stdout","time":52.390789303,"data":"[task] mmlu_human_aging: 223 docs\r\n"}
,{"stream_name":"stdout","time":52.745701077,"data":"\rrequests/mmlu_human_sexuality-requests.j(…):   0%|  | 0.00/49.8k [00:00\u003c?, ?B/s]\rrequests/mmlu_human_sexuality-requests.j(…): 100%|█| 49.8k/49.8k [00:00\u003c00:00, 2\rrequests/mmlu_human_sexuality-requests.j(…): 100%|█| 49.8k/49.8k [00:00\u003c00:00, 2\r\n"}
,{"stream_name":"stdout","time":52.745748745,"data":"[task] mmlu_human_sexuality: 131 docs\r\n"}
,{"stream_name":"stdout","time":53.150796686,"data":"\rrequests/mmlu_international_law-requests(…):   0%|  | 0.00/60.3k [00:00\u003c?, ?B/s]\rrequests/mmlu_international_law-requests(…): 100%|█| 60.3k/60.3k [00:00\u003c00:00, 2\rrequests/mmlu_international_law-requests(…): 100%|█| 60.3k/60.3k [00:00\u003c00:00, 2\r\n"}
,{"stream_name":"stdout","time":53.150854708,"data":"[task] mmlu_international_law: 121 docs\r\n"}
,{"stream_name":"stdout","time":53.759365972,"data":"\rrequests/mmlu_jurisprudence-requests.jso(…):   0%|  | 0.00/47.9k [00:00\u003c?, ?B/s]\rrequests/mmlu_jurisprudence-requests.jso(…):   0%|  | 0.00/47.9k [00:00\u003c?, ?B/s]\rrequests/mmlu_jurisprudence-requests.jso(…): 100%|█| 47.9k/47.9k [00:00\u003c00:00, 2\rrequests/mmlu_jurisprudence-requests.jso(…): 100%|█| 47.9k/47.9k [00:00\u003c00:00, 1\r\n"}
,{"stream_name":"stdout","time":53.80969454,"data":"[task] mmlu_jurisprudence: 108 docs\r\n"}
,{"stream_name":"stdout","time":54.164179947,"data":"\rrequests/mmlu_logical_fallacies-requests(…):   0%|  | 0.00/66.1k [00:00\u003c?, ?B/s]\rrequests/mmlu_logical_fallacies-requests(…): 100%|█| 66.1k/66.1k [00:00\u003c00:00, 3\rrequests/mmlu_logical_fallacies-requests(…): 100%|█| 66.1k/66.1k [00:00\u003c00:00, 3\r\n"}
,{"stream_name":"stdout","time":54.164218637,"data":"[task] mmlu_logical_fallacies: 163 docs\r\n"}
,{"stream_name":"stdout","time":54.569041041,"data":"\rrequests/mmlu_machine_learning-requests.(…):   0%|  | 0.00/48.4k [00:00\u003c?, ?B/s]\rrequests/mmlu_machine_learning-requests.(…): 100%|█| 48.4k/48.4k [00:00\u003c00:00, 2\rrequests/mmlu_machine_learning-requests.(…): 100%|█| 48.4k/48.4k [00:00\u003c00:00, 2\r\n"}
,{"stream_name":"stdout","time":54.569087004,"data":"[task] mmlu_machine_learning: 112 docs\r\n"}
,{"stream_name":"stdout","time":54.974371631,"data":"\rrequests/mmlu_management-requests.jsonl.(…):   0%|  | 0.00/32.2k [00:00\u003c?, ?B/s]\rrequests/mmlu_management-requests.jsonl.(…): 100%|█| 32.2k/32.2k [00:00\u003c00:00, 1\rrequests/mmlu_management-requests.jsonl.(…): 100%|█| 32.2k/32.2k [00:00\u003c00:00, 1\r\n"}
,{"stream_name":"stdout","time":54.974413522,"data":"[task] mmlu_management: 103 docs\r\n"}
,{"stream_name":"stdout","time":55.330332438,"data":"\rrequests/mmlu_marketing-requests.jsonl.g(…):   0%|  | 0.00/94.1k [00:00\u003c?, ?B/s]\rrequests/mmlu_marketing-requests.jsonl.g(…): 100%|█| 94.1k/94.1k [00:00\u003c00:00, 4\rrequests/mmlu_marketing-requests.jsonl.g(…): 100%|█| 94.1k/94.1k [00:00\u003c00:00, 4\r\n"}
,{"stream_name":"stdout","time":55.380589291,"data":"[task] mmlu_marketing: 234 docs\r\n"}
,{"stream_name":"stdout","time":55.785996916,"data":"\rrequests/mmlu_medical_genetics-requests.(…):   0%|  | 0.00/33.8k [00:00\u003c?, ?B/s]\rrequests/mmlu_medical_genetics-requests.(…): 100%|█| 33.8k/33.8k [00:00\u003c00:00, 1\rrequests/mmlu_medical_genetics-requests.(…): 100%|█| 33.8k/33.8k [00:00\u003c00:00, 1\r\n"}
,{"stream_name":"stdout","time":55.78606566,"data":"[task] mmlu_medical_genetics: 100 docs\r\n"}
,{"stream_name":"stdout","time":56.140671907,"data":"\rrequests/mmlu_miscellaneous-requests.jso(…):   0%|   | 0.00/257k [00:00\u003c?, ?B/s]\rrequests/mmlu_miscellaneous-requests.jso(…): 100%|█| 257k/257k [00:00\u003c00:00, 1.2\rrequests/mmlu_miscellaneous-requests.jso(…): 100%|█| 257k/257k [00:00\u003c00:00, 1.2\r\n"}
,{"stream_name":"stdout","time":56.24170399,"data":"[task] mmlu_miscellaneous: 783 docs\r\n"}
,{"stream_name":"stdout","time":56.597397584,"data":"\rrequests/mmlu_moral_disputes-requests.js(…):   0%|   | 0.00/149k [00:00\u003c?, ?B/s]\rrequests/mmlu_moral_disputes-requests.js(…): 100%|█| 149k/149k [00:00\u003c00:00, 701\rrequests/mmlu_moral_disputes-requests.js(…): 100%|█| 149k/149k [00:00\u003c00:00, 699\r\n"}
,{"stream_name":"stdout","time":56.648163856,"data":"[task] mmlu_moral_disputes: 346 docs\r\n"}
,{"stream_name":"stdout","time":57.054829017,"data":"\rrequests/mmlu_moral_scenarios-requests.j(…):   0%|   | 0.00/310k [00:00\u003c?, ?B/s]\rrequests/mmlu_moral_scenarios-requests.j(…): 100%|█| 310k/310k [00:00\u003c00:00, 1.4\rrequests/mmlu_moral_scenarios-requests.j(…): 100%|█| 310k/310k [00:00\u003c00:00, 1.4\r\n"}
,{"stream_name":"stdout","time":57.155257278,"data":"[task] mmlu_moral_scenarios: 895 docs\r\n"}
,{"stream_name":"stdout","time":57.560130414,"data":"\rrequests/mmlu_nutrition-requests.jsonl.g(…):   0%|   | 0.00/132k [00:00\u003c?, ?B/s]\rrequests/mmlu_nutrition-requests.jsonl.g(…): 100%|█| 132k/132k [00:00\u003c00:00, 619\rrequests/mmlu_nutrition-requests.jsonl.g(…): 100%|█| 132k/132k [00:00\u003c00:00, 617\r\n"}
,{"stream_name":"stdout","time":57.610652521,"data":"[task] mmlu_nutrition: 306 docs\r\n"}
,{"stream_name":"stdout","time":57.96626747,"data":"\rrequests/mmlu_philosophy-requests.jsonl.(…):   0%|   | 0.00/117k [00:00\u003c?, ?B/s]\rrequests/mmlu_philosophy-requests.jsonl.(…): 100%|█| 117k/117k [00:00\u003c00:00, 552\rrequests/mmlu_philosophy-requests.jsonl.(…): 100%|█| 117k/117k [00:00\u003c00:00, 551\r\n"}
,{"stream_name":"stdout","time":58.016925716,"data":"[task] mmlu_philosophy: 311 docs\r\n"}
,{"stream_name":"stdout","time":58.370749276,"data":"\rrequests/mmlu_prehistory-requests.jsonl.(…):   0%|   | 0.00/133k [00:00\u003c?, ?B/s]\rrequests/mmlu_prehistory-requests.jsonl.(…): 100%|█| 133k/133k [00:00\u003c00:00, 630\rrequests/mmlu_prehistory-requests.jsonl.(…): 100%|█| 133k/133k [00:00\u003c00:00, 628\r\n"}
,{"stream_name":"stdout","time":58.42122355,"data":"[task] mmlu_prehistory: 324 docs\r\n"}
,{"stream_name":"stdout","time":58.825634727,"data":"\rrequests/mmlu_professional_accounting-re(…):   0%|   | 0.00/167k [00:00\u003c?, ?B/s]\rrequests/mmlu_professional_accounting-re(…): 100%|█| 167k/167k [00:00\u003c00:00, 790\rrequests/mmlu_professional_accounting-re(…): 100%|█| 167k/167k [00:00\u003c00:00, 788\r\n"}
,{"stream_name":"stdout","time":58.825677924,"data":"[task] mmlu_professional_accounting: 282 docs\r\n"}
,{"stream_name":"stdout","time":60.039038807,"data":"\rrequests/mmlu_professional_law-requests.(…):   0%|  | 0.00/2.16M [00:00\u003c?, ?B/s]\rrequests/mmlu_professional_law-requests.(…):   0%|  | 0.00/2.16M [00:00\u003c?, ?B/s]\rrequests/mmlu_professional_law-requests.(…):   0%|  | 0.00/2.16M [00:00\u003c?, ?B/s]\rrequests/mmlu_professional_law-requests.(…):   0%|  | 0.00/2.16M [00:00\u003c?, ?B/s]\rrequests/mmlu_professional_law-requests.(…):   0%|  | 0.00/2.16M [00:00\u003c?, ?B/s]\rrequests/mmlu_professional_law-requests.(…): 100%|█| 2.16M/2.16M [00:01\u003c00:00, 1\rrequests/mmlu_professional_law-requests.(…): 100%|█| 2.16M/2.16M [00:01\u003c00:00, 2\r\n"}
,{"stream_name":"stdout","time":60.495089509,"data":"[task] mmlu_professional_law: 1534 docs\r\n"}
,{"stream_name":"stdout","time":60.850261416,"data":"\rrequests/mmlu_professional_medicine-requ(…):   0%|   | 0.00/276k [00:00\u003c?, ?B/s]\rrequests/mmlu_professional_medicine-requ(…): 100%|█| 276k/276k [00:00\u003c00:00, 1.3\rrequests/mmlu_professional_medicine-requ(…): 100%|█| 276k/276k [00:00\u003c00:00, 1.3\r\n"}
,{"stream_name":"stdout","time":60.952106273,"data":"[task] mmlu_professional_medicine: 272 docs\r\n"}
,{"stream_name":"stdout","time":61.306626985,"data":"\rrequests/mmlu_professional_psychology-re(…):   0%|   | 0.00/316k [00:00\u003c?, ?B/s]\rrequests/mmlu_professional_psychology-re(…): 100%|█| 316k/316k [00:00\u003c00:00, 1.5\rrequests/mmlu_professional_psychology-re(…): 100%|█| 316k/316k [00:00\u003c00:00, 1.4\r\n"}
,{"stream_name":"stdout","time":61.407702878,"data":"[task] mmlu_professional_psychology: 612 docs\r\n"}
,{"stream_name":"stdout","time":61.812449934,"data":"\rrequests/mmlu_public_relations-requests.(…):   0%|  | 0.00/44.6k [00:00\u003c?, ?B/s]\rrequests/mmlu_public_relations-requests.(…): 100%|█| 44.6k/44.6k [00:00\u003c00:00, 2\rrequests/mmlu_public_relations-requests.(…): 100%|█| 44.6k/44.6k [00:00\u003c00:00, 2\r\n"}
,{"stream_name":"stdout","time":61.812501728,"data":"[task] mmlu_public_relations: 110 docs\r\n"}
,{"stream_name":"stdout","time":62.268102207,"data":"\rrequests/mmlu_security_studies-requests.(…):   0%|   | 0.00/220k [00:00\u003c?, ?B/s]\rrequests/mmlu_security_studies-requests.(…): 100%|█| 220k/220k [00:00\u003c00:00, 1.0\rrequests/mmlu_security_studies-requests.(…): 100%|█| 220k/220k [00:00\u003c00:00, 1.0\r\n"}
,{"stream_name":"stdout","time":62.318746548,"data":"[task] mmlu_security_studies: 245 docs\r\n"}
,{"stream_name":"stdout","time":62.673769893,"data":"\rrequests/mmlu_sociology-requests.jsonl.g(…):   0%|  | 0.00/94.2k [00:00\u003c?, ?B/s]\rrequests/mmlu_sociology-requests.jsonl.g(…): 100%|█| 94.2k/94.2k [00:00\u003c00:00, 4\rrequests/mmlu_sociology-requests.jsonl.g(…): 100%|█| 94.2k/94.2k [00:00\u003c00:00, 4\r\n"}
,{"stream_name":"stdout","time":62.724162276,"data":"[task] mmlu_sociology: 201 docs\r\n"}
,{"stream_name":"stdout","time":63.07792314,"data":"\rrequests/mmlu_us_foreign_policy-requests(…):   0%|  | 0.00/40.5k [00:00\u003c?, ?B/s]\rrequests/mmlu_us_foreign_policy-requests(…): 100%|█| 40.5k/40.5k [00:00\u003c00:00, 1\rrequests/mmlu_us_foreign_policy-requests(…): 100%|█| 40.5k/40.5k [00:00\u003c00:00, 1\r\n"}
,{"stream_name":"stdout","time":63.077956542,"data":"[task] mmlu_us_foreign_policy: 100 docs\r\n"}
,{"stream_name":"stdout","time":63.887744267,"data":"\rrequests/mmlu_virology-requests.jsonl.gz:   0%|     | 0.00/61.6k [00:00\u003c?, ?B/s]\rrequests/mmlu_virology-requests.jsonl.gz:   0%|     | 0.00/61.6k [00:00\u003c?, ?B/s]\rrequests/mmlu_virology-requests.jsonl.gz:   0%|     | 0.00/61.6k [00:00\u003c?, ?B/s]\rrequests/mmlu_virology-requests.jsonl.gz: 100%|█| 61.6k/61.6k [00:00\u003c00:00, 308k\rrequests/mmlu_virology-requests.jsonl.gz: 100%|█| 61.6k/61.6k [00:00\u003c00:00, 101k\r\n"}
,{"stream_name":"stdout","time":63.9386608,"data":"[task] mmlu_virology: 166 docs\r\n"}
,{"stream_name":"stdout","time":64.292206492,"data":"\rrequests/mmlu_world_religions-requests.j(…):   0%|  | 0.00/47.3k [00:00\u003c?, ?B/s]\rrequests/mmlu_world_religions-requests.j(…): 100%|█| 47.3k/47.3k [00:00\u003c00:00, 2\rrequests/mmlu_world_religions-requests.j(…): 100%|█| 47.3k/47.3k [00:00\u003c00:00, 2\r\n"}
,{"stream_name":"stdout","time":64.342663632,"data":"[task] mmlu_world_religions: 171 docs\r\n"}
,{"stream_name":"stdout","time":64.697017096,"data":"\rrequests/openbookqa-requests.jsonl.gz:   0%|         | 0.00/133k [00:00\u003c?, ?B/s]\rrequests/openbookqa-requests.jsonl.gz: 100%|██| 133k/133k [00:00\u003c00:00, 627kB/s]\rrequests/openbookqa-requests.jsonl.gz: 100%|██| 133k/133k [00:00\u003c00:00, 625kB/s]\r\n"}
,{"stream_name":"stdout","time":64.747794039,"data":"[task] openbookqa: 500 docs\r\n"}
,{"stream_name":"stdout","time":65.153748323,"data":"\rrequests/piqa-requests.jsonl.gz:   0%|               | 0.00/529k [00:00\u003c?, ?B/s]\rrequests/piqa-requests.jsonl.gz: 100%|███████| 529k/529k [00:00\u003c00:00, 2.49MB/s]\rrequests/piqa-requests.jsonl.gz: 100%|███████| 529k/529k [00:00\u003c00:00, 2.49MB/s]\r\n"}
,{"stream_name":"stdout","time":65.255184125,"data":"[task] piqa: 1838 docs\r\n"}
,{"stream_name":"stdout","time":65.608987,"data":"\rrequests/socialiqa-requests.jsonl.gz:   0%|          | 0.00/618k [00:00\u003c?, ?B/s]\rrequests/socialiqa-requests.jsonl.gz: 100%|██| 618k/618k [00:00\u003c00:00, 2.92MB/s]\rrequests/socialiqa-requests.jsonl.gz: 100%|██| 618k/618k [00:00\u003c00:00, 2.91MB/s]\r\n"}
,{"stream_name":"stdout","time":65.761000238,"data":"[task] socialiqa: 1954 docs\r\n"}
,{"stream_name":"stdout","time":66.165644517,"data":"\rrequests/winogrande-requests.jsonl.gz:   0%|         | 0.00/115k [00:00\u003c?, ?B/s]\rrequests/winogrande-requests.jsonl.gz: 100%|██| 115k/115k [00:00\u003c00:00, 543kB/s]\rrequests/winogrande-requests.jsonl.gz: 100%|██| 115k/115k [00:00\u003c00:00, 542kB/s]\r\n"}
,{"stream_name":"stdout","time":66.216966471,"data":"[task] winogrande: 1267 docs\r\n"}
,{"stream_name":"stdout","time":69.819260792,"data":"{\r\n"}
,{"stream_name":"stdout","time":69.819289934,"data":" \"items\": 37682,\r\n"}
,{"stream_name":"stdout","time":69.819295221,"data":" \"per_trait\": {\r\n"}
,{"stream_name":"stdout","time":69.819315852,"data":"  \"arc_challenge\": 1172,\r\n"}
,{"stream_name":"stdout","time":69.819331767,"data":"  \"arc_easy\": 2376,\r\n"}
,{"stream_name":"stdout","time":69.819337241,"data":"  \"boolq\": 3270,\r\n"}
,{"stream_name":"stdout","time":69.819342117,"data":"  \"csqa\": 1221,\r\n"}
,{"stream_name":"stdout","time":69.819346886,"data":"  \"hellaswag\": 10042,\r\n"}
,{"stream_name":"stdout","time":69.819351428,"data":"  \"mmlu\": 14042,\r\n"}
,{"stream_name":"stdout","time":69.819355671,"data":"  \"openbookqa\": 500,\r\n"}
,{"stream_name":"stdout","time":69.819360051,"data":"  \"piqa\": 1838,\r\n"}
,{"stream_name":"stdout","time":69.819364357,"data":"  \"socialiqa\": 1954,\r\n"}
,{"stream_name":"stdout","time":69.819368674,"data":"  \"winogrande\": 1267\r\n"}
,{"stream_name":"stdout","time":69.819372956,"data":" },\r\n"}
,{"stream_name":"stdout","time":69.819377169,"data":" \"sha256\": \"3130d19f88c2cb5dd040ff203200a9a3464e29b873635c1cd7768704b19fbcaf\"\r\n"}
,{"stream_name":"stdout","time":69.819381856,"data":"}\r\n"}
,{"stream_name":"stdout","time":71.028421386,"data":"[freeze] bank1: 37682 items, sha256 3130d19f88c2cb5dd040ff203200a9a3464e29b873635c1cd7768704b19fbcaf\r\n"}
,{"stream_name":"stdout","time":71.341033363,"data":"name, memory.total [MiB]\r\n"}
,{"stream_name":"stdout","time":71.341067658,"data":"Tesla T4, 15360 MiB\r\n"}
,{"stream_name":"stdout","time":71.341072078,"data":"Tesla T4, 15360 MiB\r\n"}
,{"stream_name":"stdout","time":72.618156278,"data":"[plan] job pythia_bank1_final on bank1: 6 runs, 6 still to score, tasks all, gpus ['0', '1'], 0.0 card-hours by this job's own timings so far\r\n"}
,{"stream_name":"stdout","time":80.160051193,"data":"name, memory.total [MiB], driver_version\r\n"}
,{"stream_name":"stdout","time":80.160090774,"data":"Tesla T4, 15360 MiB, 580.159.04\r\n"}
,{"stream_name":"stdout","time":80.160116744,"data":"Tesla T4, 15360 MiB, 580.159.04\r\n"}
,{"stream_name":"stdout","time":80.16012125,"data":"\r\n"}
,{"stream_name":"stdout","time":17914.908942741,"data":"[worker 0] exit 0\r\n"}
,{"stream_name":"stdout","time":17914.908996795,"data":"[worker 1] exit 0\r\n"}
,{"stream_name":"stdout","time":17914.909003813,"data":"[done] job pythia_bank1_final: 6 of 6 scored, 0 failed, 0 not started, 17843s\r\n"}
,{"stream_name":"stdout","time":17915.453366799,"data":"polypythias__14m__seed-1__step-143000.npz\r\n"}
,{"stream_name":"stdout","time":17915.453406501,"data":"polypythias__14m__seed-3__step-143000.npz\r\n"}
,{"stream_name":"stdout","time":17915.453411786,"data":"polypythias__31m__seed-1__step-143000.npz\r\n"}
,{"stream_name":"stdout","time":17915.453415058,"data":"polypythias__31m__seed-3__step-143000.npz\r\n"}
,{"stream_name":"stdout","time":17915.453418114,"data":"polypythias__410m__seed-9__step-143000.npz\r\n"}
,{"stream_name":"stdout","time":17915.453421072,"data":"polypythias__70m__seed-5__step-143000.npz\r\n"}
,{"stream_name":"stdout","time":17915.453424109,"data":"report_20260923T211443.json\r\n"}
,{"stream_name":"stdout","time":17915.453426977,"data":"timing_20260923T211443.json\r\n"}
,{"stream_name":"stdout","time":17915.453429856,"data":"worker0.log\r\n"}
,{"stream_name":"stdout","time":17915.453432716,"data":"worker1.log\r\n"}
,{"stream_name":"stderr","time":17917.931903506,"data":"/usr/local/lib/python3.12/dist-packages/mistune.py:435: SyntaxWarning: invalid escape sequence '\\|'\n"}
,{"stream_name":"stderr","time":17917.931959207,"data":"  cells[i][c] = re.sub('\\\\\\\\\\|', '|', cell)\n"}
,{"stream_name":"stderr","time":17918.077511259,"data":"/usr/local/lib/python3.12/dist-packages/nbconvert/filters/filter_links.py:36: SyntaxWarning: invalid escape sequence '\\_'\n"}
,{"stream_name":"stderr","time":17918.07754526,"data":"  text = re.sub(r'_', '\\_', text) # Escape underscores in display text\n"}
,{"stream_name":"stderr","time":17918.677770296,"data":"[NbConvertApp] Converting notebook __notebook__.ipynb to notebook\n"}
,{"stream_name":"stderr","time":17919.00056747,"data":"[NbConvertApp] Writing 15281 bytes to __notebook__.ipynb\n"}
,{"stream_name":"stderr","time":17921.341616826,"data":"[NbConvertApp] Converting notebook __notebook__.ipynb to html\n"}
,{"stream_name":"stderr","time":17922.103792309,"data":"[NbConvertApp] Writing 289765 bytes to __results__.html\n"}
]