[{"stream_name":"stdout","time":32.420821032,"data":"[all_ten margin] lambda split 1.2439 fixed 1.2375 | pairs {'decisions': 1500, 'split_only': 4, 'replicate_only': 0} | steps {'decisions': 100, 'split_only': 0, 'replicate_only': 0}\n"}
,{"stream_name":"stdout","time":34.630483704,"data":"[all_ten accuracy] lambda split 1.0784 fixed 1.0672 | pairs {'decisions': 1500, 'split_only': 25, 'replicate_only': 0} | steps {'decisions': 100, 'split_only': 0, 'replicate_only': 0}\n"}
,{"stream_name":"stdout","time":36.644901512,"data":"[no_arc_challenge margin] lambda split 1.1952 fixed 1.1908 | pairs {'decisions': 1500, 'split_only': 5, 'replicate_only': 0} | steps {'decisions': 100, 'split_only': 0, 'replicate_only': 0}\n"}
,{"stream_name":"stdout","time":38.732287962,"data":"[no_arc_challenge accuracy] lambda split 1.0389 fixed 1.0372 | pairs {'decisions': 1500, 'split_only': 47, 'replicate_only': 0} | steps {'decisions': 100, 'split_only': 2, 'replicate_only': 0}\n"}
,{"stream_name":"stdout","time":40.636715059,"data":"[no_arc_easy margin] lambda split 1.1606 fixed 1.1561 | pairs {'decisions': 1500, 'split_only': 8, 'replicate_only': 0} | steps {'decisions': 100, 'split_only': 1, 'replicate_only': 0}\n"}
,{"stream_name":"stdout","time":42.812208356,"data":"[no_arc_easy accuracy] lambda split 1.0465 fixed 1.0402 | pairs {'decisions': 1500, 'split_only': 46, 'replicate_only': 0} | steps {'decisions': 100, 'split_only': 1, 'replicate_only': 0}\n"}
,{"stream_name":"stdout","time":44.919494012,"data":"[no_boolq margin] lambda split 1.7856 fixed 1.7344 | pairs {'decisions': 1500, 'split_only': 7, 'replicate_only': 0} | steps {'decisions': 100, 'split_only': 0, 'replicate_only': 0}\n"}
,{"stream_name":"stdout","time":47.015258121,"data":"[no_boolq accuracy] lambda split 1.5578 fixed 1.2852 | pairs {'decisions': 1500, 'split_only': 61, 'replicate_only': 0} | steps {'decisions': 100, 'split_only': 0, 'replicate_only': 0}\n"}
,{"stream_name":"stdout","time":49.126893081,"data":"[no_csqa margin] lambda split 1.0956 fixed 1.0921 | pairs {'decisions': 1500, 'split_only': 3, 'replicate_only': 0} | steps {'decisions': 100, 'split_only': 1, 'replicate_only': 0}\n"}
,{"stream_name":"stdout","time":51.186995575,"data":"[no_csqa accuracy] lambda split 1.0143 fixed 1.0154 | pairs {'decisions': 1500, 'split_only': 40, 'replicate_only': 0} | steps {'decisions': 100, 'split_only': 0, 'replicate_only': 0}\n"}
,{"stream_name":"stdout","time":53.328241086,"data":"[no_hellaswag margin] lambda split 1.2435 fixed 1.2371 | pairs {'decisions': 1500, 'split_only': 5, 'replicate_only': 0} | steps {'decisions': 100, 'split_only': 0, 'replicate_only': 0}\n"}
,{"stream_name":"stdout","time":55.391635602,"data":"[no_hellaswag accuracy] lambda split 1.0763 fixed 1.0654 | pairs {'decisions': 1500, 'split_only': 29, 'replicate_only': 0} | steps {'decisions': 100, 'split_only': 3, 'replicate_only': 0}\n"}
,{"stream_name":"stdout","time":57.393986615,"data":"[no_mmlu margin] lambda split 1.2053 fixed 1.1998 | pairs {'decisions': 1500, 'split_only': 5, 'replicate_only': 0} | steps {'decisions': 100, 'split_only': 1, 'replicate_only': 0}\n"}
,{"stream_name":"stdout","time":59.316892338,"data":"[no_mmlu accuracy] lambda split 1.0679 fixed 1.0563 | pairs {'decisions': 1500, 'split_only': 30, 'replicate_only': 0} | steps {'decisions': 100, 'split_only': 1, 'replicate_only': 0}\n"}
,{"stream_name":"stdout","time":61.357231209,"data":"[no_openbookqa margin] lambda split 1.1784 fixed 1.1756 | pairs {'decisions': 1500, 'split_only': 6, 'replicate_only': 0} | steps {'decisions': 100, 'split_only': 0, 'replicate_only': 0}\n"}
,{"stream_name":"stdout","time":63.578653488,"data":"[no_openbookqa accuracy] lambda split 1.0742 fixed 1.0638 | pairs {'decisions': 1500, 'split_only': 13, 'replicate_only': 0} | steps {'decisions': 100, 'split_only': 2, 'replicate_only': 0}\n"}
,{"stream_name":"stdout","time":65.83769939,"data":"[no_piqa margin] lambda split 1.2433 fixed 1.2366 | pairs {'decisions': 1500, 'split_only': 7, 'replicate_only': 0} | steps {'decisions': 100, 'split_only': 0, 'replicate_only': 0}\n"}
,{"stream_name":"stdout","time":67.858648659,"data":"[no_piqa accuracy] lambda split 1.0732 fixed 1.0617 | pairs {'decisions': 1500, 'split_only': 29, 'replicate_only': 0} | steps {'decisions': 100, 'split_only': 1, 'replicate_only': 0}\n"}
,{"stream_name":"stdout","time":69.821940187,"data":"[no_socialiqa margin] lambda split 1.1389 fixed 1.1356 | pairs {'decisions': 1500, 'split_only': 4, 'replicate_only': 0} | steps {'decisions': 100, 'split_only': 1, 'replicate_only': 0}\n"}
,{"stream_name":"stdout","time":71.859675749,"data":"[no_socialiqa accuracy] lambda split 1.0324 fixed 1.0281 | pairs {'decisions': 1500, 'split_only': 32, 'replicate_only': 0} | steps {'decisions': 100, 'split_only': 1, 'replicate_only': 0}\n"}
,{"stream_name":"stdout","time":73.899948226,"data":"[no_winogrande margin] lambda split 1.2456 fixed 1.2395 | pairs {'decisions': 1500, 'split_only': 6, 'replicate_only': 0} | steps {'decisions': 100, 'split_only': 0, 'replicate_only': 0}\n"}
,{"stream_name":"stdout","time":75.869376498,"data":"[no_winogrande accuracy] lambda split 1.1023 fixed 1.0909 | pairs {'decisions': 1500, 'split_only': 30, 'replicate_only': 0} | steps {'decisions': 100, 'split_only': 2, 'replicate_only': 0}\n"}
,{"stream_name":"stdout","time":75.889209636,"data":"[done] pair disagreements 442, size-step disagreements 17, seed-rule differences 34, 74s\n"}
,{"stream_name":"stderr","time":79.161921157,"data":"/usr/local/lib/python3.12/dist-packages/mistune.py:435: SyntaxWarning: invalid escape sequence '\\|'\n"}
,{"stream_name":"stderr","time":79.162014726,"data":"  cells[i][c] = re.sub('\\\\\\\\\\|', '|', cell)\n"}
,{"stream_name":"stderr","time":79.62037835,"data":"/usr/local/lib/python3.12/dist-packages/nbconvert/filters/filter_links.py:36: SyntaxWarning: invalid escape sequence '\\_'\n"}
,{"stream_name":"stderr","time":79.620425753,"data":"  text = re.sub(r'_', '\\_', text) # Escape underscores in display text\n"}
,{"stream_name":"stderr","time":80.679800246,"data":"[NbConvertApp] Converting notebook __script__.ipynb to html\n"}
,{"stream_name":"stderr","time":82.681403932,"data":"[NbConvertApp] Writing 349182 bytes to __results__.html\n"}
]