[{"stream_name":"stdout","time":19.564725443,"data":"[noise datadecide_rel_original] rel [0.927, 0.584, 0.993, 0.93, 0.757, 0.86, 0.392, 0.273, 0.888, 0.5] set_to_half ['winogrande (r1_18 rule)'] share* {\"share\": 0.7547407040748423, \"trace_S\": 0.002111867163374444, \"sum_sqrt_noise_sq\": 0.0010286695591398191, \"sum_noise\": 0.00017010567560688702, \"lambda_at_share_expectation_ratio\": 1.2438424111019857, \"lambda_at_share_1\": 1.303945697590167, \"lambda_at_share_0124\": 1.0482595044307175, \"construction\": \"fraction\"}\n"}
,{"stream_name":"stdout","time":19.564815039,"data":"[noise pp_pooled_4755] rel [0.3694, 0.7425, 0.9524, 0.8384, 0.9076, 0.2334, 0.3515, 0.3305, 0.4179, 0.1701] set_to_half [] share* {\"share\": 0.22996690558914634, \"trace_S\": 0.002111867163374444, \"sum_sqrt_noise_sq\": 0.003217724493266279, \"sum_noise\": 0.00045594764313079575, \"lambda_at_share_expectation_ratio\": 1.2438424111019857, \"lambda_at_share_1\": 1.6812838809945518, \"lambda_at_share_0124\": 1.1436072356228681, \"construction\": \"fraction\"}\n"}
,{"stream_name":"stdout","time":19.564873689,"data":"[noise pp_pooled_bank1] rel [0.6966, 0.932, 0.9924, 0.9269, 0.995, 0.9036, 0.3515, 0.6447, 0.7372, 0.3419] set_to_half [] share* {\"share\": 0.8483933265481854, \"trace_S\": 0.002111867163374444, \"sum_sqrt_noise_sq\": 0.0009211054558009519, \"sum_noise\": 0.0001551989469418474, \"lambda_at_share_expectation_ratio\": 1.2438424111019857, \"lambda_at_share_1\": 1.2776496728051228, \"lambda_at_share_0124\": 1.0432314117565105, \"construction\": \"fraction\"}\n"}
,{"stream_name":"stdout","time":31.242448887,"data":"[datadecide_rel_original/run_cov_1244_share0] share 0.0000 (fraction) {'not supported': 0.22575, 'supported': 0.013, 'undecided': 0.76125} R1 pass 0.257 within med 1.244 cross med 1.244 check 25 mismatches 0 28s\n"}
,{"stream_name":"stdout","time":41.495365174,"data":"[datadecide_rel_original/independence_share0] share 0.0000 (fraction) {'not supported': 0.01075, 'supported': 0.015, 'undecided': 0.97425} R1 pass 0.014 within med 0.997 cross med 0.997 check 25 mismatches 0 38s\n"}
,{"stream_name":"stdout","time":51.75290687,"data":"[datadecide_rel_original/independence_share_star] share 0.7547 (fraction) {'not supported': 0.0145, 'supported': 0.06675, 'undecided': 0.91875} R1 pass 0.338 within med 1.240 cross med 1.003 check 25 mismatches 0 49s\n"}
,{"stream_name":"stdout","time":62.055947591,"data":"[pp_pooled_4755/run_cov_1244_share0] share 0.0000 (fraction) {'not supported': 0.16325, 'supported': 0.012, 'undecided': 0.82475} R1 pass 0.210 within med 1.242 cross med 1.243 check 25 mismatches 0 59s\n"}
,{"stream_name":"stdout","time":72.335885224,"data":"[pp_pooled_4755/independence_share0] share 0.0000 (fraction) {'not supported': 0.0085, 'supported': 0.0045, 'undecided': 0.987} R1 pass 0.013 within med 0.997 cross med 0.997 check 25 mismatches 0 69s\n"}
,{"stream_name":"stdout","time":82.734170653,"data":"[pp_pooled_4755/independence_share_star] share 0.2300 (fraction) {'not supported': 0.0165, 'supported': 0.0255, 'undecided': 0.958} R1 pass 0.277 within med 1.241 cross med 1.005 check 25 mismatches 0 80s\n"}
,{"stream_name":"stdout","time":93.039275759,"data":"[pp_pooled_bank1/run_cov_1244_share0] share 0.0000 (fraction) {'not supported': 0.2305, 'supported': 0.012, 'undecided': 0.7575} R1 pass 0.254 within med 1.245 cross med 1.243 check 25 mismatches 0 90s\n"}
,{"stream_name":"stdout","time":103.788383698,"data":"[pp_pooled_bank1/independence_share0] share 0.0000 (fraction) {'not supported': 0.009, 'supported': 0.0115, 'undecided': 0.9795} R1 pass 0.015 within med 0.998 cross med 0.997 check 25 mismatches 0 101s\n"}
,{"stream_name":"stdout","time":114.561861414,"data":"[pp_pooled_bank1/independence_share_star] share 0.8484 (fraction) {'not supported': 0.0145, 'supported': 0.06975, 'undecided': 0.91575} R1 pass 0.346 within med 1.241 cross med 1.003 check 25 mismatches 0 111s\n"}
,{"stream_name":"stdout","time":114.564353095,"data":"[done] 111 s\n"}
,{"stream_name":"stderr","time":117.4053952,"data":"/usr/local/lib/python3.12/dist-packages/mistune.py:435: SyntaxWarning: invalid escape sequence '\\|'\n"}
,{"stream_name":"stderr","time":117.405457936,"data":"  cells[i][c] = re.sub('\\\\\\\\\\|', '|', cell)\n"}
,{"stream_name":"stderr","time":117.772888828,"data":"/usr/local/lib/python3.12/dist-packages/nbconvert/filters/filter_links.py:36: SyntaxWarning: invalid escape sequence '\\_'\n"}
,{"stream_name":"stderr","time":117.772919343,"data":"  text = re.sub(r'_', '\\_', text) # Escape underscores in display text\n"}
,{"stream_name":"stderr","time":118.703604649,"data":"[NbConvertApp] Converting notebook __script__.ipynb to html\n"}
,{"stream_name":"stderr","time":120.401398095,"data":"[NbConvertApp] Writing 371299 bytes to __results__.html\n"}
]