[{"stream_name":"stdout","time":0.80427435,"data":"[env] python 3.12.13 (main, Mar  4 2026, 09:23:07) [GCC 11.4.0] Linux-6.12.90+-x86_64-with-glibc2.35\n"}
,{"stream_name":"stdout","time":2.620171053,"data":"[namespace] listing_ok True count 350\n"}
,{"stream_name":"stdout","time":3.172173385,"data":"[recipes] 25 ['Falcon-with-cc-top-orig-10p', 'Falcon-with-cc-top-tulu-10p', 'c4', 'dclm-baseline', 'dclm-baseline-25p-dolma1.7-75p', 'dclm-baseline-50p-dolma1.7-50p', 'dclm-baseline-75p-dolma1.7-25p', 'dclm-baseline-top-10p', 'dclm-baseline-top-20p', 'dclm-baseline-top-fw-10p', 'dclm-baseline-top-fw-3p', 'dclm-baseline-top-fw2-7p', 'dclm-baseline-top-fw3-7p', 'dolma1.6++', 'dolma1.7', 'dolma1.7-no-code', 'dolma1.7-no-flan', 'dolma1.7-no-math-no-code', 'dolma1.7-no-reddit', 'falcon', 'falcon-with-cc', 'falcon-with-cc-top-10p', 'falcon-with-cc-top-20p', 'fineweb-edu', 'fineweb-pro']\n"}
,{"stream_name":"stdout","time":3.256001106,"data":"[allenai/DataDecide-Falcon-with-cc-top-orig-10p-150M] refuses_unauthenticated status 401 branches None\n"}
,{"stream_name":"stdout","time":3.293861384,"data":"[allenai/DataDecide-Falcon-with-cc-top-orig-10p-300M] refuses_unauthenticated status 401 branches None\n"}
,{"stream_name":"stdout","time":3.333939872,"data":"[allenai/DataDecide-Falcon-with-cc-top-orig-10p-530M] refuses_unauthenticated status 401 branches None\n"}
,{"stream_name":"stdout","time":3.371987377,"data":"[allenai/DataDecide-Falcon-with-cc-top-orig-10p-750M] refuses_unauthenticated status 401 branches None\n"}
,{"stream_name":"stdout","time":3.411397506,"data":"[allenai/DataDecide-Falcon-with-cc-top-orig-10p-1B] refuses_unauthenticated status 401 branches None\n"}
,{"stream_name":"stdout","time":3.4524295240000002,"data":"[allenai/DataDecide-Falcon-with-cc-top-tulu-10p-150M] refuses_unauthenticated status 401 branches None\n"}
,{"stream_name":"stdout","time":3.491523339,"data":"[allenai/DataDecide-Falcon-with-cc-top-tulu-10p-300M] refuses_unauthenticated status 401 branches None\n"}
,{"stream_name":"stdout","time":3.530132652,"data":"[allenai/DataDecide-Falcon-with-cc-top-tulu-10p-530M] refuses_unauthenticated status 401 branches None\n"}
,{"stream_name":"stdout","time":3.569233664,"data":"[allenai/DataDecide-Falcon-with-cc-top-tulu-10p-750M] refuses_unauthenticated status 401 branches None\n"}
,{"stream_name":"stdout","time":3.609827996,"data":"[allenai/DataDecide-Falcon-with-cc-top-tulu-10p-1B] refuses_unauthenticated status 401 branches None\n"}
,{"stream_name":"stdout","time":3.701643893,"data":"[allenai/DataDecide-c4-150M] resolves_anonymously status 200 branches 366\n"}
,{"stream_name":"stdout","time":3.797506979,"data":"[allenai/DataDecide-c4-300M] resolves_anonymously status 200 branches 140\n"}
,{"stream_name":"stdout","time":3.879325759,"data":"[allenai/DataDecide-c4-530M] resolves_anonymously status 200 branches 135\n"}
,{"stream_name":"stdout","time":3.982884599,"data":"[allenai/DataDecide-c4-750M] resolves_anonymously status 200 branches 101\n"}
,{"stream_name":"stdout","time":4.065301736,"data":"[allenai/DataDecide-c4-1B] resolves_anonymously status 200 branches 104\n"}
,{"stream_name":"stdout","time":4.146659712,"data":"[allenai/DataDecide-dclm-baseline-150M] resolves_anonymously status 200 branches 407\n"}
,{"stream_name":"stdout","time":4.230529136,"data":"[allenai/DataDecide-dclm-baseline-300M] resolves_anonymously status 200 branches 247\n"}
,{"stream_name":"stdout","time":4.323620819,"data":"[allenai/DataDecide-dclm-baseline-530M] resolves_anonymously status 200 branches 135\n"}
,{"stream_name":"stdout","time":4.411490899,"data":"[allenai/DataDecide-dclm-baseline-750M] resolves_anonymously status 200 branches 101\n"}
,{"stream_name":"stdout","time":4.494761899,"data":"[allenai/DataDecide-dclm-baseline-1B] resolves_anonymously status 200 branches 104\n"}
,{"stream_name":"stdout","time":4.58180088,"data":"[allenai/DataDecide-dclm-baseline-25p-dolma1.7-75p-150M] resolves_anonymously status 200 branches 717\n"}
,{"stream_name":"stdout","time":4.691287031,"data":"[allenai/DataDecide-dclm-baseline-25p-dolma1.7-75p-300M] resolves_anonymously status 200 branches 181\n"}
,{"stream_name":"stdout","time":4.813436373,"data":"[allenai/DataDecide-dclm-baseline-25p-dolma1.7-75p-530M] resolves_anonymously status 200 branches 135\n"}
,{"stream_name":"stdout","time":4.899728508,"data":"[allenai/DataDecide-dclm-baseline-25p-dolma1.7-75p-750M] resolves_anonymously status 200 branches 101\n"}
,{"stream_name":"stdout","time":5.000081649,"data":"[allenai/DataDecide-dclm-baseline-25p-dolma1.7-75p-1B] resolves_anonymously status 200 branches 104\n"}
,{"stream_name":"stdout","time":5.096312347,"data":"[allenai/DataDecide-dclm-baseline-50p-dolma1.7-50p-150M] resolves_anonymously status 200 branches 272\n"}
,{"stream_name":"stdout","time":5.19532083,"data":"[allenai/DataDecide-dclm-baseline-50p-dolma1.7-50p-300M] resolves_anonymously status 200 branches 183\n"}
,{"stream_name":"stdout","time":5.291097754,"data":"[allenai/DataDecide-dclm-baseline-50p-dolma1.7-50p-530M] resolves_anonymously status 200 branches 135\n"}
,{"stream_name":"stdout","time":5.381223594,"data":"[allenai/DataDecide-dclm-baseline-50p-dolma1.7-50p-750M] resolves_anonymously status 200 branches 101\n"}
,{"stream_name":"stdout","time":5.474669845,"data":"[allenai/DataDecide-dclm-baseline-50p-dolma1.7-50p-1B] resolves_anonymously status 200 branches 104\n"}
,{"stream_name":"stdout","time":5.577498767,"data":"[allenai/DataDecide-dclm-baseline-75p-dolma1.7-25p-150M] resolves_anonymously status 200 branches 341\n"}
,{"stream_name":"stdout","time":5.660306701,"data":"[allenai/DataDecide-dclm-baseline-75p-dolma1.7-25p-300M] resolves_anonymously status 200 branches 207\n"}
,{"stream_name":"stdout","time":5.742124685,"data":"[allenai/DataDecide-dclm-baseline-75p-dolma1.7-25p-530M] resolves_anonymously status 200 branches 135\n"}
,{"stream_name":"stdout","time":5.835014145,"data":"[allenai/DataDecide-dclm-baseline-75p-dolma1.7-25p-750M] resolves_anonymously status 200 branches 101\n"}
,{"stream_name":"stdout","time":5.928889959,"data":"[allenai/DataDecide-dclm-baseline-75p-dolma1.7-25p-1B] resolves_anonymously status 200 branches 104\n"}
,{"stream_name":"stdout","time":5.972314564,"data":"[allenai/DataDecide-dclm-baseline-top-10p-150M] refuses_unauthenticated status 401 branches None\n"}
,{"stream_name":"stdout","time":6.010849251,"data":"[allenai/DataDecide-dclm-baseline-top-10p-300M] refuses_unauthenticated status 401 branches None\n"}
,{"stream_name":"stdout","time":6.050841474,"data":"[allenai/DataDecide-dclm-baseline-top-10p-530M] refuses_unauthenticated status 401 branches None\n"}
,{"stream_name":"stdout","time":6.092342094,"data":"[allenai/DataDecide-dclm-baseline-top-10p-750M] refuses_unauthenticated status 401 branches None\n"}
,{"stream_name":"stdout","time":6.129942442,"data":"[allenai/DataDecide-dclm-baseline-top-10p-1B] refuses_unauthenticated status 401 branches None\n"}
,{"stream_name":"stdout","time":6.167127927,"data":"[allenai/DataDecide-dclm-baseline-top-20p-150M] refuses_unauthenticated status 401 branches None\n"}
,{"stream_name":"stdout","time":6.208161922,"data":"[allenai/DataDecide-dclm-baseline-top-20p-300M] refuses_unauthenticated status 401 branches None\n"}
,{"stream_name":"stdout","time":6.251610132,"data":"[allenai/DataDecide-dclm-baseline-top-20p-530M] refuses_unauthenticated status 401 branches None\n"}
,{"stream_name":"stdout","time":6.289513744,"data":"[allenai/DataDecide-dclm-baseline-top-20p-750M] refuses_unauthenticated status 401 branches None\n"}
,{"stream_name":"stdout","time":6.330720281,"data":"[allenai/DataDecide-dclm-baseline-top-20p-1B] refuses_unauthenticated status 401 branches None\n"}
,{"stream_name":"stdout","time":6.371622134,"data":"[allenai/DataDecide-dclm-baseline-top-fw-10p-150M] refuses_unauthenticated status 401 branches None\n"}
,{"stream_name":"stdout","time":6.411036838,"data":"[allenai/DataDecide-dclm-baseline-top-fw-10p-300M] refuses_unauthenticated status 401 branches None\n"}
,{"stream_name":"stdout","time":6.454501702,"data":"[allenai/DataDecide-dclm-baseline-top-fw-10p-530M] refuses_unauthenticated status 401 branches None\n"}
,{"stream_name":"stdout","time":6.493058581,"data":"[allenai/DataDecide-dclm-baseline-top-fw-10p-750M] refuses_unauthenticated status 401 branches None\n"}
,{"stream_name":"stdout","time":6.534618145,"data":"[allenai/DataDecide-dclm-baseline-top-fw-10p-1B] refuses_unauthenticated status 401 branches None\n"}
,{"stream_name":"stdout","time":6.5757022670000005,"data":"[allenai/DataDecide-dclm-baseline-top-fw-3p-150M] refuses_unauthenticated status 401 branches None\n"}
,{"stream_name":"stdout","time":6.615228733,"data":"[allenai/DataDecide-dclm-baseline-top-fw-3p-300M] refuses_unauthenticated status 401 branches None\n"}
,{"stream_name":"stdout","time":6.654901332,"data":"[allenai/DataDecide-dclm-baseline-top-fw-3p-530M] refuses_unauthenticated status 401 branches None\n"}
,{"stream_name":"stdout","time":6.693526414,"data":"[allenai/DataDecide-dclm-baseline-top-fw-3p-750M] refuses_unauthenticated status 401 branches None\n"}
,{"stream_name":"stdout","time":6.73518418,"data":"[allenai/DataDecide-dclm-baseline-top-fw-3p-1B] refuses_unauthenticated status 401 branches None\n"}
,{"stream_name":"stdout","time":6.83283718,"data":"[allenai/DataDecide-dclm-baseline-top-fw2-7p-150M] refuses_unauthenticated status 401 branches None\n"}
,{"stream_name":"stdout","time":6.872011867,"data":"[allenai/DataDecide-dclm-baseline-top-fw2-7p-300M] refuses_unauthenticated status 401 branches None\n"}
,{"stream_name":"stdout","time":6.9118229719999995,"data":"[allenai/DataDecide-dclm-baseline-top-fw2-7p-530M] refuses_unauthenticated status 401 branches None\n"}
,{"stream_name":"stdout","time":6.950441633,"data":"[allenai/DataDecide-dclm-baseline-top-fw2-7p-750M] refuses_unauthenticated status 401 branches None\n"}
,{"stream_name":"stdout","time":6.99144947,"data":"[allenai/DataDecide-dclm-baseline-top-fw2-7p-1B] refuses_unauthenticated status 401 branches None\n"}
,{"stream_name":"stdout","time":7.031644804,"data":"[allenai/DataDecide-dclm-baseline-top-fw3-7p-150M] refuses_unauthenticated status 401 branches None\n"}
,{"stream_name":"stdout","time":7.07554879,"data":"[allenai/DataDecide-dclm-baseline-top-fw3-7p-300M] refuses_unauthenticated status 401 branches None\n"}
,{"stream_name":"stdout","time":7.116523568,"data":"[allenai/DataDecide-dclm-baseline-top-fw3-7p-530M] refuses_unauthenticated status 401 branches None\n"}
,{"stream_name":"stdout","time":7.156236721,"data":"[allenai/DataDecide-dclm-baseline-top-fw3-7p-750M] refuses_unauthenticated status 401 branches None\n"}
,{"stream_name":"stdout","time":7.198978943,"data":"[allenai/DataDecide-dclm-baseline-top-fw3-7p-1B] refuses_unauthenticated status 401 branches None\n"}
,{"stream_name":"stdout","time":7.199986316,"data":"[allenai/DataDecide-dolma1.6++-150M] invalid_repo_id status None branches None\n"}
,{"stream_name":"stdout","time":7.200938164,"data":"[allenai/DataDecide-dolma1.6++-300M] invalid_repo_id status None branches None\n"}
,{"stream_name":"stdout","time":7.20183,"data":"[allenai/DataDecide-dolma1.6++-530M] invalid_repo_id status None branches None\n"}
,{"stream_name":"stdout","time":7.202640837,"data":"[allenai/DataDecide-dolma1.6++-750M] invalid_repo_id status None branches None\n"}
,{"stream_name":"stdout","time":7.203452713,"data":"[allenai/DataDecide-dolma1.6++-1B] invalid_repo_id status None branches None\n"}
,{"stream_name":"stdout","time":7.241634443,"data":"[allenai/DataDecide-dolma1.7-150M] refuses_unauthenticated status 401 branches None\n"}
,{"stream_name":"stdout","time":7.284804094,"data":"[allenai/DataDecide-dolma1.7-300M] refuses_unauthenticated status 401 branches None\n"}
,{"stream_name":"stdout","time":7.324121188,"data":"[allenai/DataDecide-dolma1.7-530M] refuses_unauthenticated status 401 branches None\n"}
,{"stream_name":"stdout","time":7.3638562069999995,"data":"[allenai/DataDecide-dolma1.7-750M] refuses_unauthenticated status 401 branches None\n"}
,{"stream_name":"stdout","time":7.422431012,"data":"[allenai/DataDecide-dolma1.7-1B] refuses_unauthenticated status 401 branches None\n"}
,{"stream_name":"stdout","time":7.466362839,"data":"[allenai/DataDecide-dolma1.7-no-code-150M] refuses_unauthenticated status 401 branches None\n"}
,{"stream_name":"stdout","time":7.505231466,"data":"[allenai/DataDecide-dolma1.7-no-code-300M] refuses_unauthenticated status 401 branches None\n"}
,{"stream_name":"stdout","time":7.54337293,"data":"[allenai/DataDecide-dolma1.7-no-code-530M] refuses_unauthenticated status 401 branches None\n"}
,{"stream_name":"stdout","time":7.584019533,"data":"[allenai/DataDecide-dolma1.7-no-code-750M] refuses_unauthenticated status 401 branches None\n"}
,{"stream_name":"stdout","time":7.624465129,"data":"[allenai/DataDecide-dolma1.7-no-code-1B] refuses_unauthenticated status 401 branches None\n"}
,{"stream_name":"stdout","time":7.664381689,"data":"[allenai/DataDecide-dolma1.7-no-flan-150M] refuses_unauthenticated status 401 branches None\n"}
,{"stream_name":"stdout","time":7.705000421,"data":"[allenai/DataDecide-dolma1.7-no-flan-300M] refuses_unauthenticated status 401 branches None\n"}
,{"stream_name":"stdout","time":7.74411565,"data":"[allenai/DataDecide-dolma1.7-no-flan-530M] refuses_unauthenticated status 401 branches None\n"}
,{"stream_name":"stdout","time":7.783286871,"data":"[allenai/DataDecide-dolma1.7-no-flan-750M] refuses_unauthenticated status 401 branches None\n"}
,{"stream_name":"stdout","time":7.825013233,"data":"[allenai/DataDecide-dolma1.7-no-flan-1B] refuses_unauthenticated status 401 branches None\n"}
,{"stream_name":"stdout","time":7.867375801,"data":"[allenai/DataDecide-dolma1.7-no-math-no-code-150M] refuses_unauthenticated status 401 branches None\n"}
,{"stream_name":"stdout","time":7.91961114,"data":"[allenai/DataDecide-dolma1.7-no-math-no-code-300M] refuses_unauthenticated status 401 branches None\n"}
,{"stream_name":"stdout","time":7.95793616,"data":"[allenai/DataDecide-dolma1.7-no-math-no-code-530M] refuses_unauthenticated status 401 branches None\n"}
,{"stream_name":"stdout","time":7.995890958,"data":"[allenai/DataDecide-dolma1.7-no-math-no-code-750M] refuses_unauthenticated status 401 branches None\n"}
,{"stream_name":"stdout","time":8.034859702,"data":"[allenai/DataDecide-dolma1.7-no-math-no-code-1B] refuses_unauthenticated status 401 branches None\n"}
,{"stream_name":"stdout","time":8.075010253,"data":"[allenai/DataDecide-dolma1.7-no-reddit-150M] refuses_unauthenticated status 401 branches None\n"}
,{"stream_name":"stdout","time":8.115528469,"data":"[allenai/DataDecide-dolma1.7-no-reddit-300M] refuses_unauthenticated status 401 branches None\n"}
,{"stream_name":"stdout","time":8.15461419,"data":"[allenai/DataDecide-dolma1.7-no-reddit-530M] refuses_unauthenticated status 401 branches None\n"}
,{"stream_name":"stdout","time":8.194493666,"data":"[allenai/DataDecide-dolma1.7-no-reddit-750M] refuses_unauthenticated status 401 branches None\n"}
,{"stream_name":"stdout","time":8.234795722,"data":"[allenai/DataDecide-dolma1.7-no-reddit-1B] refuses_unauthenticated status 401 branches None\n"}
,{"stream_name":"stdout","time":8.337567284,"data":"[allenai/DataDecide-falcon-150M] resolves_anonymously status 200 branches 407\n"}
,{"stream_name":"stdout","time":8.428290692,"data":"[allenai/DataDecide-falcon-300M] resolves_anonymously status 200 branches 181\n"}
,{"stream_name":"stdout","time":8.515945587000001,"data":"[allenai/DataDecide-falcon-530M] resolves_anonymously status 200 branches 135\n"}
,{"stream_name":"stdout","time":8.607481573,"data":"[allenai/DataDecide-falcon-750M] resolves_anonymously status 200 branches 101\n"}
,{"stream_name":"stdout","time":8.703828043,"data":"[allenai/DataDecide-falcon-1B] resolves_anonymously status 200 branches 104\n"}
,{"stream_name":"stdout","time":8.742882231,"data":"[allenai/DataDecide-falcon-with-cc-150M] refuses_unauthenticated status 401 branches None\n"}
,{"stream_name":"stdout","time":8.79366284,"data":"[allenai/DataDecide-falcon-with-cc-300M] refuses_unauthenticated status 401 branches None\n"}
,{"stream_name":"stdout","time":8.833994622,"data":"[allenai/DataDecide-falcon-with-cc-530M] refuses_unauthenticated status 401 branches None\n"}
,{"stream_name":"stdout","time":8.873585213,"data":"[allenai/DataDecide-falcon-with-cc-750M] refuses_unauthenticated status 401 branches None\n"}
,{"stream_name":"stdout","time":8.911967184,"data":"[allenai/DataDecide-falcon-with-cc-1B] refuses_unauthenticated status 401 branches None\n"}
,{"stream_name":"stdout","time":8.950363551,"data":"[allenai/DataDecide-falcon-with-cc-top-10p-150M] refuses_unauthenticated status 401 branches None\n"}
,{"stream_name":"stdout","time":8.992549392,"data":"[allenai/DataDecide-falcon-with-cc-top-10p-300M] refuses_unauthenticated status 401 branches None\n"}
,{"stream_name":"stdout","time":9.034270124,"data":"[allenai/DataDecide-falcon-with-cc-top-10p-530M] refuses_unauthenticated status 401 branches None\n"}
,{"stream_name":"stdout","time":9.07544304,"data":"[allenai/DataDecide-falcon-with-cc-top-10p-750M] refuses_unauthenticated status 401 branches None\n"}
,{"stream_name":"stdout","time":9.116242688,"data":"[allenai/DataDecide-falcon-with-cc-top-10p-1B] refuses_unauthenticated status 401 branches None\n"}
,{"stream_name":"stdout","time":9.155102239,"data":"[allenai/DataDecide-falcon-with-cc-top-20p-150M] refuses_unauthenticated status 401 branches None\n"}
,{"stream_name":"stdout","time":9.196805501,"data":"[allenai/DataDecide-falcon-with-cc-top-20p-300M] refuses_unauthenticated status 401 branches None\n"}
,{"stream_name":"stdout","time":9.237177895,"data":"[allenai/DataDecide-falcon-with-cc-top-20p-530M] refuses_unauthenticated status 401 branches None\n"}
,{"stream_name":"stdout","time":9.276045621,"data":"[allenai/DataDecide-falcon-with-cc-top-20p-750M] refuses_unauthenticated status 401 branches None\n"}
,{"stream_name":"stdout","time":9.31502022,"data":"[allenai/DataDecide-falcon-with-cc-top-20p-1B] refuses_unauthenticated status 401 branches None\n"}
,{"stream_name":"stdout","time":9.405340209,"data":"[allenai/DataDecide-fineweb-edu-150M] resolves_anonymously status 200 branches 105\n"}
,{"stream_name":"stdout","time":9.493759408,"data":"[allenai/DataDecide-fineweb-edu-300M] resolves_anonymously status 200 branches 115\n"}
,{"stream_name":"stdout","time":9.583103077,"data":"[allenai/DataDecide-fineweb-edu-530M] resolves_anonymously status 200 branches 135\n"}
,{"stream_name":"stdout","time":9.686390359,"data":"[allenai/DataDecide-fineweb-edu-750M] resolves_anonymously status 200 branches 101\n"}
,{"stream_name":"stdout","time":9.772355748,"data":"[allenai/DataDecide-fineweb-edu-1B] resolves_anonymously status 200 branches 104\n"}
,{"stream_name":"stdout","time":9.852905511,"data":"[allenai/DataDecide-fineweb-pro-150M] resolves_anonymously status 200 branches 235\n"}
,{"stream_name":"stdout","time":9.941928382,"data":"[allenai/DataDecide-fineweb-pro-300M] resolves_anonymously status 200 branches 174\n"}
,{"stream_name":"stdout","time":10.021251609,"data":"[allenai/DataDecide-fineweb-pro-530M] resolves_anonymously status 200 branches 135\n"}
,{"stream_name":"stdout","time":10.113222087,"data":"[allenai/DataDecide-fineweb-pro-750M] resolves_anonymously status 200 branches 101\n"}
,{"stream_name":"stdout","time":10.201595568,"data":"[allenai/DataDecide-fineweb-pro-1B] resolves_anonymously status 200 branches 105\n"}
,{"stream_name":"stdout","time":10.204303344,"data":"[summary] {\"refuses_unauthenticated\": 80, \"resolves_anonymously\": 40, \"invalid_repo_id\": 5}\n"}
,{"stream_name":"stdout","time":10.204331742,"data":"[done] 9s\n"}
,{"stream_name":"stderr","time":12.802296988,"data":"/usr/local/lib/python3.12/dist-packages/mistune.py:435: SyntaxWarning: invalid escape sequence '\\|'\n"}
,{"stream_name":"stderr","time":12.802356167,"data":"  cells[i][c] = re.sub('\\\\\\\\\\|', '|', cell)\n"}
,{"stream_name":"stderr","time":13.114899088,"data":"/usr/local/lib/python3.12/dist-packages/nbconvert/filters/filter_links.py:36: SyntaxWarning: invalid escape sequence '\\_'\n"}
,{"stream_name":"stderr","time":13.114928343,"data":"  text = re.sub(r'_', '\\_', text) # Escape underscores in display text\n"}
,{"stream_name":"stderr","time":14.579310251999999,"data":"[NbConvertApp] Converting notebook __script__.ipynb to html\n"}
,{"stream_name":"stderr","time":16.036438421,"data":"[NbConvertApp] Writing 297964 bytes to __results__.html\n"}
]