[{"stream_name":"stdout","time":4.119088896,"data":"     ━━━━━━━━━━━━━━━━━━━━━━━━━━━━━━━━━━━━━━━ 44.0/44.0 kB 569.5 kB/s eta 0:00:00\n"}
,{"stream_name":"stdout","time":5.201964226,"data":"   ━━━━━━━━━━━━━━━━━━━━━━━━━━━━━━━━━━━━━━━━ 12.0/12.0 MB 50.0 MB/s eta 0:00:00\n"}
,{"stream_name":"stdout","time":5.274036002,"data":"   ━━━━━━━━━━━━━━━━━━━━━━━━━━━━━━━━━━━━━━━━ 566.4/566.4 kB 38.8 MB/s eta 0:00:00\n"}
,{"stream_name":"stdout","time":22.402471416,"data":"   ━━━━━━━━━━━━━━━━━━━━━━━━━━━━━━━━━━━━━━━━ 144.9/144.9 MB 9.7 MB/s eta 0:00:00\n"}
,{"stream_name":"stdout","time":27.370858783,"data":"name, memory.total [MiB], driver_version\n"}
,{"stream_name":"stdout","time":27.370892471,"data":"Tesla T4, 15360 MiB, 580.159.04\n"}
,{"stream_name":"stdout","time":27.370898247,"data":"Tesla T4, 15360 MiB, 580.159.04\n"}
,{"stream_name":"stdout","time":27.370904806,"data":"\n"}
,{"stream_name":"stdout","time":27.371092969,"data":"[plan] snap-new-k02-s01: 20 runs, estimated GPU seconds per card {'0': 22136.910883723893, '1': 22136.910883723893}\n"}
,{"stream_name":"stdout","time":24046.20119696,"data":"[worker 0] exit 0\n"}
,{"stream_name":"stdout","time":24046.201868303,"data":"[worker] {'torch': '2.10.0+cu128', 'transformers': '4.57.1', 'huggingface_hub': '0.36.2', 'gpu': 'Tesla T4'} 4000 items\n"}
,{"stream_name":"stdout","time":24046.204095623,"data":"`torch_dtype` is deprecated! Use `dtype` instead!\n"}
,{"stream_name":"stdout","time":24046.204109302,"data":"[run] dclm-baseline__1B__seed-2__step-69369 packed score 2233s download 64s check {'packed': 5.2928924560546875e-05}\n"}
,{"stream_name":"stdout","time":24046.2041147,"data":"[run] dclm-baseline__1B__seed-5__step-69369 packed score 2238s download 40s check {'packed': 3.62396240234375e-05}\n"}
,{"stream_name":"stdout","time":24046.204119691,"data":"[run] dclm-baseline-25p-dolma1.7-75p__1B__seed-4__step-69369 packed score 2250s download 43s check {'packed': 2.956390380859375e-05}\n"}
,{"stream_name":"stdout","time":24046.204124764,"data":"[run] dclm-baseline-50p-dolma1.7-50p__1B__seed-2__step-69369 packed score 2265s download 56s check {'packed': 3.314018249511719e-05}\n"}
,{"stream_name":"stdout","time":24046.204129965,"data":"[run] dclm-baseline-50p-dolma1.7-50p__1B__seed-5__step-69369 packed score 2261s download 37s check {'packed': 3.0517578125e-05}\n"}
,{"stream_name":"stdout","time":24046.204135578,"data":"[run] dclm-baseline-75p-dolma1.7-25p__1B__seed-4__step-69369 packed score 2241s download 46s check {'packed': 5.1021575927734375e-05}\n"}
,{"stream_name":"stdout","time":24046.204140616,"data":"[run] dclm-baseline-top-10p__1B__seed-2__step-69369 packed score 2228s download 36s check {'packed': 5.340576171875e-05}\n"}
,{"stream_name":"stdout","time":24046.204145591,"data":"[run] dclm-baseline-top-10p__1B__seed-5__step-69369 packed score 2251s download 37s check {'packed': 4.1961669921875e-05}\n"}
,{"stream_name":"stdout","time":24046.20415063,"data":"[run] dclm-baseline-top-20p__1B__seed-4__step-69369 packed score 2272s download 36s check {'packed': 4.673004150390625e-05}\n"}
,{"stream_name":"stdout","time":24046.204156035,"data":"[run] dclm-baseline-top-fw-10p__1B__seed-2__step-69369 packed score 2275s download 35s check {'packed': 3.159046173095703e-05}\n"}
,{"stream_name":"stdout","time":24046.204161341,"data":"\n"}
,{"stream_name":"stdout","time":28482.181656184,"data":"[worker 1] exit 0\n"}
,{"stream_name":"stdout","time":28482.18193621,"data":"[worker] {'torch': '2.10.0+cu128', 'transformers': '4.57.1', 'huggingface_hub': '0.36.2', 'gpu': 'Tesla T4'} 4000 items\n"}
,{"stream_name":"stdout","time":28482.18196885,"data":"`torch_dtype` is deprecated! Use `dtype` instead!\n"}
,{"stream_name":"stdout","time":28482.181973897,"data":"[run] dclm-baseline__1B__seed-4__step-69369 packed score 2693s download 64s check {'packed': 6.914138793945312e-05}\n"}
,{"stream_name":"stdout","time":28482.181978165,"data":"[run] dclm-baseline-25p-dolma1.7-75p__1B__seed-2__step-69369 packed score 2685s download 45s check {'packed': 4.1961669921875e-05}\n"}
,{"stream_name":"stdout","time":28482.18198203,"data":"[run] dclm-baseline-25p-dolma1.7-75p__1B__seed-5__step-69369 packed score 2687s download 40s check {'packed': 2.9802322387695312e-05}\n"}
,{"stream_name":"stdout","time":28482.181985993,"data":"[run] dclm-baseline-50p-dolma1.7-50p__1B__seed-4__step-69369 packed score 2684s download 38s check {'packed': 3.24249267578125e-05}\n"}
,{"stream_name":"stdout","time":28482.18199008,"data":"[run] dclm-baseline-75p-dolma1.7-25p__1B__seed-2__step-69369 packed score 2683s download 37s check {'packed': 4.0531158447265625e-05}\n"}
,{"stream_name":"stdout","time":28482.181994463,"data":"[run] dclm-baseline-75p-dolma1.7-25p__1B__seed-5__step-69369 packed score 2688s download 55s check {'packed': 3.62396240234375e-05}\n"}
,{"stream_name":"stdout","time":28482.181998228,"data":"[run] dclm-baseline-top-10p__1B__seed-4__step-69369 packed score 2685s download 40s check {'packed': 3.147125244140625e-05}\n"}
,{"stream_name":"stdout","time":28482.18200211,"data":"[run] dclm-baseline-top-20p__1B__seed-2__step-69369 packed score 2683s download 40s check {'packed': 7.62939453125e-05}\n"}
,{"stream_name":"stdout","time":28482.182005903,"data":"[run] dclm-baseline-top-20p__1B__seed-5__step-69369 packed score 2681s download 39s check {'packed': 2.765655517578125e-05}\n"}
,{"stream_name":"stdout","time":28482.182010157,"data":"[run] dclm-baseline-top-fw-10p__1B__seed-4__step-69369 packed score 2691s download 48s check {'packed': 3.147125244140625e-05}\n"}
,{"stream_name":"stdout","time":28482.182014207,"data":"\n"}
,{"stream_name":"stdout","time":28482.183781919,"data":"[done] 20 scored, 0 failed, 0 not started, 28481s\n"}
,{"stream_name":"stderr","time":28484.077171197,"data":"/usr/local/lib/python3.12/dist-packages/mistune.py:435: SyntaxWarning: invalid escape sequence '\\|'\n"}
,{"stream_name":"stderr","time":28484.077201762,"data":"  cells[i][c] = re.sub('\\\\\\\\\\|', '|', cell)\n"}
,{"stream_name":"stderr","time":28484.293840929,"data":"/usr/local/lib/python3.12/dist-packages/nbconvert/filters/filter_links.py:36: SyntaxWarning: invalid escape sequence '\\_'\n"}
,{"stream_name":"stderr","time":28484.293866886,"data":"  text = re.sub(r'_', '\\_', text) # Escape underscores in display text\n"}
,{"stream_name":"stderr","time":28484.891443394,"data":"[NbConvertApp] Converting notebook __script__.ipynb to html\n"}
,{"stream_name":"stderr","time":28485.669441711,"data":"[NbConvertApp] Writing 319955 bytes to __results__.html\n"}
]