[{"stream_name":"stdout","time":0.706855668,"data":"[env] python 3.12.13 (main, Mar  4 2026, 09:23:07) [GCC 11.4.0] Linux-6.12.90+-x86_64-with-glibc2.35\n"}
,{"stream_name":"stdout","time":0.71047036,"data":"4\n"}
,{"stream_name":"stdout","time":14.65335962,"data":"[r6] cell 0 rep 0 0s\n"}
,{"stream_name":"stdout","time":22.893847093,"data":"[r6] cell 0 rep 200 8s\n"}
,{"stream_name":"stdout","time":31.188150562,"data":"[r6] cell 0 rep 400 17s\n"}
,{"stream_name":"stdout","time":39.640550704,"data":"[r6] cell 0 rep 600 25s\n"}
,{"stream_name":"stdout","time":48.066636081,"data":"[r6] cell 0 rep 800 33s\n"}
,{"stream_name":"stdout","time":56.50125981,"data":"[r6] cell 0 rep 1000 42s\n"}
,{"stream_name":"stdout","time":64.918816952,"data":"[r6] cell 0 rep 1200 50s\n"}
,{"stream_name":"stdout","time":73.312994805,"data":"[r6] cell 0 rep 1400 59s\n"}
,{"stream_name":"stdout","time":81.630337496,"data":"[r6] cell 0 rep 1600 67s\n"}
,{"stream_name":"stdout","time":89.945910733,"data":"[r6] cell 0 rep 1800 75s\n"}
,{"stream_name":"stdout","time":98.258922661,"data":"{\"cell\": 0, \"spec\": {\"name\": \"margin_like_recipe_shared\", \"rho\": 0.061, \"noise_sd\": 0.73, \"recipe_shared\": 0.5}, \"reps\": 2000, \"true_lambda\": 1.2445882853377657, \"estimate_mean\": 1.2413588696723237, \"estimate_sd\": 0.07582041763514545, \"bias\": -0.0032294156654419925, \"undefined_estimates\": 0, \"wild\": {\"coverage\": 0.9435, \"mc_se\": 0.005162739098579358, \"lower_miss\": 0.0105, \"upper_miss\": 0.046, \"invalid\": 0, \"median_width\": 0.3109458298291513}, \"cluster_t\": {\"coverage\": 0.9395, \"mc_se\": 0.005331029450303197, \"lower_miss\": 0.0115, \"upper_miss\": 0.049, \"invalid\": 0, \"median_width\": 0.30228808816493613}, \"config\": {\"coverage\": 0.8715, \"mc_se\": 0.007482905518580331, \"lower_miss\": 0.045, \"upper_miss\": 0.0835, \"invalid\": 0, \"median_width\": 0.2275632385574411}, \"recipe_pct\": {\"coverage\": 0.931, \"mc_se\": 0.0056674068144081545, \"lower_miss\": 0.017, \"upper_miss\": 0.052, \"invalid\": 0, \"median_width\": 0.2852000235282447}}\n"}
,{"stream_name":"stdout","time":98.303865204,"data":"[r6] cell 1 rep 0 84s\n"}
,{"stream_name":"stdout","time":106.544418364,"data":"[r6] cell 1 rep 200 92s\n"}
,{"stream_name":"stdout","time":114.78852498,"data":"[r6] cell 1 rep 400 100s\n"}
,{"stream_name":"stdout","time":123.225684152,"data":"[r6] cell 1 rep 600 109s\n"}
,{"stream_name":"stdout","time":131.655313615,"data":"[r6] cell 1 rep 800 117s\n"}
,{"stream_name":"stdout","time":140.077836181,"data":"[r6] cell 1 rep 1000 125s\n"}
,{"stream_name":"stdout","time":148.380833627,"data":"[r6] cell 1 rep 1200 134s\n"}
,{"stream_name":"stdout","time":156.838574658,"data":"[r6] cell 1 rep 1400 142s\n"}
,{"stream_name":"stdout","time":165.299968411,"data":"[r6] cell 1 rep 1600 151s\n"}
,{"stream_name":"stdout","time":173.760932682,"data":"[r6] cell 1 rep 1800 159s\n"}
,{"stream_name":"stdout","time":182.193099001,"data":"{\"cell\": 1, \"spec\": {\"name\": \"margin_like_heavy_tails\", \"rho\": 0.061, \"noise_sd\": 0.73, \"student_df\": 4}, \"reps\": 2000, \"true_lambda\": 1.2445882853377657, \"estimate_mean\": 1.2441011081419608, \"estimate_sd\": 0.08714216086846573, \"bias\": -0.0004871771958048221, \"undefined_estimates\": 0, \"wild\": {\"coverage\": 0.9455, \"mc_se\": 0.005075911248239078, \"lower_miss\": 0.0115, \"upper_miss\": 0.041, \"invalid\": 4, \"median_width\": 0.3237708280683078}, \"cluster_t\": {\"coverage\": 0.93, \"mc_se\": 0.005705260730238364, \"lower_miss\": 0.0175, \"upper_miss\": 0.0525, \"invalid\": 0, \"median_width\": 0.3056777435399835}, \"config\": {\"coverage\": 0.9425, \"mc_se\": 0.005205465877325487, \"lower_miss\": 0.015, \"upper_miss\": 0.0425, \"invalid\": 0, \"median_width\": 0.2903176586324848}, \"recipe_pct\": {\"coverage\": 0.9265, \"mc_se\": 0.005835141386461857, \"lower_miss\": 0.023, \"upper_miss\": 0.0505, \"invalid\": 0, \"median_width\": 0.286804614393799}}\n"}
,{"stream_name":"stdout","time":182.23813247,"data":"[r6] cell 2 rep 0 168s\n"}
,{"stream_name":"stdout","time":190.549787516,"data":"[r6] cell 2 rep 200 176s\n"}
,{"stream_name":"stdout","time":198.916203728,"data":"[r6] cell 2 rep 400 184s\n"}
,{"stream_name":"stdout","time":207.287058478,"data":"[r6] cell 2 rep 600 193s\n"}
,{"stream_name":"stdout","time":215.6432773,"data":"[r6] cell 2 rep 800 201s\n"}
,{"stream_name":"stdout","time":224.000104064,"data":"[r6] cell 2 rep 1000 209s\n"}
,{"stream_name":"stdout","time":232.318314014,"data":"[r6] cell 2 rep 1200 218s\n"}
,{"stream_name":"stdout","time":240.646731691,"data":"[r6] cell 2 rep 1400 226s\n"}
,{"stream_name":"stdout","time":248.957610316,"data":"[r6] cell 2 rep 1600 234s\n"}
,{"stream_name":"stdout","time":257.278928071,"data":"[r6] cell 2 rep 1800 243s\n"}
,{"stream_name":"stdout","time":265.503633847,"data":"{\"cell\": 2, \"spec\": {\"name\": \"margin_like_one_dominant_recipe\", \"rho\": 0.061, \"noise_sd\": 0.73, \"recipe_variance_scales\": [6.0, 1.0, 1.0, 1.0, 1.0, 1.0, 1.0, 1.0, 1.0, 1.0, 1.0, 1.0, 1.0, 1.0, 1.0, 1.0, 1.0, 1.0, 1.0, 1.0, 1.0, 1.0, 1.0, 1.0, 1.0]}, \"reps\": 2000, \"true_lambda\": 1.2445882853377657, \"estimate_mean\": 1.2436463557431896, \"estimate_sd\": 0.07116394772003025, \"bias\": -0.0009419295945760631, \"undefined_estimates\": 0, \"wild\": {\"coverage\": 0.93, \"mc_se\": 0.005705260730238364, \"lower_miss\": 0.026, \"upper_miss\": 0.044, \"invalid\": 0, \"median_width\": 0.26130434010790204}, \"cluster_t\": {\"coverage\": 0.9105, \"mc_se\": 0.006383171233799076, \"lower_miss\": 0.034, \"upper_miss\": 0.0555, \"invalid\": 0, \"median_width\": 0.2360988505335383}, \"config\": {\"coverage\": 0.931, \"mc_se\": 0.0056674068144081545, \"lower_miss\": 0.019, \"upper_miss\": 0.05, \"invalid\": 0, \"median_width\": 0.24858423242535932}, \"recipe_pct\": {\"coverage\": 0.912, \"mc_se\": 0.0063346665263453285, \"lower_miss\": 0.0355, \"upper_miss\": 0.0525, \"invalid\": 0, \"median_width\": 0.22652783245435726}}\n"}
,{"stream_name":"stdout","time":265.547246145,"data":"[r6] cell 3 rep 0 251s\n"}
,{"stream_name":"stdout","time":273.72445557,"data":"[r6] cell 3 rep 200 259s\n"}
,{"stream_name":"stdout","time":281.980990937,"data":"[r6] cell 3 rep 400 267s\n"}
,{"stream_name":"stdout","time":290.192923115,"data":"[r6] cell 3 rep 600 276s\n"}
,{"stream_name":"stdout","time":298.385093955,"data":"[r6] cell 3 rep 800 284s\n"}
,{"stream_name":"stdout","time":306.690593613,"data":"[r6] cell 3 rep 1000 292s\n"}
,{"stream_name":"stdout","time":315.032887962,"data":"[r6] cell 3 rep 1200 300s\n"}
,{"stream_name":"stdout","time":323.342030907,"data":"[r6] cell 3 rep 1400 309s\n"}
,{"stream_name":"stdout","time":331.660420507,"data":"[r6] cell 3 rep 1600 317s\n"}
,{"stream_name":"stdout","time":340.109656067,"data":"[r6] cell 3 rep 1800 326s\n"}
,{"stream_name":"stdout","time":348.547483884,"data":"{\"cell\": 3, \"spec\": {\"name\": \"margin_like_cross_half_error_corr_0.1\", \"rho\": 0.061, \"noise_sd\": 0.73, \"cross_half_error_correlation\": 0.1}, \"reps\": 2000, \"true_lambda\": 1.2445882853377657, \"estimate_mean\": 1.2302089642118577, \"estimate_sd\": 0.057480575331113, \"bias\": -0.014379321125908007, \"undefined_estimates\": 0, \"wild\": {\"coverage\": 0.928, \"mc_se\": 0.0057799653978203, \"lower_miss\": 0.0065, \"upper_miss\": 0.0655, \"invalid\": 0, \"median_width\": 0.23578033273205845}, \"cluster_t\": {\"coverage\": 0.9255, \"mc_se\": 0.005871530890662162, \"lower_miss\": 0.0065, \"upper_miss\": 0.068, \"invalid\": 0, \"median_width\": 0.23024033803722288}, \"config\": {\"coverage\": 0.9295, \"mc_se\": 0.005724061058374553, \"lower_miss\": 0.0075, \"upper_miss\": 0.063, \"invalid\": 0, \"median_width\": 0.22282906191015972}, \"recipe_pct\": {\"coverage\": 0.918, \"mc_se\": 0.006134981662564281, \"lower_miss\": 0.0105, \"upper_miss\": 0.0715, \"invalid\": 0, \"median_width\": 0.21798194801728876}}\n"}
,{"stream_name":"stdout","time":348.591036201,"data":"[r6] cell 4 rep 0 334s\n"}
,{"stream_name":"stdout","time":356.948224999,"data":"[r6] cell 4 rep 200 342s\n"}
,{"stream_name":"stdout","time":365.264875795,"data":"[r6] cell 4 rep 400 351s\n"}
,{"stream_name":"stdout","time":373.606171308,"data":"[r6] cell 4 rep 600 359s\n"}
,{"stream_name":"stdout","time":381.862940683,"data":"[r6] cell 4 rep 800 367s\n"}
,{"stream_name":"stdout","time":390.225134503,"data":"[r6] cell 4 rep 1000 376s\n"}
,{"stream_name":"stdout","time":398.579241653,"data":"[r6] cell 4 rep 1200 384s\n"}
,{"stream_name":"stdout","time":406.876938673,"data":"[r6] cell 4 rep 1400 392s\n"}
,{"stream_name":"stdout","time":415.264829827,"data":"[r6] cell 4 rep 1600 401s\n"}
,{"stream_name":"stdout","time":423.734561914,"data":"[r6] cell 4 rep 1800 409s\n"}
,{"stream_name":"stdout","time":432.080518752,"data":"{\"cell\": 4, \"spec\": {\"name\": \"accuracy_like_cross_half_error_corr_0.1\", \"rho\": 0.018, \"noise_sd\": 1.45, \"cross_half_error_correlation\": 0.1}, \"reps\": 2000, \"true_lambda\": 1.0779610382569493, \"estimate_mean\": 1.0624231961933546, \"estimate_sd\": 0.08196472596236012, \"bias\": -0.015537842063594764, \"undefined_estimates\": 0, \"wild\": {\"coverage\": 0.946, \"mc_se\": 0.005053909377897473, \"lower_miss\": 0.0095, \"upper_miss\": 0.0445, \"invalid\": 0, \"median_width\": 0.3355040491358798}, \"cluster_t\": {\"coverage\": 0.9405, \"mc_se\": 0.005289600646551685, \"lower_miss\": 0.0125, \"upper_miss\": 0.047, \"invalid\": 0, \"median_width\": 0.32783002317167625}, \"config\": {\"coverage\": 0.9425, \"mc_se\": 0.005205465877325487, \"lower_miss\": 0.0125, \"upper_miss\": 0.045, \"invalid\": 0, \"median_width\": 0.3198678381949994}, \"recipe_pct\": {\"coverage\": 0.933, \"mc_se\": 0.0055906618570612885, \"lower_miss\": 0.0155, \"upper_miss\": 0.0485, \"invalid\": 6, \"median_width\": 0.31017391844808323}}\n"}
,{"stream_name":"stdout","time":432.124045023,"data":"[r6] cell 5 rep 0 418s\n"}
,{"stream_name":"stdout","time":440.616927365,"data":"[r6] cell 5 rep 200 426s\n"}
,{"stream_name":"stdout","time":449.115783864,"data":"[r6] cell 5 rep 400 435s\n"}
,{"stream_name":"stdout","time":457.578087374,"data":"[r6] cell 5 rep 600 443s\n"}
,{"stream_name":"stdout","time":466.08366749,"data":"[r6] cell 5 rep 800 451s\n"}
,{"stream_name":"stdout","time":474.572521175,"data":"[r6] cell 5 rep 1000 460s\n"}
,{"stream_name":"stdout","time":483.002415412,"data":"[r6] cell 5 rep 1200 468s\n"}
,{"stream_name":"stdout","time":491.449984125,"data":"[r6] cell 5 rep 1400 477s\n"}
,{"stream_name":"stdout","time":499.77499354,"data":"[r6] cell 5 rep 1600 485s\n"}
,{"stream_name":"stdout","time":508.170647747,"data":"[r6] cell 5 rep 1800 494s\n"}
,{"stream_name":"stdout","time":516.52596496,"data":"{\"cell\": 5, \"spec\": {\"name\": \"rho_0.2_margin_noise\", \"rho\": 0.2, \"noise_sd\": 0.73}, \"reps\": 2000, \"true_lambda\": 1.6733200530681511, \"estimate_mean\": 1.670934404351258, \"estimate_sd\": 0.06500357352994968, \"bias\": -0.002385648716893174, \"undefined_estimates\": 0, \"wild\": {\"coverage\": 0.9465, \"mc_se\": 0.005031786462082825, \"lower_miss\": 0.02, \"upper_miss\": 0.0335, \"invalid\": 0, \"median_width\": 0.26002617209935563}, \"cluster_t\": {\"coverage\": 0.9425, \"mc_se\": 0.005205465877325487, \"lower_miss\": 0.021, \"upper_miss\": 0.0365, \"invalid\": 0, \"median_width\": 0.2534020496469387}, \"config\": {\"coverage\": 0.9425, \"mc_se\": 0.005205465877325487, \"lower_miss\": 0.0205, \"upper_miss\": 0.037, \"invalid\": 0, \"median_width\": 0.2472873317805543}, \"recipe_pct\": {\"coverage\": 0.928, \"mc_se\": 0.0057799653978203, \"lower_miss\": 0.0255, \"upper_miss\": 0.0465, \"invalid\": 0, \"median_width\": 0.23902707987827254}}\n"}
,{"stream_name":"stdout","time":516.526649299,"data":"[r6] done in 502s\n"}
,{"stream_name":"stdout","time":516.663113085,"data":"[done] 516s\n"}
,{"stream_name":"stderr","time":519.091528699,"data":"/usr/local/lib/python3.12/dist-packages/mistune.py:435: SyntaxWarning: invalid escape sequence '\\|'\n"}
,{"stream_name":"stderr","time":519.09158345,"data":"  cells[i][c] = re.sub('\\\\\\\\\\|', '|', cell)\n"}
,{"stream_name":"stderr","time":519.381312326,"data":"/usr/local/lib/python3.12/dist-packages/nbconvert/filters/filter_links.py:36: SyntaxWarning: invalid escape sequence '\\_'\n"}
,{"stream_name":"stderr","time":519.381343556,"data":"  text = re.sub(r'_', '\\_', text) # Escape underscores in display text\n"}
,{"stream_name":"stderr","time":520.206576114,"data":"[NbConvertApp] Converting notebook __script__.ipynb to html\n"}
,{"stream_name":"stderr","time":521.704524595,"data":"[NbConvertApp] Writing 284890 bytes to __results__.html\n"}
]