[{"stream_name":"stdout","time":4.624308059,"data":"[env] python 3.12.13 (main, Mar  4 2026, 09:23:07) [GCC 11.4.0] Linux-6.12.90+-x86_64-with-glibc2.35\n"}
,{"stream_name":"stdout","time":22.61186285,"data":"[env] numpy 2.0.2 seednoise 0.1.0\n"}
,{"stream_name":"stdout","time":23.604745888,"data":"[margin/full/all] lambda=1.24395 wild_theta=(1.1429001912272698, 1.3376841038790925) config_pct=(1.0693822391016938, 1.4255381896468478) ct_log=(1.1544378007415168, 1.3404025594727231) wild_log=(1.145099631102894, 1.3377377160235169) negT=3 pct_nonpos=0.0000\n"}
,{"stream_name":"stdout","time":23.626941384,"data":"[margin/full/150M] lambda=1.10114 wild_theta=(0.7814055176425302, 1.3438557981652068) config_pct=(0.8461578616634773, 1.3209984084077735) ct_log=(0.8845419489761014, 1.3707809594105527) wild_log=(0.8213536064328621, 1.3268954863875022) negT=1 pct_nonpos=0.0000\n"}
,{"stream_name":"stdout","time":23.645633939,"data":"[margin/full/300M] lambda=1.35025 wild_theta=(0.6380373911355129, 1.8027182209999555) config_pct=(0.9398359832662122, 1.649940175605229) ct_log=(0.9913982035570692, 1.8389963856104592) wild_log=(0.8446809497926329, 1.7796312313387652) negT=1 pct_nonpos=0.0000\n"}
,{"stream_name":"stdout","time":23.663490501,"data":"[margin/full/530M] lambda=1.51391 wild_theta=(1.0640041259437911, 1.8366773365873976) config_pct=(1.133748207311519, 1.7463001978403017) ct_log=(1.251399963959696, 1.831489294045066) wild_log=(1.1319836702934236, 1.8365177424599683) negT=0 pct_nonpos=0.0000\n"}
,{"stream_name":"stdout","time":23.681371903,"data":"[margin/full/750M] lambda=1.11023 wild_theta=(0.6862251443387856, 1.4065691637574496) config_pct=(0.8714694666521763, 1.3549280212792225) ct_log=(0.8766995713671065, 1.4059606289041573) wild_log=(0.7685720424647361, 1.3914519769542095) negT=0 pct_nonpos=0.0000\n"}
,{"stream_name":"stdout","time":23.701735588,"data":"[margin/full/1B] lambda=1.14898 wild_theta=(nan, 1.7512822111802118) config_pct=(0.8337101230288462, 1.6433633532247434) ct_log=(0.8107436248612314, 1.6283137010131097) wild_log=(0.490867874316534, 1.6562747935547535) negT=1 pct_nonpos=0.0000\n"}
,{"stream_name":"stdout","time":24.541467282,"data":"[margin/noboolq/all] lambda=1.78562 wild_theta=(1.6891033385766654, 1.8765174171308665) config_pct=(1.6749393766132572, 1.8617297726894584) ct_log=(1.7131693086657445, 1.8611293780586176) wild_log=(1.6908519975994327, 1.8776584355699337) negT=11 pct_nonpos=0.0000\n"}
,{"stream_name":"stdout","time":24.56388976,"data":"[margin/noboolq/150M] lambda=1.54786 wild_theta=(1.3250085201441433, 1.7424712816158496) config_pct=(1.1712692178997193, 1.6512748916479079) ct_log=(1.3986338768360311, 1.7130094116971821) wild_log=(1.33782067197236, 1.7449162774227585) negT=7 pct_nonpos=0.0000\n"}
,{"stream_name":"stdout","time":24.583921199,"data":"[margin/noboolq/300M] lambda=1.86420 wild_theta=(1.7628420504333575, 1.9612677350652825) config_pct=(1.5787241533006575, 1.9869673787873336) ct_log=(1.7561452793793273, 1.978896577074538) wild_log=(1.7632396696621975, 1.9605503542572376) negT=2 pct_nonpos=0.0000\n"}
,{"stream_name":"stdout","time":24.603720022,"data":"[margin/noboolq/530M] lambda=1.87378 wild_theta=(1.6935537167649384, 2.0391324081183275) config_pct=(1.5243184861636752, 2.000859744792452) ct_log=(1.737607851369199, 2.0206241210119043) wild_log=(1.701104761249098, 2.043059380360522) negT=0 pct_nonpos=0.0000\n"}
,{"stream_name":"stdout","time":24.624789383,"data":"[margin/noboolq/750M] lambda=1.88807 wild_theta=(1.6600820658917477, 2.0824828705099505) config_pct=(1.5949202213003268, 2.0006910297454774) ct_log=(1.7294769311819642, 2.0612122947926483) wild_log=(1.671904913549638, 2.0868233213522926) negT=1 pct_nonpos=0.0000\n"}
,{"stream_name":"stdout","time":24.646107644,"data":"[margin/noboolq/1B] lambda=1.64879 wild_theta=(1.2152854095767633, 2.0006350067214655) config_pct=(1.3154228747304755, 1.8045881415362595) ct_log=(1.4536859540661966, 1.870078905779368) wild_log=(1.2807778966947394, 2.026279918342677) negT=1 pct_nonpos=0.0000\n"}
,{"stream_name":"stdout","time":25.366535165,"data":"[accuracy/full/all] lambda=1.07837 wild_theta=(0.992604456794931, 1.1566521851337639) config_pct=(0.9755457229741982, 1.1824104939632454) ct_log=(1.0033013699705144, 1.1590626672997804) wild_log=(0.9938354486577469, 1.156676241569199) negT=23 pct_nonpos=0.0000\n"}
,{"stream_name":"stdout","time":25.388265345,"data":"[accuracy/full/150M] lambda=1.02788 wild_theta=(0.8779815142284924, 1.1648108947209173) config_pct=(0.8963609663205623, 1.1890473425789054) ct_log=(0.8961451423628171, 1.1789823052075727) wild_log=(0.8840299013379124, 1.1609648966985768) negT=3 pct_nonpos=0.0000\n"}
,{"stream_name":"stdout","time":25.406783849,"data":"[accuracy/full/300M] lambda=1.08038 wild_theta=(0.8358003478987633, 1.2878072602676003) config_pct=(0.9132424848200814, 1.2919006982274441) ct_log=(0.9029761959089587, 1.2926343393099826) wild_log=(0.8579625261082371, 1.2813590192573903) negT=2 pct_nonpos=0.0000\n"}
,{"stream_name":"stdout","time":25.424812358,"data":"[accuracy/full/530M] lambda=1.21936 wild_theta=(1.0834245247107992, 1.3378639250815185) config_pct=(1.067511193107608, 1.3698705577739658) ct_log=(1.0918264275746306, 1.3617902107612936) wild_log=(1.0864864497325142, 1.3350115316440827) negT=7 pct_nonpos=0.0000\n"}
,{"stream_name":"stdout","time":25.441926845,"data":"[accuracy/full/750M] lambda=0.98699 wild_theta=(0.31013178361156885, 1.320079725283657) config_pct=(0.7249571862499532, 1.2351521902560685) ct_log=(0.7490628411399389, 1.3004812615805053) wild_log=(0.568065410637417, 1.2984607411039721) negT=2 pct_nonpos=0.0000\n"}
,{"stream_name":"stdout","time":25.460474133,"data":"[accuracy/full/1B] lambda=1.20454 wild_theta=(0.8051970604762821, 1.4967971092345838) config_pct=(0.7603937374343277, 1.4729812941213347) ct_log=(0.9262754814014392, 1.566406870012792) wild_log=(0.8637512478258718, 1.4673620837810952) negT=9 pct_nonpos=0.0022\n"}
,{"stream_name":"stdout","time":25.897290561,"data":"[accuracy/noboolq/all] lambda=1.55783 wild_theta=(1.4119121961052712, 1.6870177418636012) config_pct=(1.39839991018082, 1.7216510270367678) ct_log=(1.4275552630366206, 1.6999913634348873) wild_log=(1.4148074359871827, 1.6861197093645937) negT=39 pct_nonpos=0.0000\n"}
,{"stream_name":"stdout","time":25.920491535,"data":"[accuracy/noboolq/150M] lambda=1.84168 wild_theta=(0.9890516308044198, 2.4084461361267633) config_pct=(1.3238059708262528, 3.3814928450737445) ct_log=(1.2720630088638694, 2.6663773885174327) wild_log=(1.1672053137459646, 2.2506052495452686) negT=8 pct_nonpos=0.0052\n"}
,{"stream_name":"stdout","time":25.938936119,"data":"[accuracy/noboolq/300M] lambda=1.89953 wild_theta=(1.173573635131927, 2.417066901079827) config_pct=(1.0785937184957588, 4.025389044500108) ct_log=(1.2688836402427575, 2.8436265314136313) wild_log=(1.273990892781726, 2.2690498111112833) negT=8 pct_nonpos=0.0240\n"}
,{"stream_name":"stdout","time":25.960911477,"data":"[accuracy/noboolq/530M] lambda=1.54776 wild_theta=(1.2624707420991121, 1.7924798801972535) config_pct=(0.708756103990475, 2.088064975092548) ct_log=(1.2245467790532882, 1.9562891699351803) wild_log=(1.2705823559775324, 1.7546414184534649) negT=10 pct_nonpos=0.0136\n"}
,{"stream_name":"stdout","time":25.980940381,"data":"[accuracy/noboolq/750M] lambda=1.59444 wild_theta=(1.3407602974969386, 1.811495421145587) config_pct=(1.335570979736136, 1.8077011880600524) ct_log=(1.3814766812654717, 1.8402215231707935) wild_log=(1.3511379293420922, 1.8047804945331125) negT=3 pct_nonpos=0.0000\n"}
,{"stream_name":"stdout","time":25.999095397,"data":"[accuracy/noboolq/1B] lambda=1.22182 wild_theta=(0.4290809575734661, 1.6740799184966333) config_pct=(0.48049880644130466, 1.5487315002193218) ct_log=(0.832906026980016, 1.7923230062138242) wild_log=(0.7043154144285094, 1.5851916170836597) negT=10 pct_nonpos=0.0090\n"}
,{"stream_name":"stdout","time":25.999215634,"data":"[check] margin: all 1.243950 vs 1.243949911719114 | 1B 1.14898 vs 1.14898\n"}
,{"stream_name":"stdout","time":25.999222828,"data":"[check] accuracy: all 1.078373 vs 1.078 | 1B 1.20454 vs 1.20454\n"}
,{"stream_name":"stdout","time":26.005041386,"data":"[done] 21s\n"}
,{"stream_name":"stderr","time":29.38847631,"data":"/usr/local/lib/python3.12/dist-packages/mistune.py:435: SyntaxWarning: invalid escape sequence '\\|'\n"}
,{"stream_name":"stderr","time":29.388547532,"data":"  cells[i][c] = re.sub('\\\\\\\\\\|', '|', cell)\n"}
,{"stream_name":"stderr","time":29.831798501,"data":"/usr/local/lib/python3.12/dist-packages/nbconvert/filters/filter_links.py:36: SyntaxWarning: invalid escape sequence '\\_'\n"}
,{"stream_name":"stderr","time":29.831974216,"data":"  text = re.sub(r'_', '\\_', text) # Escape underscores in display text\n"}
,{"stream_name":"stderr","time":31.034441725,"data":"[NbConvertApp] Converting notebook __script__.ipynb to html\n"}
,{"stream_name":"stderr","time":33.12139539,"data":"[NbConvertApp] Writing 323016 bytes to __results__.html\n"}
]