[{"stream_name":"stdout","time":0.991234214,"data":"[env] python 3.12.13 (main, Mar  4 2026, 09:23:07) [GCC 11.4.0] Linux-6.12.90+-x86_64-with-glibc2.35\n"}
,{"stream_name":"stdout","time":22.96927689,"data":"[base] {\"n_config\": 125, \"n_runs_read\": 375, \"dropped_cells\": [], \"recipes\": [\"Falcon-with-cc-top-orig-10p\", \"Falcon-with-cc-top-tulu-10p\", \"c4\", \"dclm-baseline\", \"dclm-baseline-25p-dolma1.7-75p\", \"dclm-baseline-50p-dolma1.7-50p\", \"dclm-baseline-75p-dolma1.7-25p\", \"dclm-baseline-top-10p\", \"dclm-baseline-top-20p\", \"dclm-baseline-top-fw-10p\", \"dclm-baseline-top-fw-3p\", \"dclm-baseline-top-fw2-7p\", \"dclm-baseline-top-fw3-7p\", \"dolma1.6++\", \"dolma1.7\", \"dolma1.7-no-code\", \"dolma1.7-no-flan\", \"dolma1.7-no-math-no-code\", \"dolma1.7-no-reddit\", \"falcon\", \"falcon-with-cc\", \"falcon-with-cc-top-10p\", \"falcon-with-cc-top-20p\", \"fineweb-edu\", \"fineweb-pro\"], \"sizes\": [\"150M\", \"300M\", \"530M\", \"750M\", \"1B\"], \"half_A_items\": 18840, \"half_B_items\": 18842, \"split_seed\": 20260101}\n"}
,{"stream_name":"stdout","time":56.651995818,"data":"[margin/seed 0] {\"seed\": 0, \"wild_coverage\": 0.939, \"cluster_t_coverage\": 0.894, \"wild_below_null\": 0.042, \"seconds\": 33.68254804611206}\n"}
,{"stream_name":"stdout","time":89.85616953,"data":"[margin/seed 1] {\"seed\": 1, \"wild_coverage\": 0.928, \"cluster_t_coverage\": 0.88, \"wild_below_null\": 0.041, \"seconds\": 33.20413541793823}\n"}
,{"stream_name":"stdout","time":123.166864221,"data":"[margin/seed 2] {\"seed\": 2, \"wild_coverage\": 0.942, \"cluster_t_coverage\": 0.897, \"wild_below_null\": 0.043, \"seconds\": 33.31060600280762}\n"}
,{"stream_name":"stdout","time":156.566619255,"data":"[margin/seed 3] {\"seed\": 3, \"wild_coverage\": 0.938, \"cluster_t_coverage\": 0.886, \"wild_below_null\": 0.032, \"seconds\": 33.39960026741028}\n"}
,{"stream_name":"stdout","time":189.628957681,"data":"[margin/seed 4] {\"seed\": 4, \"wild_coverage\": 0.929, \"cluster_t_coverage\": 0.892, \"wild_below_null\": 0.048, \"seconds\": 33.06223440170288}\n"}
,{"stream_name":"stdout","time":222.675528873,"data":"[margin/seed 5] {\"seed\": 5, \"wild_coverage\": 0.94, \"cluster_t_coverage\": 0.906, \"wild_below_null\": 0.035, \"seconds\": 33.046510219573975}\n"}
,{"stream_name":"stdout","time":255.855455158,"data":"[margin/seed 6] {\"seed\": 6, \"wild_coverage\": 0.915, \"cluster_t_coverage\": 0.851, \"wild_below_null\": 0.052, \"seconds\": 33.1797513961792}\n"}
,{"stream_name":"stdout","time":288.881396605,"data":"[margin/seed 7] {\"seed\": 7, \"wild_coverage\": 0.926, \"cluster_t_coverage\": 0.881, \"wild_below_null\": 0.047, \"seconds\": 33.02594470977783}\n"}
,{"stream_name":"stdout","time":322.400761773,"data":"[margin/seed 8] {\"seed\": 8, \"wild_coverage\": 0.919, \"cluster_t_coverage\": 0.875, \"wild_below_null\": 0.051, \"seconds\": 33.51915979385376}\n"}
,{"stream_name":"stdout","time":355.750119388,"data":"[margin/seed 9] {\"seed\": 9, \"wild_coverage\": 0.937, \"cluster_t_coverage\": 0.895, \"wild_below_null\": 0.035, \"seconds\": 33.34930348396301}\n"}
,{"stream_name":"stdout","time":355.750622183,"data":"[margin] {\"wild_coverage\": {\"mean\": 0.9312999999999999, \"sd\": 0.00935770627166006, \"min\": 0.915, \"max\": 0.942, \"record\": 0.925, \"record_inside_range\": true, \"z_against_record\": 2.12897783716459}, \"cluster_t_coverage\": {\"mean\": 0.8856999999999999, \"sd\": 0.015304683379061905, \"min\": 0.851, \"max\": 0.906, \"record\": 0.881, \"record_inside_range\": true, \"z_against_record\": 0.9711213642697492}}\n"}
,{"stream_name":"stdout","time":388.677891163,"data":"[accuracy/seed 0] {\"seed\": 0, \"wild_coverage\": 0.941, \"cluster_t_coverage\": 0.927, \"wild_below_null\": 0.034, \"seconds\": 32.92701745033264}\n"}
,{"stream_name":"stdout","time":421.405010524,"data":"[accuracy/seed 1] {\"seed\": 1, \"wild_coverage\": 0.942, \"cluster_t_coverage\": 0.926, \"wild_below_null\": 0.032, \"seconds\": 32.7270143032074}\n"}
,{"stream_name":"stdout","time":454.399522632,"data":"[accuracy/seed 2] {\"seed\": 2, \"wild_coverage\": 0.959, \"cluster_t_coverage\": 0.942, \"wild_below_null\": 0.028, \"seconds\": 32.99433088302612}\n"}
,{"stream_name":"stdout","time":487.194680677,"data":"[accuracy/seed 3] {\"seed\": 3, \"wild_coverage\": 0.94, \"cluster_t_coverage\": 0.927, \"wild_below_null\": 0.038, \"seconds\": 32.79514837265015}\n"}
,{"stream_name":"stdout","time":520.097015356,"data":"[accuracy/seed 4] {\"seed\": 4, \"wild_coverage\": 0.935, \"cluster_t_coverage\": 0.921, \"wild_below_null\": 0.04, \"seconds\": 32.90219020843506}\n"}
,{"stream_name":"stdout","time":553.081659654,"data":"[accuracy/seed 5] {\"seed\": 5, \"wild_coverage\": 0.94, \"cluster_t_coverage\": 0.932, \"wild_below_null\": 0.038, \"seconds\": 32.984533071517944}\n"}
,{"stream_name":"stdout","time":586.196816346,"data":"[accuracy/seed 6] {\"seed\": 6, \"wild_coverage\": 0.957, \"cluster_t_coverage\": 0.947, \"wild_below_null\": 0.025, \"seconds\": 33.115140438079834}\n"}
,{"stream_name":"stdout","time":618.939360468,"data":"[accuracy/seed 7] {\"seed\": 7, \"wild_coverage\": 0.95, \"cluster_t_coverage\": 0.934, \"wild_below_null\": 0.032, \"seconds\": 32.74235486984253}\n"}
,{"stream_name":"stdout","time":652.051345794,"data":"[accuracy/seed 8] {\"seed\": 8, \"wild_coverage\": 0.925, \"cluster_t_coverage\": 0.915, \"wild_below_null\": 0.055, \"seconds\": 33.11191534996033}\n"}
,{"stream_name":"stdout","time":685.121155517,"data":"[accuracy/seed 9] {\"seed\": 9, \"wild_coverage\": 0.95, \"cluster_t_coverage\": 0.942, \"wild_below_null\": 0.034, \"seconds\": 33.06966805458069}\n"}
,{"stream_name":"stdout","time":685.12139558,"data":"[accuracy] {\"wild_coverage\": {\"mean\": 0.9439, \"sd\": 0.010289692793168185, \"min\": 0.925, \"max\": 0.959, \"record\": 0.954, \"record_inside_range\": true, \"z_against_record\": -3.10398036265052}, \"cluster_t_coverage\": {\"mean\": 0.9313, \"sd\": 0.010111050060865715, \"min\": 0.915, \"max\": 0.947, \"record\": 0.941, \"record_inside_range\": true, \"z_against_record\": -3.0337198529315486}}\n"}
,{"stream_name":"stdout","time":685.144150965,"data":"[done] 684s\n"}
,{"stream_name":"stderr","time":687.797325795,"data":"/usr/local/lib/python3.12/dist-packages/mistune.py:435: SyntaxWarning: invalid escape sequence '\\|'\n"}
,{"stream_name":"stderr","time":687.797363958,"data":"  cells[i][c] = re.sub('\\\\\\\\\\|', '|', cell)\n"}
,{"stream_name":"stderr","time":688.08483749,"data":"/usr/local/lib/python3.12/dist-packages/nbconvert/filters/filter_links.py:36: SyntaxWarning: invalid escape sequence '\\_'\n"}
,{"stream_name":"stderr","time":688.084867394,"data":"  text = re.sub(r'_', '\\_', text) # Escape underscores in display text\n"}
,{"stream_name":"stderr","time":688.967464604,"data":"[NbConvertApp] Converting notebook __script__.ipynb to html\n"}
,{"stream_name":"stderr","time":690.515684889,"data":"[NbConvertApp] Writing 297473 bytes to __results__.html\n"}
]